05-02 13:28:56.058  4231  4231 D ImsPhoneCallTracker: [0] Ignore data disabled - carrier policy indicates that data is not metered for ViLTE calls.
05-02 13:28:56.091  4532  4839 D TelephonyManager: getCellLocationBySubId - caller PID:4532, UID: 1000, TID: 4839
05-02 13:28:56.098  4532  4839 I chatty  : uid=1000(system) ImsServiceStub identical 1 line
05-02 13:28:56.107  4532  4839 D TelephonyManager: getCellLocationBySubId - caller PID:4532, UID: 1000, TID: 4839
05-02 13:28:56.129  4231  4248 D RILJ    : [1234]< DEACTIVATE_DATA_CALL  [SUB0]
05-02 13:28:56.129  4231  4652 D DataServiceManager: onDeactivateDataCallComplete. resultCode = 0
05-02 13:28:56.129  4231  4260 D DC-2    : DcDisconnectingState msg.what=EVENT_DEACTIVATE_DONE RefCount=0
05-02 13:28:56.130  4231  4260 D DC-2    : DcInactiveState: setEnterNotificationParams dp
05-02 13:28:56.130  4231  4260 D DC-2    : DcInactiveState: enter() mTag=35
05-02 13:28:56.130  4231  4260 D DC-2    : DcInactiveState: enter notifyDisconnectCompleted +ALL failCause=NONE
05-02 13:28:56.130  4231  4260 D DC-2    : NotifyDisconnectCompleted
05-02 13:28:56.130  4231  4260 D DC-2    : msg={ when=-1d3h15m33s880ms what=270351 obj=Pair{{mApnType=default mState=DISCONNECTING mWaitingApns={[[ApnSettingV5] MCCI Internet, 4252, 43211, mcinet, , http://192.168.193.134:38090/was, 192.168.194.73, 8080, , 1, default | supl | mms, IP, IP, true, 0, 0, 0, false, 20, 0, 300, 0, , , false, 0, 0]} mApnSetting={[ApnSettingV5] MCCI Internet, 4252, 43211, mcinet, , http://192.168.193.134:38090/was, 192.168.194.73, 8080, , 1, default | supl | mms, IP, IP, true, 0, 0, 0, false, 20, 0, 300, 0, , , false, 0, 0} mReason=specificDisabled mDataEnabled=true mDependencyMet=true} 17} target=com.android.internal.telephony.dataconnection.DcTracker } msg.obj=<no-reason>
05-02 13:28:56.130  4231  4231 D DCT-0/1 : DataConnectionTracker.handleMessage: EVENT_DISCONNECT_DONE msg={ when=0 what=270351 obj=android.os.AsyncResult@5412ddc target=com.android.internal.telephony.dataconnection.DcTracker }
05-02 13:28:56.130  4231  4260 D DC-2    : NotifyDisconnectCompleted DisconnectParams={mTag=34 mApnContext={mApnType=default mState=DISCONNECTING mWaitingApns={[[ApnSettingV5] MCCI Internet, 4252, 43211, mcinet, , http://192.168.193.134:38090/was, 192.168.194.73, 8080, , 1, default | supl | mms, IP, IP, true, 0, 0, 0, false, 20, 0, 300, 0, , , false, 0, 0]} mApnSetting={[ApnSettingV5] MCCI Internet, 4252, 43211, mcinet, , http://192.168.193.134:38090/was, 192.168.194.73, 8080, , 1, default | supl | mms, IP, IP, true, 0, 0, 0, false, 20, 0, 300, 0, , , false, 0, 0} mReason=specificDisabled mDataEnabled=true mDependencyMet=true} mReason=specificDisabled mOnCompletedMsg=null}
05-02 13:28:56.130  4231  4260 D DC-2    : clearSettings
05-02 13:28:56.131  4231  4231 D DCT-0/1 : getValidApnContext (onDisconnectDone) on {mApnType=default mState=DISCONNECTING mWaitingApns={[[ApnSettingV5] MCCI Internet, 4252, 43211, mcinet, , http://192.168.193.134:38090/was, 192.168.194.73, 8080, , 1, default | supl | mms, IP, IP, true, 0, 0, 0, false, 20, 0, 300, 0, , , false, 0, 0]} mApnSetting={[ApnSettingV5] MCCI Internet, 4252, 43211, mcinet, , http://192.168.193.134:38090/was, 192.168.194.73, 8080, , 1, default | supl | mms, IP, IP, true, 0, 0, 0, false, 20, 0, 300, 0, , , false, 0, 0} mReason=specificDisabled mDataEnabled=true mDependencyMet=true} got 17 vs 17
05-02 13:28:56.131  4231  4231 D DCT-0/1 : onDisconnectDone: EVENT_DISCONNECT_DONE apnContext={mApnType=default mState=DISCONNECTING mWaitingApns={[[ApnSettingV5] MCCI Internet, 4252, 43211, mcinet, , http://192.168.193.134:38090/was, 192.168.194.73, 8080, , 1, default | supl | mms, IP, IP, true, 0, 0, 0, false, 20, 0, 300, 0, , , false, 0, 0]} mApnSetting={[ApnSettingV5] MCCI Internet, 4252, 43211, mcinet, , http://192.168.193.134:38090/was, 192.168.194.73, 8080, , 1, default | supl | mms, IP, IP, true, 0, 0, 0, false, 20, 0, 300, 0, , , false, 0, 0} mReason=specificDisabled mDataEnabled=true mDependencyMet=true}
05-02 13:28:56.131  4231  4248 D RILJ    : Unsol response received; Sending ack to ril.cpp [SUB0]
05-02 13:28:56.131  4231  4248 D RILJ    : [UNSL]< UNSOL_DATA_CALL_LIST_CHANGED [{.status = NONE, .suggestedRetryTime = -1, .cid = 2, .active = 2, .type = IP, .ifname = rmnet1, .addresses = 30.9.132.217/24, .dnses = 0.0.0.0 0.0.0.0, .gateways = 30.9.132.1, .pcscf = 10.176.21.129 10.172.21.129, .mtu = 1500}] [SUB0]
05-02 13:28:56.132  4231  4231 D GsmCdmaPhone: [0] getDataConnectionState apnType=default ret=DISCONNECTED
05-02 13:28:56.132  4231  4260 D DC-1    : getNetworkCapabilities(): UserDataEnalbe - false, IsAllowInternetCapability=false
05-02 13:28:56.132  4231  4260 D DC-1    : isOnlyMMSConnected() = false
05-02 13:28:56.132  4231  4231 D DefaultPhoneNotifier: subId = 3, DDS = 3
05-02 13:28:56.133  4231  4260 D DC-1    : getNetworkCapabilities: [ Transports: CELLULAR Capabilities: IMS&NOT_METERED&NOT_RESTRICTED&TRUSTED&NOT_VPN Unwanted: ]
05-02 13:28:56.133  4231  4260 D Dcc     : onDataStateChanged: dcsList=[DataCallResponse: { status=0 retry=-1 cid=2 active=2 type=IP ifname=rmnet1 addresses=[30.9.132.217/24] dnses=[/0.0.0.0, /0.0.0.0] gateways=[/30.9.132.1] pcscf=[10.176.21.129, 10.172.21.129] mtu=1500}] dcListActiveByCid={2={DC-1: State=DcActiveState mApnSetting=[ApnSettingV5] MCCI IMS, 4253, 43211, ims, , , , , , 1, ims, IPV4V6, IP, true, 0, 0, 0, false, 20, 0, 300, 0, , , false, 0, 0 RefCount=1 mCid=2 mCreateTime=-1 mLastastFailTime=-1 mLastFailCause=NONE mTag=20 mLinkProperties={InterfaceName: rmnet1 LinkAddresses: [30.9.132.217/24,]  Routes: [0.0.0.0/0 -> 30.9.132.1 rmnet1,] DnsAddresses: [] UsePrivateDns: false PrivateDnsServerName: null PcscfAddresses: [10.176.21.129,10.172.21.129,] Domains: null MTU: 1500 TcpBufferSizes: 1048576,3145728,4194304,524288,1572864,2097152} linkCapabilities=[ Transports: CELLULAR Capabilities: IMS&NOT_METERED&TRUSTED&NOT_VPN&NOT_ROAMING&NOT_CONGESTED Unwanted:  LinkUpBandwidth>=51200Kbps LinkDnBandwidth>=102400Kbps Specifier: <3>] mRestrictedNetworkOverride=false mApnContexts={{mApnType=ims mState=CONNECTED mWaitingApns={[[ApnSettingV5] MCCI IMS, 4253, 43211, ims, , , , , , 1, ims, IPV4V6, IP, true, 0, 0, 0, false, 20, 0, 300, 0, , , false, 0, 0]} mApnSetting={[ApnSettingV5] MCCI IMS, 4253, 43211, ims, , , , , , 1, ims, IPV4V6, IP, true, 0, 0, 0, false, 20, 0, 300, 0, , , false, 0, 0} mReason=connected mDataEnabled=true mDependencyMet=true}={mTag=20 mApnContext={mApnType=ims mState=CONNECTED mWaitingApns={[[ApnSettingV5] MCCI IMS, 4253, 43211, ims, , , , , , 1, ims, IPV4V6, IP, true, 0, 0, 0, false, 20, 0, 300, 0, , , false, 0, 0]} mApnSetting={[ApnSettingV5] MCCI IMS, 4253, 43211, ims, , , , , , 1, ims, IPV4V6, IP, true, 0, 0, 0, false, 20, 0, 300, 0, , , false, 0, 0} mReason=connected mDataEnabled=true mDependencyMet=true} mProfileId=2 mRat=14 mOnCompletedMsg={what=0x42000 when=-1d3h15m33s882ms obj=Pair{{mApnType=ims mState=CONNECTED mWaitingApns={[[ApnSettingV5] MCCI IMS, 4253, 43211, ims, , , , , , 1, ims, IPV4V6, IP, true, 0, 0, 0, false, 20, 0, 300, 0, , , false, 0, 0]} mApnSetting={[ApnSettingV5] MCCI IMS, 4253, 43211, ims, , , , , , 1, ims, IPV4V6, IP, true, 0, 0, 0, false, 20, 0, 300, 0, , , false, 0, 0} mReason=connected mDataEnabled=true mDependencyMet=true} 10} target=Handler (com.android.internal.telephony.dataconnection.DcTracker) {362f8f9} replyTo=null}}}}}
05-02 13:28:56.133  4231  4260 D Dcc     : onDataStateChanged: dcsToRetry=[]
05-02 13:28:56.133  4231  4260 D Dcc     : onDataStateChanged: Found ConnId=2 newState=DataCallResponse: { status=0 retry=-1 cid=2 active=2 type=IP ifname=rmnet1 addresses=[30.9.132.217/24] dnses=[/0.0.0.0, /0.0.0.0] gateways=[/30.9.132.1] pcscf=[10.176.21.129, 10.172.21.129] mtu=1500}
05-02 13:28:56.133  4231  4260 D DC-1    : addr/pl=/30.9.132.217/24
05-02 13:28:56.133  4231  4260 D Dcc     : onDataStateChanged: no change
05-02 13:28:56.134  4231  4260 D Dcc     : onDataStateChanged: Data Activity updated to NONE. isAnyDataCallActive = true isAnyDataCallDormant = false
05-02 13:28:56.134  4231  4260 D Dcc     : onDataStateChanged: dcsToRetry=[] apnsToCleanup=[]
05-02 13:28:56.134  4231  4260 D DC-1    : DcActiveState not handled msg.what=EVENT_DATA_CONNECTION_STATE_CHANGED
05-02 13:28:56.134  4231  4260 D DC-1    : DcDefault msg=EVENT_DATA_CONNECTION_STATE_CHANGED RefCount=1
05-02 13:28:56.134  4231  4260 D DC-1    : Ignore setDetailed state, default, old = CONNECTED and new state = DISCONNECTED, reason = specificDisabled, not Required: apnCnxt = {mApnType=default mState=IDLE mWaitingApns={[[ApnSettingV5] MCCI Internet, 4252, 43211, mcinet, , http://192.168.193.134:38090/was, 192.168.194.73, 8080, , 1, default | supl | mms, IP, IP, true, 0, 0, 0, false, 20, 0, 300, 0, , , false, 0, 0]} mApnSetting={[ApnSettingV5] MCCI Internet, 4252, 43211, mcinet, , http://192.168.193.134:38090/was, 192.168.194.73, 8080, , 1, default | supl | mms, IP, IP, true, 0, 0, 0, false, 20, 0, 300, 0, , , false, 0, 0} mReason=specificDisabled mDataEnabled=true mDependencyMet=true}, apnType = default
05-02 13:28:56.134  4231  4260 D DC-2    : DcInactiveState nothandled msg.what=EVENT_DATA_CONNECTION_STATE_CHANGED
05-02 13:28:56.134  4231  4260 D DC-2    : DcDefault msg=EVENT_DATA_CONNECTION_STATE_CHANGED RefCount=0
05-02 13:28:56.134  4231  4260 D DC-2    : Ignore setDetailed state, default, old = DISCONNECTED and new state = DISCONNECTED, reason = specificDisabled, not Required: apnCnxt = {mApnType=default mState=IDLE mWaitingApns={[[ApnSettingV5] MCCI Internet, 4252, 43211, mcinet, , http://192.168.193.134:38090/was, 192.168.194.73, 8080, , 1, default | supl | mms, IP, IP, true, 0, 0, 0, false, 20, 0, 300, 0, , , false, 0, 0]} mApnSetting={[ApnSettingV5] MCCI Internet, 4252, 43211, mcinet, , http://192.168.193.134:38090/was, 192.168.194.73, 8080, , 1, default | supl | mms, IP, IP, true, 0, 0, 0, false, 20, 0, 300, 0, , , false, 0, 0} mReason=specificDisabled mDataEnabled=true mDependencyMet=true}, apnType = default
05-02 13:28:56.134  4231  4231 D DCT-0/1 : isEmergency: result=false
05-02 13:28:56.136  3927  5333 D TelephonyRegistry: onDataConnectionStateChanged(subId=3 phoneId=0, specificDisabled, 0, 13)
05-02 13:28:56.141  4231  4590 D use-Rlog/RLOG-IMS-IIL: ImsCallManager2: onDataConnectionStateChanged(): state 0, networkType 13 old 13
05-02 13:28:56.143  4231  4551 D use-Rlog/RLOG-IMS-IIL: ImsCallManager: onDataConnectionStateChanged(): state 0, networkType 13 old 13
05-02 13:28:56.150  4231  4231 D DCT-0/1 : isOnlySingleDcAllowed(14): false
05-02 13:28:56.151  4231  4231 D DCT-0/1 : onDisconnectDone: attached, ready and retry after disconnect
05-02 13:28:56.151  4231  4231 D DCT-0/1 : startAlarmForReconnect: delay=3000 action=com.android.internal.telephony.data-reconnect.default apn={mApnType=default mState=IDLE mWaitingApns={[[ApnSettingV5] MCCI Internet, 4252, 43211, mcinet, , http://192.168.193.134:38090/was, 192.168.194.73, 8080, , 1, default | supl | mms, IP, IP, true, 0, 0, 0, false, 20, 0, 300, 0, , , false, 0, 0]} mApnSetting={[ApnSettingV5] MCCI Internet, 4252, 43211, mcinet, , http://192.168.193.134:38090/was, 192.168.194.73, 8080, , 1, default | supl | mms, IP, IP, true, 0, 0, 0, false, 20, 0, 300, 0, , , false, 0, 0} mReason=specificDisabled mDataEnabled=true mDependencyMet=true} subId =3
05-02 13:28:56.154  4231  4231 D DCT-0/1 : notifyDataDisconnectComplete
05-02 13:28:56.154  4231  4231 D DCT-0/1 : startNetStatPoll
05-02 13:28:56.163  4231  4231 D DCT-0/1 : getRecoveryAction: 0
05-02 13:28:56.163  4231  4231 D DCT-0/1 : startDataStallAlarm: tag=15650 delay=60s
05-02 13:28:56.166  4231  4231 D DCT-0/1 : setActivity = NONE
05-02 13:28:56.179  4231  4231 D TelephonyNetworkFactory[1]: new score 0 for exisiting request NetworkRequest [ REQUEST id=1, [ Capabilities: INTERNET&NOT_RESTRICTED&TRUSTED&NOT_VPN Unwanted: ] ]
05-02 13:28:56.179  4231  4231 D TelephonyNetworkFactory[1]:   my score=50, my filter=[ Transports: CELLULAR Capabilities: MMS&SUPL&DUN&FOTA&IMS&CBS&IA&RCS&XCAP&EIMS&INTERNET&NOT_RESTRICTED&TRUSTED&NOT_VPN&ENT1&FOC&MCX&BIP Unwanted:  Specifier: <2>]
05-02 13:28:56.179  4231  4231 D TelephonyNetworkFactory[1]: evalRequest
05-02 13:28:56.179  4231  4231 D TelephonyNetworkFactory[1]:   done
05-02 13:28:56.179  4231  4231 D TelephonyNetworkFactory[1]: new score 0 for exisiting request NetworkRequest [ TRACK_DEFAULT id=8, [ Capabilities: INTERNET&NOT_RESTRICTED&TRUSTED Unwanted:  Uid: 1000] ]
05-02 13:28:56.179  4231  4231 D TelephonyNetworkFactory[1]:   my score=50, my filter=[ Transports: CELLULAR Capabilities: MMS&SUPL&DUN&FOTA&IMS&CBS&IA&RCS&XCAP&EIMS&INTERNET&NOT_RESTRICTED&TRUSTED&NOT_VPN&ENT1&FOC&MCX&BIP Unwanted:  Specifier: <2>]
05-02 13:28:56.179  4231  4231 D TelephonyNetworkFactory[1]: evalRequest
05-02 13:28:56.179  4231  4231 D TelephonyNetworkFactory[1]:   done
05-02 13:28:56.179  4231  4231 D TelephonyNetworkFactory[1]: new score 0 for exisiting request NetworkRequest [ TRACK_DEFAULT id=11, [ Capabilities: INTERNET&NOT_RESTRICTED&TRUSTED Unwanted:  Uid: 10006] ]
05-02 13:28:56.179  4231  4231 D TelephonyNetworkFactory[1]:   my score=50, my filter=[ Transports: CELLULAR Capabilities: MMS&SUPL&DUN&FOTA&IMS&CBS&IA&RCS&XCAP&EIMS&INTERNET&NOT_RESTRICTED&TRUSTED&NOT_VPN&ENT1&FOC&MCX&BIP Unwanted:  Specifier: <2>]
05-02 13:28:56.180  4231  4231 D TelephonyNetworkFactory[1]: evalRequest
05-02 13:28:56.180  4231  4231 D TelephonyNetworkFactory[1]:   done
05-02 13:28:56.180  4231  4231 D TelephonyNetworkFactory[1]: new score 0 for exisiting request NetworkRequest [ TRACK_DEFAULT id=14, [ Capabilities: INTERNET&NOT_RESTRICTED&TRUSTED Unwanted:  Uid: 1000] ]
05-02 13:28:56.180  4231  4231 D TelephonyNetworkFactory[1]:   my score=50, my filter=[ Transports: CELLULAR Capabilities: MMS&SUPL&DUN&FOTA&IMS&CBS&IA&RCS&XCAP&EIMS&INTERNET&NOT_RESTRICTED&TRUSTED&NOT_VPN&ENT1&FOC&MCX&BIP Unwanted:  Specifier: <2>]
05-02 13:28:56.180  4231  4231 D TelephonyNetworkFactory[1]: evalRequest
05-02 13:28:56.180  4231  4231 D TelephonyNetworkFactory[1]:   done
05-02 13:28:56.180  4231  4231 D TelephonyNetworkFactory[1]: new score 0 for exisiting request NetworkRequest [ TRACK_DEFAULT id=18, [ Capabilities: INTERNET&NOT_RESTRICTED&TRUSTED Unwanted:  Uid: 10097] ]
05-02 13:28:56.180  4231  4231 D TelephonyNetworkFactory[1]:   my score=50, my filter=[ Transports: CELLULAR Capabilities: MMS&SUPL&DUN&FOTA&IMS&CBS&IA&RCS&XCAP&EIMS&INTERNET&NOT_RESTRICTED&TRUSTED&NOT_VPN&ENT1&FOC&MCX&BIP Unwanted:  Specifier: <2>]
05-02 13:28:56.180  4231  4231 D TelephonyNetworkFactory[1]: evalRequest
05-02 13:28:56.180  4231  4231 D TelephonyNetworkFactory[1]:   done
05-02 13:28:56.180  4231  4231 D TelephonyNetworkFactory[1]: new score 0 for exisiting request NetworkRequest [ TRACK_DEFAULT id=21, [ Capabilities: INTERNET&NOT_RESTRICTED&TRUSTED Unwanted:  Uid: 10097] ]
05-02 13:28:56.180  4231  4231 D TelephonyNetworkFactory[1]:   my score=50, my filter=[ Transports: CELLULAR Capabilities: MMS&SUPL&DUN&FOTA&IMS&CBS&IA&RCS&XCAP&EIMS&INTERNET&NOT_RESTRICTED&TRUSTED&NOT_VPN&ENT1&FOC&MCX&BIP Unwanted:  Specifier: <2>]
05-02 13:28:56.180  4231  4231 D TelephonyNetworkFactory[1]: evalRequest
05-02 13:28:56.180  4231  4231 D TelephonyNetworkFactory[1]:   done
05-02 13:28:56.180  4231  4231 D TelephonyNetworkFactory[1]: new score 0 for exisiting request NetworkRequest [ TRACK_DEFAULT id=34, [ Capabilities: INTERNET&NOT_RESTRICTED&TRUSTED Unwanted:  Uid: 10097] ]
05-02 13:28:56.180  4231  4231 D TelephonyNetworkFactory[1]:   my score=50, my filter=[ Transports: CELLULAR Capabilities: MMS&SUPL&DUN&FOTA&IMS&CBS&IA&RCS&XCAP&EIMS&INTERNET&NOT_RESTRICTED&TRUSTED&NOT_VPN&ENT1&FOC&MCX&BIP Unwanted:  Specifier: <2>]
05-02 13:28:56.180  4231  4231 D TelephonyNetworkFactory[1]: evalRequest
05-02 13:28:56.180  4231  4231 D TelephonyNetworkFactory[1]:   done
05-02 13:28:56.181  4231  4231 D TelephonyNetworkFactory[1]: new score 0 for exisiting request NetworkRequest [ TRACK_DEFAULT id=120, [ Capabilities: INTERNET&NOT_RESTRICTED&TRUSTED Unwanted:  Uid: 10097] ]
05-02 13:28:56.181  4231  4231 D TelephonyNetworkFactory[1]:   my score=50, my filter=[ Transports: CELLULAR Capabilities: MMS&SUPL&DUN&FOTA&IMS&CBS&IA&RCS&XCAP&EIMS&INTERNET&NOT_RESTRICTED&TRUSTED&NOT_VPN&ENT1&FOC&MCX&BIP Unwanted:  Specifier: <2>]
05-02 13:28:56.181  4231  4231 D TelephonyNetworkFactory[1]: evalRequest
05-02 13:28:56.181  4231  4231 D TelephonyNetworkFactory[1]:   done
05-02 13:28:56.181  4231  4231 D TelephonyNetworkFactory[1]: new score 0 for exisiting request NetworkRequest [ REQUEST id=1032, [ Capabilities: INTERNET&NOT_RESTRICTED&TRUSTED Unwanted:  Uid: 10029] ]
05-02 13:28:56.181  4231  4231 D TelephonyNetworkFactory[1]:   my score=50, my filter=[ Transports: CELLULAR Capabilities: MMS&SUPL&DUN&FOTA&IMS&CBS&IA&RCS&XCAP&EIMS&INTERNET&NOT_RESTRICTED&TRUSTED&NOT_VPN&ENT1&FOC&MCX&BIP Unwanted:  Specifier: <2>]
05-02 13:28:56.181  4231  4231 D TelephonyNetworkFactory[1]: evalRequest
05-02 13:28:56.181  4231  4231 D TelephonyNetworkFactory[1]:   done
05-02 13:28:56.181  4231  4231 D TelephonyNetworkFactory[1]: new score 0 for exisiting request NetworkRequest [ TRACK_DEFAULT id=1038, [ Capabilities: INTERNET&NOT_RESTRICTED&TRUSTED Unwanted:  Uid: 10029] ]
05-02 13:28:56.181  4231  4231 D TelephonyNetworkFactory[1]:   my score=50, my filter=[ Transports: CELLULAR Capabilities: MMS&SUPL&DUN&FOTA&IMS&CBS&IA&RCS&XCAP&EIMS&INTERNET&NOT_RESTRICTED&TRUSTED&NOT_VPN&ENT1&FOC&MCX&BIP Unwanted:  Specifier: <2>]
05-02 13:28:56.181  4231  4231 D TelephonyNetworkFactory[1]: evalRequest
05-02 13:28:56.181  4231  4231 D TelephonyNetworkFactory[1]:   done
05-02 13:28:56.181  4231  4231 D TelephonyNetworkFactory[1]: new score 0 for exisiting request NetworkRequest [ TRACK_DEFAULT id=1417, [ Capabilities: INTERNET&NOT_RESTRICTED&TRUSTED Unwanted:  Uid: 10197] ]
05-02 13:28:56.181  4231  4231 D TelephonyNetworkFactory[1]:   my score=50, my filter=[ Transports: CELLULAR Capabilities: MMS&SUPL&DUN&FOTA&IMS&CBS&IA&RCS&XCAP&EIMS&INTERNET&NOT_RESTRICTED&TRUSTED&NOT_VPN&ENT1&FOC&MCX&BIP Unwanted:  Specifier: <2>]
05-02 13:28:56.181  4231  4231 D TelephonyNetworkFactory[1]: evalRequest
05-02 13:28:56.181  4231  4231 D TelephonyNetworkFactory[1]:   done
05-02 13:28:56.181  4231  4231 D TelephonyNetworkFactory[1]: new score 0 for exisiting request NetworkRequest [ TRACK_DEFAULT id=1463, [ Capabilities: INTERNET&NOT_RESTRICTED&TRUSTED Unwanted:  Uid: 10209] ]
05-02 13:28:56.181  4231  4231 D TelephonyNetworkFactory[1]:   my score=50, my filter=[ Transports: CELLULAR Capabilities: MMS&SUPL&DUN&FOTA&IMS&CBS&IA&RCS&XCAP&EIMS&INTERNET&NOT_RESTRICTED&TRUSTED&NOT_VPN&ENT1&FOC&MCX&BIP Unwanted:  Specifier: <2>]
05-02 13:28:56.181  4231  4231 D TelephonyNetworkFactory[1]: evalRequest
05-02 13:28:56.181  4231  4231 D TelephonyNetworkFactory[1]:   done
05-02 13:28:56.182  4231  4231 D TelephonyNetworkFactory[1]: new score 0 for exisiting request NetworkRequest [ TRACK_DEFAULT id=1529, [ Capabilities: INTERNET&NOT_RESTRICTED&TRUSTED Unwanted:  Uid: 10057] ]
05-02 13:28:56.182  4231  4231 D TelephonyNetworkFactory[1]:   my score=50, my filter=[ Transports: CELLULAR Capabilities: MMS&SUPL&DUN&FOTA&IMS&CBS&IA&RCS&XCAP&EIMS&INTERNET&NOT_RESTRICTED&TRUSTED&NOT_VPN&ENT1&FOC&MCX&BIP Unwanted:  Specifier: <2>]
05-02 13:28:56.182  4231  4231 D TelephonyNetworkFactory[1]: evalRequest
05-02 13:28:56.182  4231  4231 D TelephonyNetworkFactory[1]:   done
05-02 13:28:56.182  4231  4231 D TelephonyNetworkFactory[1]: new score 0 for exisiting request NetworkRequest [ TRACK_DEFAULT id=1532, [ Capabilities: INTERNET&NOT_RESTRICTED&TRUSTED Unwanted:  Uid: 10057] ]
05-02 13:28:56.182  4231  4231 D TelephonyNetworkFactory[1]:   my score=50, my filter=[ Transports: CELLULAR Capabilities: MMS&SUPL&DUN&FOTA&IMS&CBS&IA&RCS&XCAP&EIMS&INTERNET&NOT_RESTRICTED&TRUSTED&NOT_VPN&ENT1&FOC&MCX&BIP Unwanted:  Specifier: <2>]
05-02 13:28:56.182  4231  4231 D TelephonyNetworkFactory[1]: evalRequest
05-02 13:28:56.182  4231  4231 D TelephonyNetworkFactory[1]:   done
05-02 13:28:56.182  4231  4231 D TelephonyNetworkFactory[0]: new score 0 for exisiting request NetworkRequest [ REQUEST id=1, [ Capabilities: INTERNET&NOT_RESTRICTED&TRUSTED&NOT_VPN Unwanted: ] ]
05-02 13:28:56.182  4231  4231 D TelephonyNetworkFactory[0]:   my score=50, my filter=[ Transports: CELLULAR Capabilities: MMS&SUPL&DUN&FOTA&IMS&CBS&IA&RCS&XCAP&EIMS&INTERNET&NOT_RESTRICTED&TRUSTED&NOT_VPN&ENT1&FOC&MCX&BIP Unwanted:  Specifier: <3>]
05-02 13:28:56.182  4231  4231 D TelephonyNetworkFactory[0]: evalRequest
05-02 13:28:56.182  4231  4231 D TelephonyNetworkFactory[0]:   done
05-02 13:28:56.182  4231  4231 D TelephonyNetworkFactory[1]: new score 0 for exisiting request NetworkRequest [ TRACK_DEFAULT id=1533, [ Capabilities: INTERNET&NOT_RESTRICTED&TRUSTED Unwanted:  Uid: 10212] ]
05-02 13:28:56.182  4231  4231 D TelephonyNetworkFactory[1]:   my score=50, my filter=[ Transports: CELLULAR Capabilities: MMS&SUPL&DUN&FOTA&IMS&CBS&IA&RCS&XCAP&EIMS&INTERNET&NOT_RESTRICTED&TRUSTED&NOT_VPN&ENT1&FOC&MCX&BIP Unwanted:  Specifier: <2>]
05-02 13:28:56.182  4231  4231 D TelephonyNetworkFactory[1]: evalRequest
05-02 13:28:56.182  4231  4231 D TelephonyNetworkFactory[1]:   done
05-02 13:28:56.182  4231  4231 D TelephonyNetworkFactory[0]: new score 0 for exisiting request NetworkRequest [ TRACK_DEFAULT id=8, [ Capabilities: INTERNET&NOT_RESTRICTED&TRUSTED Unwanted:  Uid: 1000] ]
05-02 13:28:56.182  4231  4231 D TelephonyNetworkFactory[0]:   my score=50, my filter=[ Transports: CELLULAR Capabilities: MMS&SUPL&DUN&FOTA&IMS&CBS&IA&RCS&XCAP&EIMS&INTERNET&NOT_RESTRICTED&TRUSTED&NOT_VPN&ENT1&FOC&MCX&BIP Unwanted:  Specifier: <3>]
05-02 13:28:56.182  4231  4231 D TelephonyNetworkFactory[0]: evalRequest
05-02 13:28:56.182  4231  4231 D TelephonyNetworkFactory[0]:   done
05-02 13:28:56.182  4231  4231 D TelephonyNetworkFactory[0]: new score 0 for exisiting request NetworkRequest [ TRACK_DEFAULT id=11, [ Capabilities: INTERNET&NOT_RESTRICTED&TRUSTED Unwanted:  Uid: 10006] ]
05-02 13:28:56.182  4231  4231 D TelephonyNetworkFactory[0]:   my score=50, my filter=[ Transports: CELLULAR Capabilities: MMS&SUPL&DUN&FOTA&IMS&CBS&IA&RCS&XCAP&EIMS&INTERNET&NOT_RESTRICTED&TRUSTED&NOT_VPN&ENT1&FOC&MCX&BIP Unwanted:  Specifier: <3>]
05-02 13:28:56.182  4231  4231 D TelephonyNetworkFactory[0]: evalRequest
05-02 13:28:56.182  4231  4231 D TelephonyNetworkFactory[0]:   done
05-02 13:28:56.182  4231  4231 D TelephonyNetworkFactory[0]: new score 0 for exisiting request NetworkRequest [ TRACK_DEFAULT id=14, [ Capabilities: INTERNET&NOT_RESTRICTED&TRUSTED Unwanted:  Uid: 1000] ]
05-02 13:28:56.182  4231  4231 D TelephonyNetworkFactory[0]:   my score=50, my filter=[ Transports: CELLULAR Capabilities: MMS&SUPL&DUN&FOTA&IMS&CBS&IA&RCS&XCAP&EIMS&INTERNET&NOT_RESTRICTED&TRUSTED&NOT_VPN&ENT1&FOC&MCX&BIP Unwanted:  Specifier: <3>]
05-02 13:28:56.182  4231  4231 D TelephonyNetworkFactory[0]: evalRequest
05-02 13:28:56.182  4231  4231 D TelephonyNetworkFactory[0]:   done
05-02 13:28:56.182  4231  4231 D TelephonyNetworkFactory[0]: new score 0 for exisiting request NetworkRequest [ TRACK_DEFAULT id=18, [ Capabilities: INTERNET&NOT_RESTRICTED&TRUSTED Unwanted:  Uid: 10097] ]
05-02 13:28:56.183  4231  4231 D TelephonyNetworkFactory[0]:   my score=50, my filter=[ Transports: CELLULAR Capabilities: MMS&SUPL&DUN&FOTA&IMS&CBS&IA&RCS&XCAP&EIMS&INTERNET&NOT_RESTRICTED&TRUSTED&NOT_VPN&ENT1&FOC&MCX&BIP Unwanted:  Specifier: <3>]
05-02 13:28:56.183  4231  4231 D TelephonyNetworkFactory[0]: evalRequest
05-02 13:28:56.183  4231  4231 D TelephonyNetworkFactory[0]:   done
05-02 13:28:56.183  4231  4231 D TelephonyNetworkFactory[0]: new score 0 for exisiting request NetworkRequest [ TRACK_DEFAULT id=21, [ Capabilities: INTERNET&NOT_RESTRICTED&TRUSTED Unwanted:  Uid: 10097] ]
05-02 13:28:56.183  4231  4231 D TelephonyNetworkFactory[0]:   my score=50, my filter=[ Transports: CELLULAR Capabilities: MMS&SUPL&DUN&FOTA&IMS&CBS&IA&RCS&XCAP&EIMS&INTERNET&NOT_RESTRICTED&TRUSTED&NOT_VPN&ENT1&FOC&MCX&BIP Unwanted:  Specifier: <3>]
05-02 13:28:56.183  4231  4231 D TelephonyNetworkFactory[0]: evalRequest
05-02 13:28:56.183  4231  4231 D TelephonyNetworkFactory[0]:   done
05-02 13:28:56.183  4231  4231 D TelephonyNetworkFactory[0]: new score 0 for exisiting request NetworkRequest [ TRACK_DEFAULT id=34, [ Capabilities: INTERNET&NOT_RESTRICTED&TRUSTED Unwanted:  Uid: 10097] ]
05-02 13:28:56.183  4231  4231 D TelephonyNetworkFactory[0]:   my score=50, my filter=[ Transports: CELLULAR Capabilities: MMS&SUPL&DUN&FOTA&IMS&CBS&IA&RCS&XCAP&EIMS&INTERNET&NOT_RESTRICTED&TRUSTED&NOT_VPN&ENT1&FOC&MCX&BIP Unwanted:  Specifier: <3>]
05-02 13:28:56.183  4231  4231 D TelephonyNetworkFactory[0]: evalRequest
05-02 13:28:56.183  4231  4231 D TelephonyNetworkFactory[0]:   done
05-02 13:28:56.183  4231  4231 D TelephonyNetworkFactory[0]: new score 0 for exisiting request NetworkRequest [ TRACK_DEFAULT id=120, [ Capabilities: INTERNET&NOT_RESTRICTED&TRUSTED Unwanted:  Uid: 10097] ]
05-02 13:28:56.183  4231  4231 D TelephonyNetworkFactory[0]:   my score=50, my filter=[ Transports: CELLULAR Capabilities: MMS&SUPL&DUN&FOTA&IMS&CBS&IA&RCS&XCAP&EIMS&INTERNET&NOT_RESTRICTED&TRUSTED&NOT_VPN&ENT1&FOC&MCX&BIP Unwanted:  Specifier: <3>]
05-02 13:28:56.183  4231  4231 D TelephonyNetworkFactory[0]: evalRequest
05-02 13:28:56.183  4231  4231 D TelephonyNetworkFactory[0]:   done
05-02 13:28:56.183  4231  4231 D TelephonyNetworkFactory[0]: new score 0 for exisiting request NetworkRequest [ REQUEST id=1032, [ Capabilities: INTERNET&NOT_RESTRICTED&TRUSTED Unwanted:  Uid: 10029] ]
05-02 13:28:56.183  4231  4231 D TelephonyNetworkFactory[0]:   my score=50, my filter=[ Transports: CELLULAR Capabilities: MMS&SUPL&DUN&FOTA&IMS&CBS&IA&RCS&XCAP&EIMS&INTERNET&NOT_RESTRICTED&TRUSTED&NOT_VPN&ENT1&FOC&MCX&BIP Unwanted:  Specifier: <3>]
05-02 13:28:56.183  4231  4231 D TelephonyNetworkFactory[0]: evalRequest
05-02 13:28:56.183  4231  4231 D TelephonyNetworkFactory[0]:   done
05-02 13:28:56.183  4231  4231 D TelephonyNetworkFactory[1]: new score 0 for exisiting request NetworkRequest [ REQUEST id=1535, [ Transports: CELLULAR Capabilities: INTERNET&NOT_RESTRICTED&TRUSTED&NOT_VPN Unwanted:  Uid: 10212] ]
05-02 13:28:56.183  4231  4231 D TelephonyNetworkFactory[1]:   my score=50, my filter=[ Transports: CELLULAR Capabilities: MMS&SUPL&DUN&FOTA&IMS&CBS&IA&RCS&XCAP&EIMS&INTERNET&NOT_RESTRICTED&TRUSTED&NOT_VPN&ENT1&FOC&MCX&BIP Unwanted:  Specifier: <2>]
05-02 13:28:56.183  4231  4231 D TelephonyNetworkFactory[1]: evalRequest
05-02 13:28:56.183  4231  4231 D TelephonyNetworkFactory[1]:   done
05-02 13:28:56.183  4231  4231 D TelephonyNetworkFactory[0]: new score 0 for exisiting request NetworkRequest [ TRACK_DEFAULT id=1038, [ Capabilities: INTERNET&NOT_RESTRICTED&TRUSTED Unwanted:  Uid: 10029] ]
05-02 13:28:56.183  4231  4231 D TelephonyNetworkFactory[0]:   my score=50, my filter=[ Transports: CELLULAR Capabilities: MMS&SUPL&DUN&FOTA&IMS&CBS&IA&RCS&XCAP&EIMS&INTERNET&NOT_RESTRICTED&TRUSTED&NOT_VPN&ENT1&FOC&MCX&BIP Unwanted:  Specifier: <3>]
05-02 13:28:56.183  4231  4231 D TelephonyNetworkFactory[0]: evalRequest
05-02 13:28:56.183  4231  4231 D TelephonyNetworkFactory[0]:   done
05-02 13:28:56.183  4231  4231 D TelephonyNetworkFactory[0]: new score 0 for exisiting request NetworkRequest [ TRACK_DEFAULT id=1417, [ Capabilities: INTERNET&NOT_RESTRICTED&TRUSTED Unwanted:  Uid: 10197] ]
05-02 13:28:56.183  4231  4231 D TelephonyNetworkFactory[0]:   my score=50, my filter=[ Transports: CELLULAR Capabilities: MMS&SUPL&DUN&FOTA&IMS&CBS&IA&RCS&XCAP&EIMS&INTERNET&NOT_RESTRICTED&TRUSTED&NOT_VPN&ENT1&FOC&MCX&BIP Unwanted:  Specifier: <3>]
05-02 13:28:56.183  4231  4231 D TelephonyNetworkFactory[0]: evalRequest
05-02 13:28:56.183  4231  4231 D TelephonyNetworkFactory[0]:   done
05-02 13:28:56.184  4231  4231 D TelephonyNetworkFactory[0]: new score 0 for exisiting request NetworkRequest [ TRACK_DEFAULT id=1463, [ Capabilities: INTERNET&NOT_RESTRICTED&TRUSTED Unwanted:  Uid: 10209] ]
05-02 13:28:56.184  4231  4231 D TelephonyNetworkFactory[0]:   my score=50, my filter=[ Transports: CELLULAR Capabilities: MMS&SUPL&DUN&FOTA&IMS&CBS&IA&RCS&XCAP&EIMS&INTERNET&NOT_RESTRICTED&TRUSTED&NOT_VPN&ENT1&FOC&MCX&BIP Unwanted:  Specifier: <3>]
05-02 13:28:56.184  4231  4231 D TelephonyNetworkFactory[0]: evalRequest
05-02 13:28:56.184  4231  4231 D TelephonyNetworkFactory[0]:   done
05-02 13:28:56.184  4231  4231 D TelephonyNetworkFactory[1]: new score 0 for exisiting request NetworkRequest [ TRACK_DEFAULT id=1536, [ Capabilities: INTERNET&NOT_RESTRICTED&TRUSTED Unwanted:  Uid: 10212] ]
05-02 13:28:56.184  4231  4231 D TelephonyNetworkFactory[1]:   my score=50, my filter=[ Transports: CELLULAR Capabilities: MMS&SUPL&DUN&FOTA&IMS&CBS&IA&RCS&XCAP&EIMS&INTERNET&NOT_RESTRICTED&TRUSTED&NOT_VPN&ENT1&FOC&MCX&BIP Unwanted:  Specifier: <2>]
05-02 13:28:56.184  4231  4231 D TelephonyNetworkFactory[1]: evalRequest
05-02 13:28:56.184  4231  4231 D TelephonyNetworkFactory[1]:   done
05-02 13:28:56.184  4231  4231 D TelephonyNetworkFactory[0]: new score 0 for exisiting request NetworkRequest [ TRACK_DEFAULT id=1529, [ Capabilities: INTERNET&NOT_RESTRICTED&TRUSTED Unwanted:  Uid: 10057] ]
05-02 13:28:56.184  4231  4231 D TelephonyNetworkFactory[0]:   my score=50, my filter=[ Transports: CELLULAR Capabilities: MMS&SUPL&DUN&FOTA&IMS&CBS&IA&RCS&XCAP&EIMS&INTERNET&NOT_RESTRICTED&TRUSTED&NOT_VPN&ENT1&FOC&MCX&BIP Unwanted:  Specifier: <3>]
05-02 13:28:56.184  4231  4231 D TelephonyNetworkFactory[0]: evalRequest
05-02 13:28:56.184  4231  4231 D TelephonyNetworkFactory[0]:   done
05-02 13:28:56.184  4231  4231 D TelephonyNetworkFactory[0]: new score 0 for exisiting request NetworkRequest [ TRACK_DEFAULT id=1532, [ Capabilities: INTERNET&NOT_RESTRICTED&TRUSTED Unwanted:  Uid: 10057] ]
05-02 13:28:56.184  4231  4231 D TelephonyNetworkFactory[0]:   my score=50, my filter=[ Transports: CELLULAR Capabilities: MMS&SUPL&DUN&FOTA&IMS&CBS&IA&RCS&XCAP&EIMS&INTERNET&NOT_RESTRICTED&TRUSTED&NOT_VPN&ENT1&FOC&MCX&BIP Unwanted:  Specifier: <3>]
05-02 13:28:56.184  4231  4231 D TelephonyNetworkFactory[0]: evalRequest
05-02 13:28:56.184  4231  4231 D TelephonyNetworkFactory[0]:   done
05-02 13:28:56.184  4231  4231 D TelephonyNetworkFactory[0]: new score 0 for exisiting request NetworkRequest [ TRACK_DEFAULT id=1533, [ Capabilities: INTERNET&NOT_RESTRICTED&TRUSTED Unwanted:  Uid: 10212] ]
05-02 13:28:56.184  4231  4231 D TelephonyNetworkFactory[0]:   my score=50, my filter=[ Transports: CELLULAR Capabilities: MMS&SUPL&DUN&FOTA&IMS&CBS&IA&RCS&XCAP&EIMS&INTERNET&NOT_RESTRICTED&TRUSTED&NOT_VPN&ENT1&FOC&MCX&BIP Unwanted:  Specifier: <3>]
05-02 13:28:56.184  4231  4231 D TelephonyNetworkFactory[0]: evalRequest
05-02 13:28:56.184  4231  4231 D TelephonyNetworkFactory[0]:   done
05-02 13:28:56.184  4231  4231 D TelephonyNetworkFactory[0]: new score 0 for exisiting request NetworkRequest [ REQUEST id=1535, [ Transports: CELLULAR Capabilities: INTERNET&NOT_RESTRICTED&TRUSTED&NOT_VPN Unwanted:  Uid: 10212] ]
05-02 13:28:56.185  4231  4231 D TelephonyNetworkFactory[0]:   my score=50, my filter=[ Transports: CELLULAR Capabilities: MMS&SUPL&DUN&FOTA&IMS&CBS&IA&RCS&XCAP&EIMS&INTERNET&NOT_RESTRICTED&TRUSTED&NOT_VPN&ENT1&FOC&MCX&BIP Unwanted:  Specifier: <3>]
05-02 13:28:56.185  4231  4231 D TelephonyNetworkFactory[0]: evalRequest
05-02 13:28:56.185  4231  4231 D TelephonyNetworkFactory[0]:   done
05-02 13:28:56.185  4231  4231 D TelephonyNetworkFactory[0]: new score 0 for exisiting request NetworkRequest [ TRACK_DEFAULT id=1536, [ Capabilities: INTERNET&NOT_RESTRICTED&TRUSTED Unwanted:  Uid: 10212] ]
05-02 13:28:56.185  4231  4231 D TelephonyNetworkFactory[0]:   my score=50, my filter=[ Transports: CELLULAR Capabilities: MMS&SUPL&DUN&FOTA&IMS&CBS&IA&RCS&XCAP&EIMS&INTERNET&NOT_RESTRICTED&TRUSTED&NOT_VPN&ENT1&FOC&MCX&BIP Unwanted:  Specifier: <3>]
05-02 13:28:56.185  4231  4231 D TelephonyNetworkFactory[0]: evalRequest
05-02 13:28:56.185  4231  4231 D TelephonyNetworkFactory[0]:   done
05-02 13:28:56.185  4231  4231 D TelephonyNetworkFactory[0]: new score 0 for exisiting request NetworkRequest [ TRACK_DEFAULT id=1538, [ Capabilities: INTERNET&NOT_RESTRICTED&TRUSTED Unwanted:  Uid: 10212] ]
05-02 13:28:56.185  4231  4231 D TelephonyNetworkFactory[0]:   my score=50, my filter=[ Transports: CELLULAR Capabilities: MMS&SUPL&DUN&FOTA&IMS&CBS&IA&RCS&XCAP&EIMS&INTERNET&NOT_RESTRICTED&TRUSTED&NOT_VPN&ENT1&FOC&MCX&BIP Unwanted:  Specifier: <3>]
05-02 13:28:56.185  4231  4231 D TelephonyNetworkFactory[0]: evalRequest
05-02 13:28:56.185  4231  4231 D TelephonyNetworkFactory[0]:   done
05-02 13:28:56.185  4231  4231 D TelephonyNetworkFactory[0]: new score 0 for exisiting request NetworkRequest [ TRACK_DEFAULT id=1539, [ Capabilities: INTERNET&NOT_RESTRICTED&TRUSTED Unwanted:  Uid: 10212] ]
05-02 13:28:56.185  4231  4231 D TelephonyNetworkFactory[0]:   my score=50, my filter=[ Transports: CELLULAR Capabilities: MMS&SUPL&DUN&FOTA&IMS&CBS&IA&RCS&XCAP&EIMS&INTERNET&NOT_RESTRICTED&TRUSTED&NOT_VPN&ENT1&FOC&MCX&BIP Unwanted:  Specifier: <3>]
05-02 13:28:56.185  4231  4231 D TelephonyNetworkFactory[0]: evalRequest
05-02 13:28:56.185  4231  4231 D TelephonyNetworkFactory[0]:   done
05-02 13:28:56.201  4231  4231 D RILJ    : [1236]> RIL_REQUEST_GET_ACTIVITY_INFO [SUB0]
05-02 13:28:56.204  4231  4248 D RILJ    : [1236]< RIL_REQUEST_GET_ACTIVITY_INFO ModemActivityInfo{ mTimestamp=257515321 mSleepTimeMs=892 mIdleTimeMs=944 mTxTimeMs[]=[0, 0, 0, 0, 0] mRxTimeMs=74 mEnergyUsed=0} [SUB0]
05-02 13:28:56.289  4231  4243 D DCT-1/1 : setPolicyDataEnabled: true
05-02 13:28:56.290  4231  4231 D DCT-1/1 : getAnyDataEnabled: not allowed due to - mDataEnabledSettings.isUserDataEnabled() = false
05-02 13:28:56.290  4231  4231 D DCT-1/1 : needSkipForNonDDS: ignore set PolicyDataEnabled phoneId = 0
05-02 13:28:56.290  4231  4231 D DCT-1/1 : onSetPolicyDataEnabled: ignore set PolicyDataEnabled because of non dds phone
05-02 13:28:56.290  4231  4243 D DCT-0/1 : setPolicyDataEnabled: true
05-02 13:28:56.290  4231  4231 D DCT-0/1 : getAnyDataEnabled: not allowed due to - mDataEnabledSettings.isUserDataEnabled() = false
05-02 13:28:59.155  4231  4231 D DCT-0/1 : Intent.getAction() : com.android.internal.telephony.data-reconnect.default
05-02 13:28:59.155  4231  4231 D DCT-0/1 : Reconnect alarm. Previous state was IDLE
05-02 13:28:59.156  4231  4231 D DCT-0/1 : onDataReconnect: currSubId = 3 phoneSubId=3
05-02 13:28:59.158  4231  4231 D DCT-0/1 : onDataReconnect: mState=IDLE reason=specificDisabled apnType=default apnContext={mApnType=default mState=IDLE mWaitingApns={[[ApnSettingV5] MCCI Internet, 4252, 43211, mcinet, , http://192.168.193.134:38090/was, 192.168.194.73, 8080, , 1, default | supl | mms, IP, IP, true, 0, 0, 0, false, 20, 0, 300, 0, , , false, 0, 0]} mApnSetting={[ApnSettingV5] MCCI Internet, 4252, 43211, mcinet, , http://192.168.193.134:38090/was, 192.168.194.73, 8080, , 1, default | supl | mms, IP, IP, true, 0, 0, 0, false, 20, 0, 300, 0, , , false, 0, 0} mReason=specificDisabled mDataEnabled=true mDependencyMet=true} mDataConnectionAsyncChannels={0=DC-1, 1=DC-2}
05-02 13:28:59.158  4231  4231 D DCT-0/1 : onDataReconnect: apnContext state=IDLE
05-02 13:28:59.158  4231  4231 D DCT-0/1 : onDataReconnect: state is FAILED|IDLE, disassociate
05-02 13:28:59.158  4231  4231 D DCT-0/1 : onDataReconnect: tearDown apnContext={mApnType=default mState=IDLE mWaitingApns={[[ApnSettingV5] MCCI Internet, 4252, 43211, mcinet, , http://192.168.193.134:38090/was, 192.168.194.73, 8080, , 1, default | supl | mms, IP, IP, true, 0, 0, 0, false, 20, 0, 300, 0, , , false, 0, 0]} mApnSetting={[ApnSettingV5] MCCI Internet, 4252, 43211, mcinet, , http://192.168.193.134:38090/was, 192.168.194.73, 8080, , 1, default | supl | mms, IP, IP, true, 0, 0, 0, false, 20, 0, 300, 0, , , false, 0, 0} mReason=specificDisabled mDataEnabled=true mDependencyMet=true}
05-02 13:28:59.159  4231  4231 D DCT-0/1 : onTrySetupData: apnContext={mApnType=default mState=IDLE mWaitingApns={[[ApnSettingV5] MCCI Internet, 4252, 43211, mcinet, , http://192.168.193.134:38090/was, 192.168.194.73, 8080, , 1, default | supl | mms, IP, IP, true, 0, 0, 0, false, 20, 0, 300, 0, , , false, 0, 0]} mApnSetting={[ApnSettingV5] MCCI Internet, 4252, 43211, mcinet, , http://192.168.193.134:38090/was, 192.168.194.73, 8080, , 1, default | supl | mms, IP, IP, true, 0, 0, 0, false, 20, 0, 300, 0, , , false, 0, 0} mReason=specificDisabled mDataEnabled=true mDependencyMet=true}
05-02 13:28:59.161  4231  4260 D DC-2    : DcInactiveState: msg.what=EVENT_DISCONNECT
05-02 13:28:59.161  4231  4260 D DC-2    : NotifyDisconnectCompleted
05-02 13:28:59.161  4231  4260 D DC-2    : NotifyDisconnectCompleted DisconnectParams={mTag=0 mApnContext={mApnType=default mState=IDLE mWaitingApns={[[ApnSettingV5] MCCI Internet, 4252, 43211, mcinet, , http://192.168.193.134:38090/was, 192.168.194.73, 8080, , 1, default | supl | mms, IP, IP, true, 0, 0, 0, false, 20, 0, 300, 0, , , false, 0, 0]} mApnSetting={[ApnSettingV5] MCCI Internet, 4252, 43211, mcinet, , http://192.168.193.134:38090/was, 192.168.194.73, 8080, , 1, default | supl | mms, IP, IP, true, 0, 0, 0, false, 20, 0, 300, 0, , , false, 0, 0} mReason=specificDisabled mDataEnabled=true mDependencyMet=true} mReason= mOnCompletedMsg=null}
05-02 13:28:59.165  4231  4231 D DCT-0/1 : isValidForEpdg: retValue=false
05-02 13:28:59.165  4231  4231 D DCT-0/1 : isEmergency: result=false
05-02 13:28:59.166  4231  4231 D DCT-0/1 : isDataAllowedOnDataDisabled: default is NOT included in mApnTypesAllowedOnDataDisabled ([ims, xcap, emergency, ims, xcap])
05-02 13:28:59.166  4231  4231 D DCT-0/1 : trySetupData for APN type default, reason: specificDisabled. Data disallowed, reasons: DATA_DISABLED
05-02 13:28:59.172  4231  4231 D DCT-0/1 : trySetupData: apnType = default, state = IDLE
05-02 13:28:59.174  4231  4231 D DCT-0/1 : notifyOffApnsOfAvailability, subId : 3, dds : 3, apnType : xcap, reason : specificDisabled
05-02 13:28:59.175  4231  4231 D DefaultPhoneNotifier: subId = 3, DDS = 3
05-02 13:28:59.177  4231  4231 D DCT-0/1 : isEmergency: result=false
05-02 13:28:59.184  4231  4231 D DCT-0/1 : notifyOffApnsOfAvailability, subId : 3, dds : 3, apnType : mcx, reason : specificDisabled
05-02 13:28:59.185  4231  4231 D DefaultPhoneNotifier: subId = 3, DDS = 3
05-02 13:28:59.187  4231  4231 D DCT-0/1 : isEmergency: result=false
05-02 13:28:59.193  4231  4231 D DCT-0/1 : notifyOffApnsOfAvailability, subId : 3, dds : 3, apnType : fota, reason : specificDisabled
05-02 13:28:59.194  4231  4231 D DefaultPhoneNotifier: subId = 3, DDS = 3
05-02 13:28:59.195  4231  4231 D DCT-0/1 : isEmergency: result=false
05-02 13:28:59.203  4231  4231 D DCT-0/1 : notifyOffApnsOfAvailability, subId : 3, dds : 3, apnType : supl, reason : specificDisabled
05-02 13:28:59.204  4231  4231 D DefaultPhoneNotifier: subId = 3, DDS = 3
05-02 13:28:59.205  4231  4231 D DCT-0/1 : isEmergency: result=false
05-02 13:28:59.211  4231  4231 D DCT-0/1 : notifyOffApnsOfAvailability, subId : 3, dds : 3, apnType : bip, reason : specificDisabled
05-02 13:28:59.212  4231  4231 D DefaultPhoneNotifier: subId = 3, DDS = 3
05-02 13:28:59.213  4231  4231 D DCT-0/1 : isEmergency: result=false
05-02 13:28:59.220  4231  4231 D DCT-0/1 : notifyOffApnsOfAvailability, subId : 3, dds : 3, apnType : emergency, reason : specificDisabled
05-02 13:28:59.221  4231  4231 D DefaultPhoneNotifier: subId = 3, DDS = 3
05-02 13:28:59.222  4231  4231 D DCT-0/1 : isEmergency: result=false
05-02 13:28:59.230  4231  4231 D DCT-0/1 : notifyOffApnsOfAvailability, subId : 3, dds : 3, apnType : ent1, reason : specificDisabled
05-02 13:28:59.230  4231  4231 D DefaultPhoneNotifier: subId = 3, DDS = 3
05-02 13:28:59.231  4231  4231 D DCT-0/1 : isEmergency: result=false
05-02 13:28:59.238  4231  4231 D DCT-0/1 : notifyOffApnsOfAvailability, subId : 3, dds : 3, apnType : hipri, reason : specificDisabled
05-02 13:28:59.239  4231  4231 D DefaultPhoneNotifier: subId = 3, DDS = 3
05-02 13:28:59.240  4231  4231 D DCT-0/1 : isEmergency: result=false
05-02 13:28:59.247  4231  4231 D DCT-0/1 : notifyOffApnsOfAvailability, subId : 3, dds : 3, apnType : mms, reason : specificDisabled
05-02 13:28:59.248  4231  4231 D DefaultPhoneNotifier: subId = 3, DDS = 3
05-02 13:28:59.249  4231  4231 D DCT-0/1 : isEmergency: result=false
05-02 13:28:59.255  4231  4231 D DCT-0/1 : notifyOffApnsOfAvailability, subId : 3, dds : 3, apnType : cbs, reason : specificDisabled
05-02 13:28:59.256  4231  4231 D DefaultPhoneNotifier: subId = 3, DDS = 3
05-02 13:28:59.257  4231  4231 D DCT-0/1 : isEmergency: result=false
05-02 13:28:59.263  4231  4231 D DCT-0/1 : notifyOffApnsOfAvailability, subId : 3, dds : 3, apnType : ia, reason : specificDisabled
05-02 13:28:59.265  4231  4231 D DefaultPhoneNotifier: subId = 3, DDS = 3
05-02 13:28:59.266  4231  4231 D DCT-0/1 : isEmergency: result=false
05-02 13:28:59.272  4231  4231 D DCT-0/1 : notifyOffApnsOfAvailability, subId : 3, dds : 3, apnType : foc, reason : specificDisabled
05-02 13:28:59.273  4231  4231 D DefaultPhoneNotifier: subId = 3, DDS = 3
05-02 13:28:59.274  4231  4231 D DCT-0/1 : isEmergency: result=false
05-02 13:28:59.281  4231  4231 D DCT-0/1 : notifyOffApnsOfAvailability, subId : 3, dds : 3, apnType : dun, reason : specificDisabled
05-02 13:28:59.282  4231  4231 D DefaultPhoneNotifier: subId = 3, DDS = 3
05-02 13:28:59.283  4231  4231 D DCT-0/1 : isEmergency: result=false
05-02 13:28:59.292  4231  4231 D DataEnabledSettings: [0]getDataEnabled during provisioning retVal=true - (false, 1)
05-02 13:28:59.292  4231  4231 D DCT-0/1 : trySetupData failed. apnContext = [type=default, mState=IDLE, apnEnabled=true, mDependencyMet=true] isDataEnabled() = false. [mInternalDataEnabled=true, isUserDataEnabled=false, isProvisioningDataEnabled=true, mPolicyDataEnabled=true, mCarrierDataEnabled=true]
05-02 13:28:59.295  4231  4231 D DCT-1/1 : Intent.getAction() : com.android.internal.telephony.data-reconnect.default
05-02 13:28:59.295  4231  4231 D DCT-1/1 : Reconnect alarm. Previous state was IDLE
05-02 13:28:59.301  4231  4231 D DCT-1/1 : onDataReconnect: currSubId = 3 phoneSubId=2
05-02 13:28:59.301  4231  4231 D DCT-1/1 : receive ReconnectAlarm but subId incorrect, ignore
05-02 13:29:01.128  3564  3695 E RILC    : currentSignalStrengthInd: Using vendor specific codes to proceed it
05-02 13:29:11.372  3564  3695 E RILC    : currentSignalStrengthInd: Using vendor specific codes to proceed it
05-02 13:29:12.921  3563  3677 E RILC    : currentSignalStrengthInd: Using vendor specific codes to proceed it
05-02 13:29:16.762  3563  3677 E RILC    : currentSignalStrengthInd: Using vendor specific codes to proceed it
05-02 13:29:17.771  3564  3695 E RILC    : currentSignalStrengthInd: Using vendor specific codes to proceed it
05-02 13:29:23.917  4231  4231 D DCT-0/1 : Screens all off
05-02 13:29:23.917  4231  4231 D DCT-0/1 : stopNetStatPoll
05-02 13:29:23.924  4231  4231 D DCT-0/1 : startNetStatPoll
05-02 13:29:23.931  4231  4231 D DCT-0/1 : getRecoveryAction: 0
05-02 13:29:23.931  4231  4231 D DCT-0/1 : restartDataStallAlarm: stop then start.
05-02 13:29:23.931  4231  4231 D DCT-0/1 : stopDataStallAlarm: current tag=15650 mDataStallAlarmIntent=PendingIntent{a14bc8: android.os.BinderProxy@ba06d39}
05-02 13:29:23.936  4231  4231 D DCT-0/1 : getRecoveryAction: 0
05-02 13:29:23.937  4231  4231 D DCT-0/1 : startDataStallAlarm: tag=15652 delay=360s
05-02 13:29:23.941  4231  4231 D DCT-0/1 : get all active apn types
05-02 13:29:23.943  4231  4231 D GsmCdmaPhone: [0] getDataConnectionState apnType=ims ret=CONNECTED
05-02 13:29:23.944  4231  4231 D DefaultPhoneNotifier: subId = 3, DDS = 3
05-02 13:29:23.944  4231  4231 D DCT-0/1 : return link properites for ims
05-02 13:29:23.945  4231  4260 D DC-1    : DcActiveState not handled msg.what=REQ_GET_LINK_PROPERTIES
05-02 13:29:23.945  4231  4260 D DC-1    : DcDefault msg=REQ_GET_LINK_PROPERTIES RefCount=1
05-02 13:29:23.945  4231  4260 D DC-1    : REQ_GET_LINK_PROPERTIES linkProperties{InterfaceName: rmnet1 LinkAddresses: [30.9.132.217/24,]  Routes: [0.0.0.0/0 -> 30.9.132.1 rmnet1,] DnsAddresses: [] UsePrivateDns: false PrivateDnsServerName: null PcscfAddresses: [10.176.21.129,10.172.21.129,] Domains: null MTU: 1500 TcpBufferSizes: 1048576,3145728,4194304,524288,1572864,2097152}
05-02 13:29:23.945  4231  4231 D DCT-0/1 : get active pdp is not null, return NetworkCapabilities for ims
05-02 13:29:23.945  4231  4260 D DC-1    : DcActiveState not handled msg.what=REQ_GET_NETWORK_CAPABILITIES
05-02 13:29:23.945  4231  4260 D DC-1    : DcDefault msg=REQ_GET_NETWORK_CAPABILITIES RefCount=1
05-02 13:29:23.945  4231  4260 D DC-1    : getNetworkCapabilities(): UserDataEnalbe - false, IsAllowInternetCapability=false
05-02 13:29:23.945  4231  4260 D DC-1    : isOnlyMMSConnected() = false
05-02 13:29:23.945  4231  4260 D DC-1    : getNetworkCapabilities: [ Transports: CELLULAR Capabilities: IMS&NOT_METERED&NOT_RESTRICTED&TRUSTED&NOT_VPN Unwanted: ]
05-02 13:29:23.945  4231  4260 D DC-1    : REQ_GET_NETWORK_CAPABILITIES networkCapabilities[ Transports: CELLULAR Capabilities: IMS&NOT_METERED&TRUSTED&NOT_VPN&NOT_ROAMING&NOT_CONGESTED Unwanted:  LinkUpBandwidth>=51200Kbps LinkDnBandwidth>=102400Kbps Specifier: <3>]
05-02 13:29:23.946  4231  4231 D DCT-0/1 : isEmergency: result=false
05-02 13:29:23.951  4231  4231 D GsmCdmaPhone: [0] getDataConnectionState apnType=default ret=DISCONNECTED
05-02 13:29:23.952  4231  4231 D DefaultPhoneNotifier: subId = 3, DDS = 3
05-02 13:29:23.953  4231  4231 D DCT-0/1 : isEmergency: result=false
05-02 13:29:23.957  4231  4231 D DCT-1/1 : Screens all off
05-02 13:29:23.957  4231  4231 D DCT-1/1 : stopNetStatPoll
05-02 13:29:23.960  4231  4231 D DCT-1/1 : get all active apn types
05-02 13:29:23.962  4231  4231 D RILJ    : [1237]> RIL_REQUEST_SET_UNSOLICITED_RESPONSE_FILTER 30 [SUB0]
05-02 13:29:23.963  4231  4248 D RILJ    : [1237]< RIL_REQUEST_SET_UNSOLICITED_RESPONSE_FILTER  [SUB0]
05-02 13:29:23.963  4231  4231 D RILJ    : [1238]> RIL_REQUEST_SET_UNSOLICITED_RESPONSE_FILTER 30 [SUB1]
05-02 13:29:23.965  4231  4248 D RILJ    : [1238]< RIL_REQUEST_SET_UNSOLICITED_RESPONSE_FILTER  [SUB1]
05-02 13:29:23.973  4231  5182 D SubscriptionController: [getActiveSubscriptionInfo]+ subId=3 subInfo= XXX
05-02 13:29:24.462  4231  5182 D SubscriptionController: getSimStateForSlotIndex:  simState=LOADED ordinal=10 slotIndex=0
05-02 13:29:24.462  8022  8022 D SubscriptionManager: getSimStateForSlotIdx: simState=10 slotIndex=0
05-02 13:29:24.495  4231  5182 D SubscriptionController: getSimStateForSlotIndex:  simState=LOADED ordinal=10 slotIndex=0
05-02 13:29:24.495  8022  8022 D SubscriptionManager: getSimStateForSlotIdx: simState=10 slotIndex=0
05-02 13:29:31.929  4231  5182 D SST     : [0] SST.getAllCellInfo(): CallingUid = 1000, CallingPid = 5263
05-02 13:29:31.935  4231  5182 D RILJ    : [1239]> RIL_REQUEST_GET_CELL_INFO_LIST [SUB0]
05-02 13:29:31.945  4231  4248 D RILJ    : [1239]< RIL_REQUEST_GET_CELL_INFO_LIST  [SUB0]
05-02 13:29:31.946  4231  5182 D SST     : [1] SST.getAllCellInfo(): CallingUid = 1000, CallingPid = 5263
05-02 13:29:31.948  4231  5182 D RILJ    : [1240]> RIL_REQUEST_GET_CELL_INFO_LIST [SUB1]
05-02 13:29:31.954  3564  3939 E RILD2   : GetIpcMessage: partial IPC received. received 512 expected 619
05-02 13:29:31.954  3564  3939 E RILD2   : ProcessIpcMessageReceived: Incomplete IPC received.
05-02 13:29:31.984  4231  4248 D RILJ    : [1240]< RIL_REQUEST_GET_CELL_INFO_LIST  [SUB1]
05-02 13:29:35.962  3563  3677 E RILC    : currentSignalStrengthInd: Using vendor specific codes to proceed it
05-02 13:29:36.331  3564  3695 E RILC    : currentSignalStrengthInd: Using vendor specific codes to proceed it
05-02 13:29:41.450  3564  3695 I chatty  : uid=1001(radio) /vendor/bin/hw/rild identical 2 lines
05-02 13:29:44.010  3564  3695 E RILC    : currentSignalStrengthInd: Using vendor specific codes to proceed it
05-02 13:29:54.118  4231  4231 D TelephonyNetworkFactory[0]: handleMessage msg={ when=0 what=5 obj=NetworkRequest [ TRACK_DEFAULT id=1586, [ Capabilities: INTERNET&NOT_RESTRICTED&TRUSTED Unwanted:  Uid: 10194] ] target=com.android.internal.telephony.dataconnection.TelephonyNetworkFactory$InternalHandler }
05-02 13:29:54.119  4231  4231 D DDS-TelephonyNetworkFactory[0]: onReleaseNetworkFor NetworkRequest [ TRACK_DEFAULT id=1586, [ Capabilities: INTERNET&NOT_RESTRICTED&TRUSTED Unwanted:  Uid: 10194] ]
05-02 13:29:54.120  4231  4231 D DCT-0/1 : DDS-DcTracker.releaseNetwork for NetworkRequest [ TRACK_DEFAULT id=1586, [ Capabilities: INTERNET&NOT_RESTRICTED&TRUSTED Unwanted:  Uid: 10194] ] found {mApnType=default mState=IDLE mWaitingApns={[[ApnSettingV5] MCCI Internet, 4252, 43211, mcinet, , http://192.168.193.134:38090/was, 192.168.194.73, 8080, , 1, default | supl | mms, IP, IP, true, 0, 0, 0, false, 20, 0, 300, 0, , , false, 0, 0]} mApnSetting={[ApnSettingV5] MCCI Internet, 4252, 43211, mcinet, , http://192.168.193.134:38090/was, 192.168.194.73, 8080, , 1, default | supl | mms, IP, IP, true, 0, 0, 0, false, 20, 0, 300, 0, , , false, 0, 0} mReason=specificDisabled mDataEnabled=true mDependencyMet=true}
05-02 13:29:54.120  4231  4231 D TelephonyNetworkFactory[1]: handleMessage msg={ when=-1ms what=5 obj=NetworkRequest [ TRACK_DEFAULT id=1586, [ Capabilities: INTERNET&NOT_RESTRICTED&TRUSTED Unwanted:  Uid: 10194] ] target=com.android.internal.telephony.dataconnection.TelephonyNetworkFactory$InternalHandler }
05-02 13:29:54.120  4231  4231 D TelephonyNetworkFactory[1]: not releasing - isApp=false, isAct=false NetworkRequest [ TRACK_DEFAULT id=1586, [ Capabilities: INTERNET&NOT_RESTRICTED&TRUSTED Unwanted:  Uid: 10194] ]
05-02 13:29:54.121  4231  4231 D DDS-PhoneSwitcher: handleMessage msg={ when=-2ms what=104 obj=NetworkRequest [ TRACK_DEFAULT id=1586, [ Capabilities: INTERNET&NOT_RESTRICTED&TRUSTED Unwanted:  Uid: 10194] ] target=com.android.internal.telephony.PhoneSwitcher }
