05-02 13:27:28.796  4231  4260 D DC-1    : getNetworkCapabilities: [ Transports: CELLULAR Capabilities: IMS&NOT_METERED&NOT_RESTRICTED&TRUSTED&NOT_VPN Unwanted: ]
05-02 13:27:28.796  4231  4260 D Dcc     : onDataStateChanged: dcsList=[DataCallResponse: { status=0 retry=-1 cid=2 active=2 type=IP ifname=rmnet1 addresses=[30.9.132.217/24] dnses=[/0.0.0.0, /0.0.0.0] gateways=[/30.9.132.1] pcscf=[10.176.21.129, 10.172.21.129] mtu=1500}] dcListActiveByCid={2={DC-1: State=DcActiveState mApnSetting=[ApnSettingV5] MCCI IMS, 4253, 43211, ims, , , , , , 1, ims, IPV4V6, IP, true, 0, 0, 0, false, 20, 0, 300, 0, , , false, 0, 0 RefCount=1 mCid=2 mCreateTime=-1 mLastastFailTime=-1 mLastFailCause=NONE mTag=20 mLinkProperties={InterfaceName: rmnet1 LinkAddresses: [30.9.132.217/24,]  Routes: [0.0.0.0/0 -> 30.9.132.1 rmnet1,] DnsAddresses: [] UsePrivateDns: false PrivateDnsServerName: null PcscfAddresses: [10.176.21.129,10.172.21.129,] Domains: null MTU: 1500 TcpBufferSizes: 1048576,3145728,4194304,524288,1572864,2097152} linkCapabilities=[ Transports: CELLULAR Capabilities: IMS&NOT_METERED&TRUSTED&NOT_VPN&NOT_ROAMING&NOT_CONGESTED Unwanted:  LinkUpBandwidth>=51200Kbps LinkDnBandwidth>=102400Kbps Specifier: <3>] mRestrictedNetworkOverride=false mApnContexts={{mApnType=ims mState=CONNECTED mWaitingApns={[[ApnSettingV5] MCCI IMS, 4253, 43211, ims, , , , , , 1, ims, IPV4V6, IP, true, 0, 0, 0, false, 20, 0, 300, 0, , , false, 0, 0]} mApnSetting={[ApnSettingV5] MCCI IMS, 4253, 43211, ims, , , , , , 1, ims, IPV4V6, IP, true, 0, 0, 0, false, 20, 0, 300, 0, , , false, 0, 0} mReason=connected mDataEnabled=true mDependencyMet=true}={mTag=20 mApnContext={mApnType=ims mState=CONNECTED mWaitingApns={[[ApnSettingV5] MCCI IMS, 4253, 43211, ims, , , , , , 1, ims, IPV4V6, IP, true, 0, 0, 0, false, 20, 0, 300, 0, , , false, 0, 0]} mApnSetting={[ApnSettingV5] MCCI IMS, 4253, 43211, ims, , , , , , 1, ims, IPV4V6, IP, true, 0, 0, 0, false, 20, 0, 300, 0, , , false, 0, 0} mReason=connected mDataEnabled=true mDependencyMet=true} mProfileId=2 mRat=14 mOnCompletedMsg={what=0x42000 when=-1d3h14m6s545ms obj=Pair{{mApnType=ims mState=CONNECTED mWaitingApns={[[ApnSettingV5] MCCI IMS, 4253, 43211, ims, , , , , , 1, ims, IPV4V6, IP, true, 0, 0, 0, false, 20, 0, 300, 0, , , false, 0, 0]} mApnSetting={[ApnSettingV5] MCCI IMS, 4253, 43211, ims, , , , , , 1, ims, IPV4V6, IP, true, 0, 0, 0, false, 20, 0, 300, 0, , , false, 0, 0} mReason=connected mDataEnabled=true mDependencyMet=true} 10} target=Handler (com.android.internal.telephony.dataconnection.DcTracker) {362f8f9} replyTo=null}}}}}
05-02 13:27:28.796  4231  4260 D Dcc     : onDataStateChanged: dcsToRetry=[]
05-02 13:27:28.797  4231  4260 D Dcc     : onDataStateChanged: Found ConnId=2 newState=DataCallResponse: { status=0 retry=-1 cid=2 active=2 type=IP ifname=rmnet1 addresses=[30.9.132.217/24] dnses=[/0.0.0.0, /0.0.0.0] gateways=[/30.9.132.1] pcscf=[10.176.21.129, 10.172.21.129] mtu=1500}
05-02 13:27:28.797  4231  4260 D DC-1    : addr/pl=/30.9.132.217/24
05-02 13:27:28.797  4231  4260 D Dcc     : onDataStateChanged: no change
05-02 13:27:28.797  4231  4260 D Dcc     : onDataStateChanged: Data Activity updated to NONE. isAnyDataCallActive = true isAnyDataCallDormant = false
05-02 13:27:28.797  4231  4260 D Dcc     : onDataStateChanged: dcsToRetry=[] apnsToCleanup=[]
05-02 13:27:28.800  3927 11787 D TelephonyRegistry: onDataConnectionStateChanged(subId=3 phoneId=0, specificDisabled, 0, 13)
05-02 13:27:28.808  4231  4590 D use-Rlog/RLOG-IMS-IIL: ImsCallManager2: onDataConnectionStateChanged(): state 0, networkType 13 old 13
05-02 13:27:28.810  4231  4551 D use-Rlog/RLOG-IMS-IIL: ImsCallManager: onDataConnectionStateChanged(): state 0, networkType 13 old 13
05-02 13:27:28.818  4231  4231 D DCT-0/1 : isOnlySingleDcAllowed(14): false
05-02 13:27:28.820  4231  4231 D DCT-0/1 : onDisconnectDone: attached, ready and retry after disconnect
05-02 13:27:28.821  4231  4231 D DCT-0/1 : startAlarmForReconnect: delay=3000 action=com.android.internal.telephony.data-reconnect.default apn={mApnType=default mState=IDLE mWaitingApns={[[ApnSettingV5] MCCI Internet, 4252, 43211, mcinet, , http://192.168.193.134:38090/was, 192.168.194.73, 8080, , 1, default | supl | mms, IP, IP, true, 0, 0, 0, false, 20, 0, 300, 0, , , false, 0, 0]} mApnSetting={[ApnSettingV5] MCCI Internet, 4252, 43211, mcinet, , http://192.168.193.134:38090/was, 192.168.194.73, 8080, , 1, default | supl | mms, IP, IP, true, 0, 0, 0, false, 20, 0, 300, 0, , , false, 0, 0} mReason=specificDisabled mDataEnabled=true mDependencyMet=true} subId =3
05-02 13:27:28.825  4231  4231 D DCT-0/1 : notifyDataDisconnectComplete
05-02 13:27:28.825  4231  4231 D DCT-0/1 : startNetStatPoll
05-02 13:27:28.836  4231  4231 D DCT-0/1 : getRecoveryAction: 0
05-02 13:27:28.838  4231  4231 D DCT-0/1 : startDataStallAlarm: tag=15646 delay=60s
05-02 13:27:28.841  4231  4352 D DCT-1/1 : setPolicyDataEnabled: true
05-02 13:27:28.857  4231  4231 D DCT-0/1 : setActivity = NONE
05-02 13:27:28.858  4231  4352 D DCT-0/1 : setPolicyDataEnabled: true
05-02 13:27:28.878  4231  4231 D TelephonyNetworkFactory[0]: new score 0 for exisiting request NetworkRequest [ REQUEST id=1, [ Capabilities: INTERNET&NOT_RESTRICTED&TRUSTED&NOT_VPN Unwanted: ] ]
05-02 13:27:28.878  4231  4231 D TelephonyNetworkFactory[0]:   my score=50, my filter=[ Transports: CELLULAR Capabilities: MMS&SUPL&DUN&FOTA&IMS&CBS&IA&RCS&XCAP&EIMS&INTERNET&NOT_RESTRICTED&TRUSTED&NOT_VPN&ENT1&FOC&MCX&BIP Unwanted:  Specifier: <3>]
05-02 13:27:28.878  4231  4231 D TelephonyNetworkFactory[0]: evalRequest
05-02 13:27:28.878  4231  4231 D TelephonyNetworkFactory[0]:   done
05-02 13:27:28.878  4231  4231 D TelephonyNetworkFactory[1]: new score 0 for exisiting request NetworkRequest [ REQUEST id=1, [ Capabilities: INTERNET&NOT_RESTRICTED&TRUSTED&NOT_VPN Unwanted: ] ]
05-02 13:27:28.878  4231  4231 D TelephonyNetworkFactory[1]:   my score=50, my filter=[ Transports: CELLULAR Capabilities: MMS&SUPL&DUN&FOTA&IMS&CBS&IA&RCS&XCAP&EIMS&INTERNET&NOT_RESTRICTED&TRUSTED&NOT_VPN&ENT1&FOC&MCX&BIP Unwanted:  Specifier: <2>]
05-02 13:27:28.878  4231  4231 D TelephonyNetworkFactory[1]: evalRequest
05-02 13:27:28.878  4231  4231 D TelephonyNetworkFactory[1]:   done
05-02 13:27:28.879  4231  4231 D TelephonyNetworkFactory[0]: new score 0 for exisiting request NetworkRequest [ TRACK_DEFAULT id=8, [ Capabilities: INTERNET&NOT_RESTRICTED&TRUSTED Unwanted:  Uid: 1000] ]
05-02 13:27:28.879  4231  4231 D TelephonyNetworkFactory[0]:   my score=50, my filter=[ Transports: CELLULAR Capabilities: MMS&SUPL&DUN&FOTA&IMS&CBS&IA&RCS&XCAP&EIMS&INTERNET&NOT_RESTRICTED&TRUSTED&NOT_VPN&ENT1&FOC&MCX&BIP Unwanted:  Specifier: <3>]
05-02 13:27:28.879  4231  4231 D TelephonyNetworkFactory[0]: evalRequest
05-02 13:27:28.879  4231  4231 D TelephonyNetworkFactory[0]:   done
05-02 13:27:28.879  4231  4231 D TelephonyNetworkFactory[0]: new score 0 for exisiting request NetworkRequest [ TRACK_DEFAULT id=11, [ Capabilities: INTERNET&NOT_RESTRICTED&TRUSTED Unwanted:  Uid: 10006] ]
05-02 13:27:28.879  4231  4231 D TelephonyNetworkFactory[0]:   my score=50, my filter=[ Transports: CELLULAR Capabilities: MMS&SUPL&DUN&FOTA&IMS&CBS&IA&RCS&XCAP&EIMS&INTERNET&NOT_RESTRICTED&TRUSTED&NOT_VPN&ENT1&FOC&MCX&BIP Unwanted:  Specifier: <3>]
05-02 13:27:28.879  4231  4231 D TelephonyNetworkFactory[0]: evalRequest
05-02 13:27:28.879  4231  4231 D TelephonyNetworkFactory[0]:   done
05-02 13:27:28.879  4231  4231 D TelephonyNetworkFactory[0]: new score 0 for exisiting request NetworkRequest [ TRACK_DEFAULT id=14, [ Capabilities: INTERNET&NOT_RESTRICTED&TRUSTED Unwanted:  Uid: 1000] ]
05-02 13:27:28.879  4231  4231 D TelephonyNetworkFactory[0]:   my score=50, my filter=[ Transports: CELLULAR Capabilities: MMS&SUPL&DUN&FOTA&IMS&CBS&IA&RCS&XCAP&EIMS&INTERNET&NOT_RESTRICTED&TRUSTED&NOT_VPN&ENT1&FOC&MCX&BIP Unwanted:  Specifier: <3>]
05-02 13:27:28.879  4231  4231 D TelephonyNetworkFactory[0]: evalRequest
05-02 13:27:28.879  4231  4231 D TelephonyNetworkFactory[0]:   done
05-02 13:27:28.879  4231  4231 D TelephonyNetworkFactory[0]: new score 0 for exisiting request NetworkRequest [ TRACK_DEFAULT id=18, [ Capabilities: INTERNET&NOT_RESTRICTED&TRUSTED Unwanted:  Uid: 10097] ]
05-02 13:27:28.879  4231  4231 D TelephonyNetworkFactory[0]:   my score=50, my filter=[ Transports: CELLULAR Capabilities: MMS&SUPL&DUN&FOTA&IMS&CBS&IA&RCS&XCAP&EIMS&INTERNET&NOT_RESTRICTED&TRUSTED&NOT_VPN&ENT1&FOC&MCX&BIP Unwanted:  Specifier: <3>]
05-02 13:27:28.879  4231  4231 D TelephonyNetworkFactory[0]: evalRequest
05-02 13:27:28.879  4231  4231 D TelephonyNetworkFactory[0]:   done
05-02 13:27:28.879  4231  4231 D TelephonyNetworkFactory[1]: new score 0 for exisiting request NetworkRequest [ TRACK_DEFAULT id=8, [ Capabilities: INTERNET&NOT_RESTRICTED&TRUSTED Unwanted:  Uid: 1000] ]
05-02 13:27:28.879  4231  4231 D TelephonyNetworkFactory[1]:   my score=50, my filter=[ Transports: CELLULAR Capabilities: MMS&SUPL&DUN&FOTA&IMS&CBS&IA&RCS&XCAP&EIMS&INTERNET&NOT_RESTRICTED&TRUSTED&NOT_VPN&ENT1&FOC&MCX&BIP Unwanted:  Specifier: <2>]
05-02 13:27:28.879  4231  4231 D TelephonyNetworkFactory[1]: evalRequest
05-02 13:27:28.879  4231  4231 D TelephonyNetworkFactory[1]:   done
05-02 13:27:28.879  4231  4231 D TelephonyNetworkFactory[0]: new score 0 for exisiting request NetworkRequest [ TRACK_DEFAULT id=21, [ Capabilities: INTERNET&NOT_RESTRICTED&TRUSTED Unwanted:  Uid: 10097] ]
05-02 13:27:28.879  4231  4231 D TelephonyNetworkFactory[0]:   my score=50, my filter=[ Transports: CELLULAR Capabilities: MMS&SUPL&DUN&FOTA&IMS&CBS&IA&RCS&XCAP&EIMS&INTERNET&NOT_RESTRICTED&TRUSTED&NOT_VPN&ENT1&FOC&MCX&BIP Unwanted:  Specifier: <3>]
05-02 13:27:28.880  4231  4231 D TelephonyNetworkFactory[0]: evalRequest
05-02 13:27:28.880  4231  4231 D TelephonyNetworkFactory[0]:   done
05-02 13:27:28.880  4231  4231 D TelephonyNetworkFactory[1]: new score 0 for exisiting request NetworkRequest [ TRACK_DEFAULT id=11, [ Capabilities: INTERNET&NOT_RESTRICTED&TRUSTED Unwanted:  Uid: 10006] ]
05-02 13:27:28.880  4231  4231 D TelephonyNetworkFactory[1]:   my score=50, my filter=[ Transports: CELLULAR Capabilities: MMS&SUPL&DUN&FOTA&IMS&CBS&IA&RCS&XCAP&EIMS&INTERNET&NOT_RESTRICTED&TRUSTED&NOT_VPN&ENT1&FOC&MCX&BIP Unwanted:  Specifier: <2>]
05-02 13:27:28.880  4231  4231 D TelephonyNetworkFactory[1]: evalRequest
05-02 13:27:28.880  4231  4231 D TelephonyNetworkFactory[1]:   done
05-02 13:27:28.880  4231  4231 D TelephonyNetworkFactory[0]: new score 0 for exisiting request NetworkRequest [ TRACK_DEFAULT id=34, [ Capabilities: INTERNET&NOT_RESTRICTED&TRUSTED Unwanted:  Uid: 10097] ]
05-02 13:27:28.880  4231  4231 D TelephonyNetworkFactory[0]:   my score=50, my filter=[ Transports: CELLULAR Capabilities: MMS&SUPL&DUN&FOTA&IMS&CBS&IA&RCS&XCAP&EIMS&INTERNET&NOT_RESTRICTED&TRUSTED&NOT_VPN&ENT1&FOC&MCX&BIP Unwanted:  Specifier: <3>]
05-02 13:27:28.880  4231  4231 D TelephonyNetworkFactory[0]: evalRequest
05-02 13:27:28.880  4231  4231 D TelephonyNetworkFactory[0]:   done
05-02 13:27:28.880  4231  4231 D TelephonyNetworkFactory[1]: new score 0 for exisiting request NetworkRequest [ TRACK_DEFAULT id=14, [ Capabilities: INTERNET&NOT_RESTRICTED&TRUSTED Unwanted:  Uid: 1000] ]
05-02 13:27:28.880  4231  4231 D TelephonyNetworkFactory[1]:   my score=50, my filter=[ Transports: CELLULAR Capabilities: MMS&SUPL&DUN&FOTA&IMS&CBS&IA&RCS&XCAP&EIMS&INTERNET&NOT_RESTRICTED&TRUSTED&NOT_VPN&ENT1&FOC&MCX&BIP Unwanted:  Specifier: <2>]
05-02 13:27:28.880  4231  4231 D TelephonyNetworkFactory[1]: evalRequest
05-02 13:27:28.880  4231  4231 D TelephonyNetworkFactory[1]:   done
05-02 13:27:28.880  4231  4231 D TelephonyNetworkFactory[1]: new score 0 for exisiting request NetworkRequest [ TRACK_DEFAULT id=18, [ Capabilities: INTERNET&NOT_RESTRICTED&TRUSTED Unwanted:  Uid: 10097] ]
05-02 13:27:28.880  4231  4231 D TelephonyNetworkFactory[1]:   my score=50, my filter=[ Transports: CELLULAR Capabilities: MMS&SUPL&DUN&FOTA&IMS&CBS&IA&RCS&XCAP&EIMS&INTERNET&NOT_RESTRICTED&TRUSTED&NOT_VPN&ENT1&FOC&MCX&BIP Unwanted:  Specifier: <2>]
05-02 13:27:28.880  4231  4231 D TelephonyNetworkFactory[1]: evalRequest
05-02 13:27:28.880  4231  4231 D TelephonyNetworkFactory[1]:   done
05-02 13:27:28.880  4231  4231 D TelephonyNetworkFactory[0]: new score 0 for exisiting request NetworkRequest [ TRACK_DEFAULT id=120, [ Capabilities: INTERNET&NOT_RESTRICTED&TRUSTED Unwanted:  Uid: 10097] ]
05-02 13:27:28.880  4231  4231 D TelephonyNetworkFactory[0]:   my score=50, my filter=[ Transports: CELLULAR Capabilities: MMS&SUPL&DUN&FOTA&IMS&CBS&IA&RCS&XCAP&EIMS&INTERNET&NOT_RESTRICTED&TRUSTED&NOT_VPN&ENT1&FOC&MCX&BIP Unwanted:  Specifier: <3>]
05-02 13:27:28.880  4231  4231 D TelephonyNetworkFactory[0]: evalRequest
05-02 13:27:28.880  4231  4231 D TelephonyNetworkFactory[0]:   done
05-02 13:27:28.880  4231  4231 D TelephonyNetworkFactory[1]: new score 0 for exisiting request NetworkRequest [ TRACK_DEFAULT id=21, [ Capabilities: INTERNET&NOT_RESTRICTED&TRUSTED Unwanted:  Uid: 10097] ]
05-02 13:27:28.880  4231  4231 D TelephonyNetworkFactory[1]:   my score=50, my filter=[ Transports: CELLULAR Capabilities: MMS&SUPL&DUN&FOTA&IMS&CBS&IA&RCS&XCAP&EIMS&INTERNET&NOT_RESTRICTED&TRUSTED&NOT_VPN&ENT1&FOC&MCX&BIP Unwanted:  Specifier: <2>]
05-02 13:27:28.880  4231  4231 D TelephonyNetworkFactory[1]: evalRequest
05-02 13:27:28.880  4231  4231 D TelephonyNetworkFactory[1]:   done
05-02 13:27:28.880  4231  4231 D TelephonyNetworkFactory[1]: new score 0 for exisiting request NetworkRequest [ TRACK_DEFAULT id=34, [ Capabilities: INTERNET&NOT_RESTRICTED&TRUSTED Unwanted:  Uid: 10097] ]
05-02 13:27:28.880  4231  4231 D TelephonyNetworkFactory[1]:   my score=50, my filter=[ Transports: CELLULAR Capabilities: MMS&SUPL&DUN&FOTA&IMS&CBS&IA&RCS&XCAP&EIMS&INTERNET&NOT_RESTRICTED&TRUSTED&NOT_VPN&ENT1&FOC&MCX&BIP Unwanted:  Specifier: <2>]
05-02 13:27:28.880  4231  4231 D TelephonyNetworkFactory[1]: evalRequest
05-02 13:27:28.880  4231  4231 D TelephonyNetworkFactory[1]:   done
05-02 13:27:28.880  4231  4231 D TelephonyNetworkFactory[1]: new score 0 for exisiting request NetworkRequest [ TRACK_DEFAULT id=120, [ Capabilities: INTERNET&NOT_RESTRICTED&TRUSTED Unwanted:  Uid: 10097] ]
05-02 13:27:28.880  4231  4231 D TelephonyNetworkFactory[1]:   my score=50, my filter=[ Transports: CELLULAR Capabilities: MMS&SUPL&DUN&FOTA&IMS&CBS&IA&RCS&XCAP&EIMS&INTERNET&NOT_RESTRICTED&TRUSTED&NOT_VPN&ENT1&FOC&MCX&BIP Unwanted:  Specifier: <2>]
05-02 13:27:28.880  4231  4231 D TelephonyNetworkFactory[1]: evalRequest
05-02 13:27:28.880  4231  4231 D TelephonyNetworkFactory[1]:   done
05-02 13:27:28.880  4231  4231 D TelephonyNetworkFactory[1]: new score 0 for exisiting request NetworkRequest [ REQUEST id=1032, [ Capabilities: INTERNET&NOT_RESTRICTED&TRUSTED Unwanted:  Uid: 10029] ]
05-02 13:27:28.880  4231  4231 D TelephonyNetworkFactory[1]:   my score=50, my filter=[ Transports: CELLULAR Capabilities: MMS&SUPL&DUN&FOTA&IMS&CBS&IA&RCS&XCAP&EIMS&INTERNET&NOT_RESTRICTED&TRUSTED&NOT_VPN&ENT1&FOC&MCX&BIP Unwanted:  Specifier: <2>]
05-02 13:27:28.880  4231  4231 D TelephonyNetworkFactory[1]: evalRequest
05-02 13:27:28.880  4231  4231 D TelephonyNetworkFactory[1]:   done
05-02 13:27:28.880  4231  4231 D TelephonyNetworkFactory[1]: new score 0 for exisiting request NetworkRequest [ TRACK_DEFAULT id=1038, [ Capabilities: INTERNET&NOT_RESTRICTED&TRUSTED Unwanted:  Uid: 10029] ]
05-02 13:27:28.880  4231  4231 D TelephonyNetworkFactory[1]:   my score=50, my filter=[ Transports: CELLULAR Capabilities: MMS&SUPL&DUN&FOTA&IMS&CBS&IA&RCS&XCAP&EIMS&INTERNET&NOT_RESTRICTED&TRUSTED&NOT_VPN&ENT1&FOC&MCX&BIP Unwanted:  Specifier: <2>]
05-02 13:27:28.880  4231  4231 D TelephonyNetworkFactory[1]: evalRequest
05-02 13:27:28.880  4231  4231 D TelephonyNetworkFactory[1]:   done
05-02 13:27:28.881  4231  4231 D TelephonyNetworkFactory[1]: new score 0 for exisiting request NetworkRequest [ TRACK_DEFAULT id=1417, [ Capabilities: INTERNET&NOT_RESTRICTED&TRUSTED Unwanted:  Uid: 10197] ]
05-02 13:27:28.881  4231  4231 D TelephonyNetworkFactory[1]:   my score=50, my filter=[ Transports: CELLULAR Capabilities: MMS&SUPL&DUN&FOTA&IMS&CBS&IA&RCS&XCAP&EIMS&INTERNET&NOT_RESTRICTED&TRUSTED&NOT_VPN&ENT1&FOC&MCX&BIP Unwanted:  Specifier: <2>]
05-02 13:27:28.881  4231  4231 D TelephonyNetworkFactory[1]: evalRequest
05-02 13:27:28.881  4231  4231 D TelephonyNetworkFactory[1]:   done
05-02 13:27:28.881  4231  4231 D TelephonyNetworkFactory[1]: new score 0 for exisiting request NetworkRequest [ TRACK_DEFAULT id=1463, [ Capabilities: INTERNET&NOT_RESTRICTED&TRUSTED Unwanted:  Uid: 10209] ]
05-02 13:27:28.881  4231  4231 D TelephonyNetworkFactory[1]:   my score=50, my filter=[ Transports: CELLULAR Capabilities: MMS&SUPL&DUN&FOTA&IMS&CBS&IA&RCS&XCAP&EIMS&INTERNET&NOT_RESTRICTED&TRUSTED&NOT_VPN&ENT1&FOC&MCX&BIP Unwanted:  Specifier: <2>]
05-02 13:27:28.881  4231  4231 D TelephonyNetworkFactory[1]: evalRequest
05-02 13:27:28.881  4231  4231 D TelephonyNetworkFactory[1]:   done
05-02 13:27:28.881  4231  4231 D TelephonyNetworkFactory[1]: new score 0 for exisiting request NetworkRequest [ TRACK_DEFAULT id=1529, [ Capabilities: INTERNET&NOT_RESTRICTED&TRUSTED Unwanted:  Uid: 10057] ]
05-02 13:27:28.881  4231  4231 D TelephonyNetworkFactory[1]:   my score=50, my filter=[ Transports: CELLULAR Capabilities: MMS&SUPL&DUN&FOTA&IMS&CBS&IA&RCS&XCAP&EIMS&INTERNET&NOT_RESTRICTED&TRUSTED&NOT_VPN&ENT1&FOC&MCX&BIP Unwanted:  Specifier: <2>]
05-02 13:27:28.881  4231  4231 D TelephonyNetworkFactory[1]: evalRequest
05-02 13:27:28.881  4231  4231 D TelephonyNetworkFactory[1]:   done
05-02 13:27:28.881  4231  4231 D TelephonyNetworkFactory[1]: new score 0 for exisiting request NetworkRequest [ TRACK_DEFAULT id=1532, [ Capabilities: INTERNET&NOT_RESTRICTED&TRUSTED Unwanted:  Uid: 10057] ]
05-02 13:27:28.881  4231  4231 D TelephonyNetworkFactory[1]:   my score=50, my filter=[ Transports: CELLULAR Capabilities: MMS&SUPL&DUN&FOTA&IMS&CBS&IA&RCS&XCAP&EIMS&INTERNET&NOT_RESTRICTED&TRUSTED&NOT_VPN&ENT1&FOC&MCX&BIP Unwanted:  Specifier: <2>]
05-02 13:27:28.881  4231  4231 D TelephonyNetworkFactory[1]: evalRequest
05-02 13:27:28.881  4231  4231 D TelephonyNetworkFactory[1]:   done
05-02 13:27:28.881  4231  4231 D TelephonyNetworkFactory[1]: new score 0 for exisiting request NetworkRequest [ TRACK_DEFAULT id=1533, [ Capabilities: INTERNET&NOT_RESTRICTED&TRUSTED Unwanted:  Uid: 10212] ]
05-02 13:27:28.881  4231  4231 D TelephonyNetworkFactory[1]:   my score=50, my filter=[ Transports: CELLULAR Capabilities: MMS&SUPL&DUN&FOTA&IMS&CBS&IA&RCS&XCAP&EIMS&INTERNET&NOT_RESTRICTED&TRUSTED&NOT_VPN&ENT1&FOC&MCX&BIP Unwanted:  Specifier: <2>]
05-02 13:27:28.881  4231  4231 D TelephonyNetworkFactory[1]: evalRequest
05-02 13:27:28.881  4231  4231 D TelephonyNetworkFactory[1]:   done
05-02 13:27:28.881  4231  4231 D TelephonyNetworkFactory[1]: new score 0 for exisiting request NetworkRequest [ REQUEST id=1535, [ Transports: CELLULAR Capabilities: INTERNET&NOT_RESTRICTED&TRUSTED&NOT_VPN Unwanted:  Uid: 10212] ]
05-02 13:27:28.881  4231  4231 D TelephonyNetworkFactory[1]:   my score=50, my filter=[ Transports: CELLULAR Capabilities: MMS&SUPL&DUN&FOTA&IMS&CBS&IA&RCS&XCAP&EIMS&INTERNET&NOT_RESTRICTED&TRUSTED&NOT_VPN&ENT1&FOC&MCX&BIP Unwanted:  Specifier: <2>]
05-02 13:27:28.881  4231  4231 D TelephonyNetworkFactory[1]: evalRequest
05-02 13:27:28.881  4231  4231 D TelephonyNetworkFactory[1]:   done
05-02 13:27:28.881  4231  4231 D TelephonyNetworkFactory[1]: new score 0 for exisiting request NetworkRequest [ TRACK_DEFAULT id=1536, [ Capabilities: INTERNET&NOT_RESTRICTED&TRUSTED Unwanted:  Uid: 10212] ]
05-02 13:27:28.881  4231  4231 D TelephonyNetworkFactory[1]:   my score=50, my filter=[ Transports: CELLULAR Capabilities: MMS&SUPL&DUN&FOTA&IMS&CBS&IA&RCS&XCAP&EIMS&INTERNET&NOT_RESTRICTED&TRUSTED&NOT_VPN&ENT1&FOC&MCX&BIP Unwanted:  Specifier: <2>]
05-02 13:27:28.881  4231  4231 D TelephonyNetworkFactory[1]: evalRequest
05-02 13:27:28.881  4231  4231 D TelephonyNetworkFactory[1]:   done
05-02 13:27:28.881  4231  4231 D TelephonyNetworkFactory[1]: new score 0 for exisiting request NetworkRequest [ TRACK_DEFAULT id=1538, [ Capabilities: INTERNET&NOT_RESTRICTED&TRUSTED Unwanted:  Uid: 10212] ]
05-02 13:27:28.881  4231  4231 D TelephonyNetworkFactory[1]:   my score=50, my filter=[ Transports: CELLULAR Capabilities: MMS&SUPL&DUN&FOTA&IMS&CBS&IA&RCS&XCAP&EIMS&INTERNET&NOT_RESTRICTED&TRUSTED&NOT_VPN&ENT1&FOC&MCX&BIP Unwanted:  Specifier: <2>]
05-02 13:27:28.881  4231  4231 D TelephonyNetworkFactory[1]: evalRequest
05-02 13:27:28.881  4231  4231 D TelephonyNetworkFactory[1]:   done
05-02 13:27:28.881  4231  4231 D TelephonyNetworkFactory[1]: new score 0 for exisiting request NetworkRequest [ TRACK_DEFAULT id=1539, [ Capabilities: INTERNET&NOT_RESTRICTED&TRUSTED Unwanted:  Uid: 10212] ]
05-02 13:27:28.881  4231  4231 D TelephonyNetworkFactory[1]:   my score=50, my filter=[ Transports: CELLULAR Capabilities: MMS&SUPL&DUN&FOTA&IMS&CBS&IA&RCS&XCAP&EIMS&INTERNET&NOT_RESTRICTED&TRUSTED&NOT_VPN&ENT1&FOC&MCX&BIP Unwanted:  Specifier: <2>]
05-02 13:27:28.882  4231  4231 D TelephonyNetworkFactory[1]: evalRequest
05-02 13:27:28.882  4231  4231 D TelephonyNetworkFactory[1]:   done
05-02 13:27:28.882  4231  4231 D TelephonyNetworkFactory[1]: new score 0 for exisiting request NetworkRequest [ TRACK_DEFAULT id=1586, [ Capabilities: INTERNET&NOT_RESTRICTED&TRUSTED Unwanted:  Uid: 10194] ]
05-02 13:27:28.882  4231  4231 D TelephonyNetworkFactory[1]:   my score=50, my filter=[ Transports: CELLULAR Capabilities: MMS&SUPL&DUN&FOTA&IMS&CBS&IA&RCS&XCAP&EIMS&INTERNET&NOT_RESTRICTED&TRUSTED&NOT_VPN&ENT1&FOC&MCX&BIP Unwanted:  Specifier: <2>]
05-02 13:27:28.882  4231  4231 D TelephonyNetworkFactory[1]: evalRequest
05-02 13:27:28.882  4231  4231 D TelephonyNetworkFactory[1]:   done
05-02 13:27:28.882  4231  4231 D TelephonyNetworkFactory[1]: new score 0 for exisiting request NetworkRequest [ TRACK_DEFAULT id=1593, [ Capabilities: INTERNET&NOT_RESTRICTED&TRUSTED Unwanted:  Uid: 5009] ]
05-02 13:27:28.882  4231  4231 D TelephonyNetworkFactory[1]:   my score=50, my filter=[ Transports: CELLULAR Capabilities: MMS&SUPL&DUN&FOTA&IMS&CBS&IA&RCS&XCAP&EIMS&INTERNET&NOT_RESTRICTED&TRUSTED&NOT_VPN&ENT1&FOC&MCX&BIP Unwanted:  Specifier: <2>]
05-02 13:27:28.882  4231  4231 D TelephonyNetworkFactory[1]: evalRequest
05-02 13:27:28.882  4231  4231 D TelephonyNetworkFactory[1]:   done
05-02 13:27:28.882  4231  4231 D TelephonyNetworkFactory[1]: new score 0 for exisiting request NetworkRequest [ TRACK_DEFAULT id=1595, [ Capabilities: INTERNET&NOT_RESTRICTED&TRUSTED Unwanted:  Uid: 10029] ]
05-02 13:27:28.882  4231  4231 D TelephonyNetworkFactory[1]:   my score=50, my filter=[ Transports: CELLULAR Capabilities: MMS&SUPL&DUN&FOTA&IMS&CBS&IA&RCS&XCAP&EIMS&INTERNET&NOT_RESTRICTED&TRUSTED&NOT_VPN&ENT1&FOC&MCX&BIP Unwanted:  Specifier: <2>]
05-02 13:27:28.882  4231  4231 D TelephonyNetworkFactory[1]: evalRequest
05-02 13:27:28.882  4231  4231 D TelephonyNetworkFactory[1]:   done
05-02 13:27:28.884  4231  4231 D TelephonyNetworkFactory[0]: new score 0 for exisiting request NetworkRequest [ REQUEST id=1032, [ Capabilities: INTERNET&NOT_RESTRICTED&TRUSTED Unwanted:  Uid: 10029] ]
05-02 13:27:28.884  4231  4231 D TelephonyNetworkFactory[0]:   my score=50, my filter=[ Transports: CELLULAR Capabilities: MMS&SUPL&DUN&FOTA&IMS&CBS&IA&RCS&XCAP&EIMS&INTERNET&NOT_RESTRICTED&TRUSTED&NOT_VPN&ENT1&FOC&MCX&BIP Unwanted:  Specifier: <3>]
05-02 13:27:28.884  4231  4231 D TelephonyNetworkFactory[0]: evalRequest
05-02 13:27:28.884  4231  4231 D TelephonyNetworkFactory[0]:   done
05-02 13:27:28.884  4231  4231 D TelephonyNetworkFactory[0]: new score 0 for exisiting request NetworkRequest [ TRACK_DEFAULT id=1038, [ Capabilities: INTERNET&NOT_RESTRICTED&TRUSTED Unwanted:  Uid: 10029] ]
05-02 13:27:28.884  4231  4231 D TelephonyNetworkFactory[0]:   my score=50, my filter=[ Transports: CELLULAR Capabilities: MMS&SUPL&DUN&FOTA&IMS&CBS&IA&RCS&XCAP&EIMS&INTERNET&NOT_RESTRICTED&TRUSTED&NOT_VPN&ENT1&FOC&MCX&BIP Unwanted:  Specifier: <3>]
05-02 13:27:28.884  4231  4231 D TelephonyNetworkFactory[0]: evalRequest
05-02 13:27:28.884  4231  4231 D TelephonyNetworkFactory[0]:   done
05-02 13:27:28.884  4231  4231 D TelephonyNetworkFactory[0]: new score 0 for exisiting request NetworkRequest [ TRACK_DEFAULT id=1417, [ Capabilities: INTERNET&NOT_RESTRICTED&TRUSTED Unwanted:  Uid: 10197] ]
05-02 13:27:28.942  4231 18384 D DCT-1/1 : setPolicyDataEnabled: true
05-02 13:27:28.942  4231  4231 D DCT-1/1 : getAnyDataEnabled: not allowed due to - mDataEnabledSettings.isUserDataEnabled() = false
05-02 13:27:28.942  4231  4231 D DCT-1/1 : needSkipForNonDDS: ignore set PolicyDataEnabled phoneId = 0
05-02 13:27:28.942  4231  4231 D DCT-1/1 : onSetPolicyDataEnabled: ignore set PolicyDataEnabled because of non dds phone
05-02 13:27:28.943  4231 18384 D DCT-0/1 : setPolicyDataEnabled: true
05-02 13:27:28.943  4231  4231 D DCT-0/1 : getAnyDataEnabled: not allowed due to - mDataEnabledSettings.isUserDataEnabled() = false
05-02 13:27:31.826  4231  4231 D DCT-0/1 : Intent.getAction() : com.android.internal.telephony.data-reconnect.default
05-02 13:27:31.826  4231  4231 D DCT-0/1 : Reconnect alarm. Previous state was IDLE
05-02 13:27:31.827  4231  4231 D DCT-0/1 : onDataReconnect: currSubId = 3 phoneSubId=3
05-02 13:27:31.831  4231  4231 D DCT-0/1 : onDataReconnect: mState=IDLE reason=specificDisabled apnType=default apnContext={mApnType=default mState=IDLE mWaitingApns={[[ApnSettingV5] MCCI Internet, 4252, 43211, mcinet, , http://192.168.193.134:38090/was, 192.168.194.73, 8080, , 1, default | supl | mms, IP, IP, true, 0, 0, 0, false, 20, 0, 300, 0, , , false, 0, 0]} mApnSetting={[ApnSettingV5] MCCI Internet, 4252, 43211, mcinet, , http://192.168.193.134:38090/was, 192.168.194.73, 8080, , 1, default | supl | mms, IP, IP, true, 0, 0, 0, false, 20, 0, 300, 0, , , false, 0, 0} mReason=specificDisabled mDataEnabled=true mDependencyMet=true} mDataConnectionAsyncChannels={0=DC-1, 1=DC-2}
05-02 13:27:31.831  4231  4231 D DCT-0/1 : onDataReconnect: apnContext state=IDLE
05-02 13:27:31.831  4231  4231 D DCT-0/1 : onDataReconnect: state is FAILED|IDLE, disassociate
05-02 13:27:31.831  4231  4231 D DCT-0/1 : onDataReconnect: tearDown apnContext={mApnType=default mState=IDLE mWaitingApns={[[ApnSettingV5] MCCI Internet, 4252, 43211, mcinet, , http://192.168.193.134:38090/was, 192.168.194.73, 8080, , 1, default | supl | mms, IP, IP, true, 0, 0, 0, false, 20, 0, 300, 0, , , false, 0, 0]} mApnSetting={[ApnSettingV5] MCCI Internet, 4252, 43211, mcinet, , http://192.168.193.134:38090/was, 192.168.194.73, 8080, , 1, default | supl | mms, IP, IP, true, 0, 0, 0, false, 20, 0, 300, 0, , , false, 0, 0} mReason=specificDisabled mDataEnabled=true mDependencyMet=true}
05-02 13:27:31.831  4231  4231 D DCT-1/1 : Intent.getAction() : com.android.internal.telephony.data-reconnect.default
05-02 13:27:31.831  4231  4231 D DCT-1/1 : Reconnect alarm. Previous state was IDLE
05-02 13:27:31.831  4231  4260 D DC-2    : DcInactiveState: msg.what=EVENT_DISCONNECT
05-02 13:27:31.832  4231  4260 D DC-2    : NotifyDisconnectCompleted
05-02 13:27:31.832  4231  4260 D DC-2    : NotifyDisconnectCompleted DisconnectParams={mTag=0 mApnContext={mApnType=default mState=IDLE mWaitingApns={[[ApnSettingV5] MCCI Internet, 4252, 43211, mcinet, , http://192.168.193.134:38090/was, 192.168.194.73, 8080, , 1, default | supl | mms, IP, IP, true, 0, 0, 0, false, 20, 0, 300, 0, , , false, 0, 0]} mApnSetting={[ApnSettingV5] MCCI Internet, 4252, 43211, mcinet, , http://192.168.193.134:38090/was, 192.168.194.73, 8080, , 1, default | supl | mms, IP, IP, true, 0, 0, 0, false, 20, 0, 300, 0, , , false, 0, 0} mReason=specificDisabled mDataEnabled=true mDependencyMet=true} mReason= mOnCompletedMsg=null}
05-02 13:27:31.832  4231  4231 D DCT-0/1 : onTrySetupData: apnContext={mApnType=default mState=IDLE mWaitingApns={[[ApnSettingV5] MCCI Internet, 4252, 43211, mcinet, , http://192.168.193.134:38090/was, 192.168.194.73, 8080, , 1, default | supl | mms, IP, IP, true, 0, 0, 0, false, 20, 0, 300, 0, , , false, 0, 0]} mApnSetting={[ApnSettingV5] MCCI Internet, 4252, 43211, mcinet, , http://192.168.193.134:38090/was, 192.168.194.73, 8080, , 1, default | supl | mms, IP, IP, true, 0, 0, 0, false, 20, 0, 300, 0, , , false, 0, 0} mReason=specificDisabled mDataEnabled=true mDependencyMet=true}
05-02 13:27:31.836  4231  4231 D DCT-0/1 : isValidForEpdg: retValue=false
05-02 13:27:31.836  4231  4231 D DCT-0/1 : isEmergency: result=false
05-02 13:27:31.836  4231  4231 D DCT-0/1 : isDataAllowedOnDataDisabled: default is NOT included in mApnTypesAllowedOnDataDisabled ([ims, xcap, emergency, ims, xcap])
05-02 13:27:31.837  4231  4231 D DCT-0/1 : trySetupData for APN type default, reason: specificDisabled. Data disallowed, reasons: DATA_DISABLED
05-02 13:27:31.844  4231  4231 D DCT-0/1 : trySetupData: apnType = default, state = IDLE
05-02 13:27:31.846  4231  4231 D DCT-0/1 : notifyOffApnsOfAvailability, subId : 3, dds : 3, apnType : xcap, reason : specificDisabled
05-02 13:27:31.849  4231  4231 D DefaultPhoneNotifier: subId = 3, DDS = 3
05-02 13:27:31.851  4231  4231 D DCT-0/1 : isEmergency: result=false
05-02 13:27:31.863  4231  4231 D DCT-0/1 : notifyOffApnsOfAvailability, subId : 3, dds : 3, apnType : mcx, reason : specificDisabled
05-02 13:27:31.864  4231  4231 D DefaultPhoneNotifier: subId = 3, DDS = 3
05-02 13:27:31.865  4231  4231 D DCT-0/1 : isEmergency: result=false
05-02 13:27:31.871  4231  4231 D DCT-0/1 : notifyOffApnsOfAvailability, subId : 3, dds : 3, apnType : fota, reason : specificDisabled
05-02 13:27:31.872  4231  4231 D DefaultPhoneNotifier: subId = 3, DDS = 3
05-02 13:27:31.873  4231  4231 D DCT-0/1 : isEmergency: result=false
05-02 13:27:31.879  4231  4231 D DCT-0/1 : notifyOffApnsOfAvailability, subId : 3, dds : 3, apnType : supl, reason : specificDisabled
05-02 13:27:31.879  4231  4231 D DefaultPhoneNotifier: subId = 3, DDS = 3
05-02 13:27:31.881  4231  4231 D DCT-0/1 : isEmergency: result=false
05-02 13:27:31.903  4231  4231 D DCT-0/1 : notifyOffApnsOfAvailability, subId : 3, dds : 3, apnType : bip, reason : specificDisabled
05-02 13:27:31.903  4231  4231 D DefaultPhoneNotifier: subId = 3, DDS = 3
05-02 13:27:31.904  4231  4231 D DCT-0/1 : isEmergency: result=false
05-02 13:27:31.910  4231  4231 D DCT-0/1 : notifyOffApnsOfAvailability, subId : 3, dds : 3, apnType : emergency, reason : specificDisabled
05-02 13:27:31.911  4231  4231 D DefaultPhoneNotifier: subId = 3, DDS = 3
05-02 13:27:31.912  4231  4231 D DCT-0/1 : isEmergency: result=false
05-02 13:27:31.918  4231  4231 D DCT-0/1 : notifyOffApnsOfAvailability, subId : 3, dds : 3, apnType : ent1, reason : specificDisabled
05-02 13:27:31.919  4231  4231 D DefaultPhoneNotifier: subId = 3, DDS = 3
05-02 13:27:31.920  4231  4231 D DCT-0/1 : isEmergency: result=false
05-02 13:27:31.925  4231  4231 D DCT-0/1 : notifyOffApnsOfAvailability, subId : 3, dds : 3, apnType : hipri, reason : specificDisabled
05-02 13:27:31.927  4231  4231 D DefaultPhoneNotifier: subId = 3, DDS = 3
05-02 13:27:31.928  4231  4231 D DCT-0/1 : isEmergency: result=false
05-02 13:27:31.933  4231  4231 D DCT-0/1 : notifyOffApnsOfAvailability, subId : 3, dds : 3, apnType : mms, reason : specificDisabled
05-02 13:27:31.934  4231  4231 D DefaultPhoneNotifier: subId = 3, DDS = 3
05-02 13:27:31.935  4231  4231 D DCT-0/1 : isEmergency: result=false
05-02 13:27:31.941  4231  4231 D DCT-0/1 : notifyOffApnsOfAvailability, subId : 3, dds : 3, apnType : cbs, reason : specificDisabled
05-02 13:27:31.942  4231  4231 D DefaultPhoneNotifier: subId = 3, DDS = 3
05-02 13:27:31.943  4231  4231 D DCT-0/1 : isEmergency: result=false
05-02 13:27:31.949  4231  4231 D DCT-0/1 : notifyOffApnsOfAvailability, subId : 3, dds : 3, apnType : ia, reason : specificDisabled
05-02 13:27:31.950  4231  4231 D DefaultPhoneNotifier: subId = 3, DDS = 3
05-02 13:27:31.951  4231  4231 D DCT-0/1 : isEmergency: result=false
05-02 13:27:31.957  4231  4231 D DCT-0/1 : notifyOffApnsOfAvailability, subId : 3, dds : 3, apnType : foc, reason : specificDisabled
05-02 13:27:31.958  4231  4231 D DefaultPhoneNotifier: subId = 3, DDS = 3
05-02 13:27:31.959  4231  4231 D DCT-0/1 : isEmergency: result=false
05-02 13:27:31.965  4231  4231 D DCT-0/1 : notifyOffApnsOfAvailability, subId : 3, dds : 3, apnType : dun, reason : specificDisabled
05-02 13:27:31.966  4231  4231 D DefaultPhoneNotifier: subId = 3, DDS = 3
05-02 13:27:31.967  4231  4231 D DCT-0/1 : isEmergency: result=false
05-02 13:27:31.974  4231  4231 D DataEnabledSettings: [0]getDataEnabled during provisioning retVal=true - (false, 1)
05-02 13:27:31.975  4231  4231 D DCT-0/1 : trySetupData failed. apnContext = [type=default, mState=IDLE, apnEnabled=true, mDependencyMet=true] isDataEnabled() = false. [mInternalDataEnabled=true, isUserDataEnabled=false, isProvisioningDataEnabled=true, mPolicyDataEnabled=true, mCarrierDataEnabled=true]
05-02 13:27:31.977  4231  4231 D DCT-1/1 : onDataReconnect: currSubId = 3 phoneSubId=2
05-02 13:27:31.977  4231  4231 D DCT-1/1 : receive ReconnectAlarm but subId incorrect, ignore
05-02 13:27:32.038  4231  4231 D RILJ    : [1158]> RIL_REQUEST_SEND_DEVICE_STATE 1:true [SUB0]
05-02 13:27:32.039  4231  4248 D RILJ    : [1158]< RIL_REQUEST_SEND_DEVICE_STATE  [SUB0]
05-02 13:27:32.045  4231  4231 D RILJ    : [1159]> RIL_REQUEST_SEND_DEVICE_STATE 1:true [SUB1]
05-02 13:27:32.046  4231  4248 D RILJ    : [1159]< RIL_REQUEST_SEND_DEVICE_STATE  [SUB1]
05-02 13:27:32.091  4231 18384 D RILJ    : [1160]> OEM_HOOK_RAW[118200090000000001] [SUB0]
05-02 13:27:32.094  4231  4248 D RILJ    : [1160]< OEM_HOOK_RAW [B@9d60984 [SUB0]
05-02 13:27:32.094  4231 18384 D RILJ    : [1161]> OEM_HOOK_RAW[118200090000000001] [SUB1]
05-02 13:27:32.097  4231  4248 D RILJ    : [1161]< OEM_HOOK_RAW [B@720756d [SUB1]
05-02 13:27:32.629  3562  3990 D RILClient: processUnsolicited(): resp_id (11010), len(116)
05-02 13:27:32.629  3341  4891 D RILClient: processUnsolicited(): resp_id (11010), len(116)
05-02 13:27:32.629  4532  6390 D use-Rlog/RLOG-RILClient: processUnsolicited(): resp_id (11010), len(116)
05-02 13:27:32.629  3575  3993 D RILClient: processUnsolicited(): resp_id (11010), len(116)
05-02 13:27:32.629  5311  5353 D RILS    : processUnsolicited : 11010
05-02 13:27:32.630  8838  8870 D use-Rlog/RLOG-RILClient: processUnsolicited(): resp_id (11010), len(116)
05-02 13:27:32.630  3539  4038 D RILClient: processUnsolicited(): resp_id (11010), len(116)
05-02 13:27:32.630  3535  4472 D RILClient: processUnsolicited(): resp_id (11010), len(116)
05-02 13:27:32.632  4231  4248 D RILJ    : Unsol response received; Sending ack to ril.cpp [SUB0]
05-02 13:27:32.632  4231  4248 D RILJ    : [UNSL]< UNSOL_AM [SUB0]
05-02 13:27:32.652  4231  4352 D RILJ    : [1163]> OEM_HOOK_RAW[118200090000000001] [SUB0]
05-02 13:27:32.654  4231  4352 D RILJ    : [1164]> OEM_HOOK_RAW[118200090000000001] [SUB1]
05-02 13:27:32.655  4231  4248 D RILJ    : [1164]< OEM_HOOK_RAW [B@be765a2 [SUB1]
05-02 13:27:32.657  4231  4248 D RILJ    : [1163]< OEM_HOOK_RAW [B@fc9d233 [SUB0]
05-02 13:27:32.660  4231  4352 D RILJ    : [1165]> OEM_HOOK_RAW[118200090000000002] [SUB0]
05-02 13:27:32.662  4231  4248 D RILJ    : [1165]< OEM_HOOK_RAW [B@d6c39f0 [SUB0]
05-02 13:27:32.663  4231  4352 D RILJ    : [1166]> OEM_HOOK_RAW[118200090000000002] [SUB1]
05-02 13:27:32.665  4231  4248 D RILJ    : [1166]< OEM_HOOK_RAW [B@5bfb69 [SUB1]
05-02 13:27:32.671  3341  4891 D RILClient: processUnsolicited(): resp_id (11010), len(81)
05-02 13:27:32.671  3562  3990 D RILClient: processUnsolicited(): resp_id (11010), len(81)
05-02 13:27:32.672  4532  6390 D use-Rlog/RLOG-RILClient: processUnsolicited(): resp_id (11010), len(81)
05-02 13:27:32.672  3575  3993 D RILClient: processUnsolicited(): resp_id (11010), len(81)
05-02 13:27:32.672  5311  5353 D RILS    : processUnsolicited : 11010
05-02 13:27:32.672  3539  4038 D RILClient: processUnsolicited(): resp_id (11010), len(81)
05-02 13:27:32.672  3535  4472 D RILClient: processUnsolicited(): resp_id (11010), len(81)
05-02 13:27:32.672  8838  8870 D use-Rlog/RLOG-RILClient: processUnsolicited(): resp_id (11010), len(81)
05-02 13:27:32.673  4231  4248 D RILJ    : Unsol response received; Sending ack to ril.cpp [SUB0]
05-02 13:27:32.673  4231  4248 D RILJ    : [UNSL]< UNSOL_AM [SUB0]
05-02 13:27:32.676  4231  4248 D RILJ    : Unsol response received; Sending ack to ril.cpp [SUB0]
05-02 13:27:32.676  4231  4248 D RILJ    : [UNSL]< UNSOL_RESPONSE_NETWORK_STATE_CHANGED [SUB0]
05-02 13:27:32.676  4231  4411 D NetworkRegistrationManager: onNetworkStateChanged
05-02 13:27:32.676  4231  4231 D SST     : [0] pollState: modemTriggered=true, RadioState: RADIO_ON
05-02 13:27:32.678  4231  4231 D RILJ    : [1169]> OPERATOR [SUB0]
05-02 13:27:32.678  4231  4231 D NetworkRegistrationManager: getNetworkRegistrationState domain 2
05-02 13:27:32.678  4231  4231 D NetworkRegistrationManager: getNetworkRegistrationState domain 1
05-02 13:27:32.679  4231  4411 D RILJ    : [1170]> DATA_REGISTRATION_STATE [SUB0]
05-02 13:27:32.680  4231  4231 D RILJ    : [1171]> QUERY_NETWORK_SELECTION_MODE [SUB0]
05-02 13:27:32.681  4231  4411 D RILJ    : [1172]> VOICE_REGISTRATION_STATE [SUB0]
05-02 13:27:32.684  4231  4248 D use-Rlog/RLOG-IMS-IIL: ImsSecChannelCallback: receive
05-02 13:27:32.684  4231  4248 D use-Rlog/RLOG-IMS-IIL: IpcDispatcher: [Rx]: (M)IPC_IIL_CMD (S)IPC_IIL_SSAC_INFO (T)EVENT l:13
05-02 13:27:32.685  4231  4248 D RILJ    : [1169]< OPERATOR  [SUB0]
05-02 13:27:32.688  4231  4551 D use-Rlog/RLOG-IMS-IIL: ImsIilManager: handleMessage: event 100
05-02 13:27:32.688  4231  4551 D use-Rlog/RLOG-IMS-IIL: ImsIilManager: handleSSACInfo()
05-02 13:27:32.690  4231  4248 D RILJ    : [1170]< DATA_REGISTRATION_STATE {.base = {.regState = REG_HOME, .rat = 14, .reasonDataDenied = 0, .maxDataCalls = 4, .cellIdentity = {.cellInfoType = LTE, .cellIdentityGsm = [], .cellIdentityWcdma = [], .cellIdentityCdma = [], .cellIdentityLte = [{.base = {.mcc = 432, .mnc = 11, .ci = 23583787, .pci = 481, .tac = 44220, .earfcn = -1}, .operatorNames = {.alphaLong = IR-MCI, .alphaShort = IR-MCI}, .bandwidth = 0}], .cellIdentityTdscdma = []}}, .lac = 0, .cid = 23583787, .tac = 44220, .snapshotStatus = 0, .mobileState = 1, .mobileRat = 14, .mobileOptionalRat = 0} [SUB0]
05-02 13:27:32.690  4231  4645 D NetworkRegistrationManager: onGetNetworkRegistrationStateComplete result 0 state NetworkRegistrationState{transportType=1 domain=PS regState=HOME accessNetworkTechnology=LTE reasonForDenial=0 emergencyEnabled=false supportedServices=[I@74354ab cellIdentity=CellIdentityLte:{ mCi=23583787 mPci=481 mTac=44220 mEarfcn=-1 mBandwidth=0 mMcc=432 mMnc=11 mAlphaLong=IR-MCI mAlphaShort=IR-MCI} voiceSpecificStates=null dataSpecificStates=DataSpecificRegistrationStates { mMaxDataCalls=4 mLac=0 mCid=23583787 mTac=44220 mSnapshotStatus=0 mMobileState=1 mMobileRat=14 mMobileOptionalRat=0}}
05-02 13:27:32.690  4231  4231 E SST     : [0] Invalid LTE Bandwidth in RegistrationState, 0
05-02 13:27:32.691  4231  4551 D use-Rlog/RLOG-IMS-IIL: ImsCallManager: handleMessage: event 100
05-02 13:27:32.691  4231  4551 D use-Rlog/RLOG-IMS-IIL: ImsSmsManager: handleMessage: event 100
05-02 13:27:32.692  4231  4551 D use-Rlog/RLOG-IMS-IIL: ImsSsManager: handleMessage: event 100
05-02 13:27:32.692  4231  4231 D SST     : [0] handlPollStateResultMessage: GsmSST dataServiceState=0 regState=1 dataRadioTechnology=14
05-02 13:27:32.693  4231  4248 D RILJ    : [1171]< QUERY_NETWORK_SELECTION_MODE {0} [SUB0]
05-02 13:27:32.693  4231  4231 D SST     : [0] EVENT_POLL_STATE_NETWORK_SELECTION_MODE
05-02 13:27:32.697  4231  4248 D RILJ    : [1172]< VOICE_REGISTRATION_STATE {.base = {.regState = REG_HOME, .rat = 14, .cssSupported = false, .roamingIndicator = 0, .systemIsInPrl = 0, .defaultRoamingIndicator = 0, .reasonForDenial = 0, .cellIdentity = {.cellInfoType = LTE, .cellIdentityGsm = [], .cellIdentityWcdma = [], .cellIdentityCdma = [], .cellIdentityLte = [{.base = {.mcc = 432, .mnc = 11, .ci = 23583787, .pci = 481, .tac = 44220, .earfcn = -1}, .operatorNames = {.alphaLong = IR-MCI, .alphaShort = IR-MCI}, .bandwidth = 0}], .cellIdentityTdscdma = []}}, .lac = 44220, .cid = 23583787, .psVoiceSupport = 1, .imsEmergencyCallSupport = 2, .imsEmergencyCallBarring = 0, .mobileState = 1, .mobileRat = 14, .isPsOnlyReg = false} [SUB0]
05-02 13:27:32.699  4231  4645 D NetworkRegistrationManager: onGetNetworkRegistrationStateComplete result 0 state NetworkRegistrationState{transportType=1 domain=CS regState=HOME accessNetworkTechnology=LTE reasonForDenial=0 emergencyEnabled=false supportedServices=[I@2b95708 cellIdentity=CellIdentityLte:{ mCi=23583787 mPci=481 mTac=44220 mEarfcn=-1 mBandwidth=0 mMcc=432 mMnc=11 mAlphaLong=IR-MCI mAlphaShort=IR-MCI} voiceSpecificStates=VoiceSpecificRegistrationStates { mCssSupported=false mRoamingIndicator=0 mSystemIsInPrl=0 mDefaultRoamingIndicator=0 mLac=44220 mCid=23583787 mPsVoiceSupport1 mImsEmergencyCallSupport2 mImsEmergencyCallBarring0 mMobileState1 mMobileRat14 mIsPsOnlyRegfalse} dataSpecificStates=null}
05-02 13:27:32.699  4231  4231 E SST     : [0] Invalid LTE Bandwidth in RegistrationState, 0
05-02 13:27:32.699  4231  4231 D SST     : [0] KnoxGuard: mPhone.mPhoneId: 0, reasonForDenial: 0
05-02 13:27:32.700  4231  4231 D SST     : [0] KnoxGuard: setNetRegistRejectCause() ret : 0
05-02 13:27:32.700  4231  4231 D SST     : [0] Use Data TAC for CellLocation LAC (Voice: LTE)
05-02 13:27:32.700  4231  4231 D SST     : [0] Use Voice CID for CellLocation CID
05-02 13:27:32.700  4231  4231 D SST     : [0] handlPollVoiceRegResultMessage: regState=1 radioTechnology=14
05-02 13:27:32.703  4231  4231 D SST     : [0] setRoamingType: currentRoamingType = 0
05-02 13:27:32.703  4231  4231 D SST     : [0] Update LteImsVoiceAvail: 1
05-02 13:27:32.704  4231  4231 D SST     : [0] Poll ServiceState done: oldSS=[{mVoiceRegState=0(IN_SERVICE), mDataRegState=0(IN_SERVICE), mChannelNumber=-1, duplexMode()=0, mCellBandwidths=[], mVoiceRoamingType=home, mDataRoamingType=home, isManualNetworkSelection=false(automatic), mRilVoiceRadioTechnology=14(LTE), mRilDataRadioTechnology=14(LTE), mCssIndicator=unsupported, mCdmaRoamingIndicator=-1, mCdmaDefaultRoamingIndicator=-1, VoiceRegType=0, ImsVoiceAvail=1, IsEbSupport=2, IsEaBarred=0, Snap=0, MobileVoice=IN_SERVICE, MobileVoiceRat=LTE, MobileData=IN_SERVICE, MobileDataRoamingType=home, MobileDataRat=LTE PsOnly=false FemtocellInd=0 EndcStatus=0 RestrictDcnr=0 NrBearerStatus=0, mIsEmergencyOnly=false, mIsDataRoamingFromRegistration=false, mIsUsingCarrierAggregation=true, mLteEarfcnRsrpBoost=0, mNetworkRegistrationStates=[NetworkRegistrationState{transportType=1 domain=PS regState=HOME accessNetworkTechnology=LTE_CA reasonForDenial=0 emergencyEnabled=false supportedServices=[I@f24053e cellIdentity=CellIdentityLte:{ mCi=23583787 mPci=481 mTac=44220 mEarfcn=-1 mBandwidth=0 mMcc=432 mMnc=11 mAlphaLong=IR-MCI mAlphaShort=IR-MCI} voiceSpecificStates=null dataSpecificStates=DataSpecificRegistrationStates { mMaxDataCalls=4 mLac=0 mCid=23583787 mTac=44220 mSnapshotStatus=0 mMobileState=1 mMobileRat=14 mMobileOptionalRat=0}}, NetworkRegistrationState{transportType=1 domain=CS regState=HOME accessNetworkTechnology=LTE_CA reasonForDenial=0 emergencyEnabled=false supportedServices=[I@7e34f9f cellIdentity=CellIdentityLte:{ mCi=23583787 mPci=481 mTac=44220 mEarfcn=-1 mBandwidth=0 mMcc=432 mMnc=11 mAlphaLong=IR-MCI mAlphaShort=IR-MCI} voiceSpecificStates=VoiceSpecificRegistrationStates { mCssSupported=false mRoamingIndicator=0 mSystemIsInPrl=0 mDefaultRoamingIndicator=0 mLac=44220 mCid=23583787 mPsVoiceSupport1 mImsEmergencyCallSupport2 mImsEmergencyCallBarring0 mMobileState1 mMobileRat14 mIsPsOnlyRegfalse} dataSpecificStates=null}]}]
05-02 13:27:32.704  4231  4231 D SST     : [0] Poll ServiceState done: newSS=[{mVoiceRegState=0(IN_SERVICE), mDataRegState=0(IN_SERVICE), mChannelNumber=-1, duplexMode()=0, mCellBandwidths=[], mVoiceRoamingType=home, mDataRoamingType=home, isManualNetworkSelection=false(automatic), mRilVoiceRadioTechnology=14(LTE), mRilDataRadioTechnology=14(LTE), mCssIndicator=unsupported, mCdmaRoamingIndicator=-1, mCdmaDefaultRoamingIndicator=-1, VoiceRegType=0, ImsVoiceAvail=1, IsEbSupport=2, IsEaBarred=0, Snap=0, MobileVoice=IN_SERVICE, MobileVoiceRat=LTE, MobileData=IN_SERVICE, MobileDataRoamingType=home, MobileDataRat=LTE PsOnly=false FemtocellInd=0 EndcStatus=0 RestrictDcnr=0 NrBearerStatus=0, mIsEmergencyOnly=false, mIsDataRoamingFromRegistration=false, mIsUsingCarrierAggregation=false, mLteEarfcnRsrpBoost=0, mNetworkRegistrationStates=[NetworkRegistrationState{transportType=1 domain=PS regState=HOME accessNetworkTechnology=LTE reasonForDenial=0 emergencyEnabled=false supportedServices=[I@74354ab cellIdentity=CellIdentityLte:{ mCi=23583787 mPci=481 mTac=44220 mEarfcn=-1 mBandwidth=0 mMcc=432 mMnc=11 mAlphaLong=IR-MCI mAlphaShort=IR-MCI} voiceSpecificStates=null dataSpecificStates=DataSpecificRegistrationStates { mMaxDataCalls=4 mLac=0 mCid=23583787 mTac=44220 mSnapshotStatus=0 mMobileState=1 mMobileRat=14 mMobileOptionalRat=0}}, NetworkRegistrationState{transportType=1 domain=CS regState=HOME accessNetworkTechnology=LTE reasonForDenial=0 emergencyEnabled=false supportedServices=[I@2b95708 cellIdentity=CellIdentityLte:{ mCi=23583787 mPci=481 mTac=44220 mEarfcn=-1 mBandwidth=0 mMcc=432 mMnc=11 mAlphaLong=IR-MCI mAlphaShort=IR-MCI} voiceSpecificStates=VoiceSpecificRegistrationStates { mCssSupported=false mRoamingIndicator=0 mSystemIsInPrl=0 mDefaultRoamingIndicator=0 mLac=44220 mCid=23583787 mPsVoiceSupport1 mImsEmergencyCallSupport2 mImsEmergencyCallBarring0 mMobileState1 mMobileRat14 mIsPsOnlyRegfalse} dataSpecificStates=null}]}]
05-02 13:27:32.704  4231  4231 D SST     : [0] oldMaxDataCalls=4 mNewMaxDataCalls=4 oldReasonDataDenied=0 mNewReasonDataDenied=0
05-02 13:27:32.704  4231  4231 D SST     : [0] KnoxGuard. mRejectCode: 0, mNewRejectCode: 0
05-02 13:27:32.706  4231  4231 D SST     : [0] pollStateDone: hasRegistered=false hasDeregistered=false hasDataAttached=false hasDataDetached=false hasDataRegStateChanged=false hasRilVoiceRadioTechnologyChanged= false hasRilDataRadioTechnologyChanged=false hasChanged=true hasVoiceRoamingOn=false hasVoiceRoamingOff=false hasDataRoamingOn=false hasDataRoamingOff=false hasLocationChanged=false has4gHandoff = false hasMultiApnSupport=false hasLostMultiApnSupport=false hasCssIndicatorChanged=false
05-02 13:27:32.708  4231  4231 D SST     : [0] setSpnDynamic: rule - , spn - , onlyOn - null
05-02 13:27:32.709  4231  4231 D SIMRecords0: [SIMRecords] getServiceProviderName: no brandOverride, providerName=IR-MCI
05-02 13:27:32.711  4231  4231 D SIMRecords0: [SIMRecords] getServiceProviderName: no brandOverride, providerName=IR-MCI
05-02 13:27:32.714  4231  4231 D SubscriptionController: [getPhoneId]- subId=0 not found return default phoneId=0
05-02 13:27:32.716  4231  4231 D LocaleTracker: updateOperatorNumericSync. mcc/mnc=43211
05-02 13:27:32.716  4231  4231 D SST     : [0] Before handleNetworkCountryCodeKnown: countryChanged=false iccCardExist=true countryIsoChanged=false operatorNumeric=43211 prevOperatorNumeric=43211 countryIsoCode=ir prevCountryIsoCode=ir ltod=05-02 13:27:32.716
05-02 13:27:32.719  4231  4231 D SST     : TIMEZONE : tz empty or used for ir
05-02 13:27:32.719  4231  4231 D TelephonyManager: setNetworkRoamingForPhone - caller PID:4231, UID: 1001, TID: 4231
05-02 13:27:32.720  4231  4231 D SST     : [0] setRoamingType: currentRoamingType = 0
05-02 13:27:32.720  4231  4231 D SST     : [0] Broadcasting ServiceState : {mVoiceRegState=0(IN_SERVICE), mDataRegState=0(IN_SERVICE), mChannelNumber=-1, duplexMode()=0, mCellBandwidths=[], mVoiceRoamingType=home, mDataRoamingType=home, isManualNetworkSelection=false(automatic), mRilVoiceRadioTechnology=14(LTE), mRilDataRadioTechnology=14(LTE), mCssIndicator=unsupported, mCdmaRoamingIndicator=-1, mCdmaDefaultRoamingIndicator=-1, VoiceRegType=0, ImsVoiceAvail=1, IsEbSupport=2, IsEaBarred=0, Snap=0, MobileVoice=IN_SERVICE, MobileVoiceRat=LTE, MobileData=IN_SERVICE, MobileDataRoamingType=home, MobileDataRat=LTE PsOnly=false FemtocellInd=0 EndcStatus=0 RestrictDcnr=0 NrBearerStatus=0, mIsEmergencyOnly=false, mIsDataRoamingFromRegistration=false, mIsUsingCarrierAggregation=false, mLteEarfcnRsrpBoost=0, mNetworkRegistrationStates=[NetworkRegistrationState{transportType=1 domain=PS regState=HOME accessNetworkTechnology=LTE reasonForDenial=0 emergencyEnabled=false supportedServices=[I@74354ab cellIdentity=CellIdentityLte:{ mCi=23583787 mPci=481 mTac=44220 mEarfcn=-1 mBandwidth=0 mMcc=432 mMnc=11 mAlphaLong=IR-MCI mAlphaShort=IR-MCI} voiceSpecificStates=null dataSpecificStates=DataSpecificRegistrationStates { mMaxDataCalls=4 mLac=0 mCid=23583787 mTac=44220 mSnapshotStatus=0 mMobileState=1 mMobileRat=14 mMobileOptionalRat=0}}, NetworkRegistrationState{transportType=1 domain=CS regState=HOME accessNetworkTechnology=LTE reasonForDenial=0 emergencyEnabled=false supportedServices=[I@2b95708 cellIdentity=CellIdentityLte:{ mCi=23583787 mPci=481 mTac=44220 mEarfcn=-1 mBandwidth=0 mMcc=432 mMnc=11 mAlphaLong=IR-MCI mAlphaShort=IR-MCI} voiceSpecificStates=VoiceSpecificRegistrationStates { mCssSupported=false mRoamingIndicator=0 mSystemIsInPrl=0 mDefaultRoamingIndicator=0 mLac=44220 mCid=23583787 mPsVoiceSupport1 mImsEmergencyCallSupport2 mImsEmergencyCallBarring0 mMobileState1 mMobileRat14 mIsPsOnlyRegfalse} dataSpecificStates=null}]}
