05-02 13:27:09.083  4231  4231 D TelephonyNetworkFactory[1]: new score 50 for exisiting request NetworkRequest [ TRACK_DEFAULT id=21, [ Capabilities: INTERNET&NOT_RESTRICTED&TRUSTED Unwanted:  Uid: 10097] ]
05-02 13:27:09.083  4231  4231 D TelephonyNetworkFactory[1]:   my score=50, my filter=[ Transports: CELLULAR Capabilities: MMS&SUPL&DUN&FOTA&IMS&CBS&IA&RCS&XCAP&EIMS&INTERNET&NOT_RESTRICTED&TRUSTED&NOT_VPN&ENT1&FOC&MCX&BIP Unwanted:  Specifier: <2>]
05-02 13:27:09.083  4231  4231 D TelephonyNetworkFactory[1]: evalRequest
05-02 13:27:09.083  4231  4231 D TelephonyNetworkFactory[1]:   done
05-02 13:27:09.085  4231  4231 D TelephonyNetworkFactory[0]: new score 50 for exisiting request NetworkRequest [ TRACK_DEFAULT id=34, [ Capabilities: INTERNET&NOT_RESTRICTED&TRUSTED Unwanted:  Uid: 10097] ]
05-02 13:27:09.086  4231  4231 D TelephonyNetworkFactory[0]:   my score=50, my filter=[ Transports: CELLULAR Capabilities: MMS&SUPL&DUN&FOTA&IMS&CBS&IA&RCS&XCAP&EIMS&INTERNET&NOT_RESTRICTED&TRUSTED&NOT_VPN&ENT1&FOC&MCX&BIP Unwanted:  Specifier: <3>]
05-02 13:27:09.086  4231  4231 D TelephonyNetworkFactory[0]: evalRequest
05-02 13:27:09.086  4231  4231 D TelephonyNetworkFactory[0]:   done
05-02 13:27:09.086  4231  4231 D TelephonyNetworkFactory[1]: new score 50 for exisiting request NetworkRequest [ TRACK_DEFAULT id=34, [ Capabilities: INTERNET&NOT_RESTRICTED&TRUSTED Unwanted:  Uid: 10097] ]
05-02 13:27:09.086  4231  4231 D TelephonyNetworkFactory[1]:   my score=50, my filter=[ Transports: CELLULAR Capabilities: MMS&SUPL&DUN&FOTA&IMS&CBS&IA&RCS&XCAP&EIMS&INTERNET&NOT_RESTRICTED&TRUSTED&NOT_VPN&ENT1&FOC&MCX&BIP Unwanted:  Specifier: <2>]
05-02 13:27:09.086  4231  4231 D TelephonyNetworkFactory[1]: evalRequest
05-02 13:27:09.086  4231  4231 D TelephonyNetworkFactory[1]:   done
05-02 13:27:09.088  4231  4231 D TelephonyNetworkFactory[0]: new score 50 for exisiting request NetworkRequest [ TRACK_DEFAULT id=120, [ Capabilities: INTERNET&NOT_RESTRICTED&TRUSTED Unwanted:  Uid: 10097] ]
05-02 13:27:09.089  4231  4231 D TelephonyNetworkFactory[0]:   my score=50, my filter=[ Transports: CELLULAR Capabilities: MMS&SUPL&DUN&FOTA&IMS&CBS&IA&RCS&XCAP&EIMS&INTERNET&NOT_RESTRICTED&TRUSTED&NOT_VPN&ENT1&FOC&MCX&BIP Unwanted:  Specifier: <3>]
05-02 13:27:09.089  4231  4231 D TelephonyNetworkFactory[0]: evalRequest
05-02 13:27:09.089  4231  4231 D TelephonyNetworkFactory[0]:   done
05-02 13:27:09.089  4231  4231 D TelephonyNetworkFactory[1]: new score 50 for exisiting request NetworkRequest [ TRACK_DEFAULT id=120, [ Capabilities: INTERNET&NOT_RESTRICTED&TRUSTED Unwanted:  Uid: 10097] ]
05-02 13:27:09.089  4231  4231 D TelephonyNetworkFactory[1]:   my score=50, my filter=[ Transports: CELLULAR Capabilities: MMS&SUPL&DUN&FOTA&IMS&CBS&IA&RCS&XCAP&EIMS&INTERNET&NOT_RESTRICTED&TRUSTED&NOT_VPN&ENT1&FOC&MCX&BIP Unwanted:  Specifier: <2>]
05-02 13:27:09.089  4231  4231 D TelephonyNetworkFactory[1]: evalRequest
05-02 13:27:09.089  4231  4231 D TelephonyNetworkFactory[1]:   done
05-02 13:27:09.091  4231  4231 D TelephonyNetworkFactory[0]: new score 50 for exisiting request NetworkRequest [ REQUEST id=1032, [ Capabilities: INTERNET&NOT_RESTRICTED&TRUSTED Unwanted:  Uid: 10029] ]
05-02 13:27:09.092  4231  4231 D TelephonyNetworkFactory[0]:   my score=50, my filter=[ Transports: CELLULAR Capabilities: MMS&SUPL&DUN&FOTA&IMS&CBS&IA&RCS&XCAP&EIMS&INTERNET&NOT_RESTRICTED&TRUSTED&NOT_VPN&ENT1&FOC&MCX&BIP Unwanted:  Specifier: <3>]
05-02 13:27:09.092  4231  4231 D TelephonyNetworkFactory[0]: evalRequest
05-02 13:27:09.092  4231  4231 D TelephonyNetworkFactory[0]:   done
05-02 13:27:09.092  4231  4231 D TelephonyNetworkFactory[1]: new score 50 for exisiting request NetworkRequest [ REQUEST id=1032, [ Capabilities: INTERNET&NOT_RESTRICTED&TRUSTED Unwanted:  Uid: 10029] ]
05-02 13:27:09.092  4231  4231 D TelephonyNetworkFactory[1]:   my score=50, my filter=[ Transports: CELLULAR Capabilities: MMS&SUPL&DUN&FOTA&IMS&CBS&IA&RCS&XCAP&EIMS&INTERNET&NOT_RESTRICTED&TRUSTED&NOT_VPN&ENT1&FOC&MCX&BIP Unwanted:  Specifier: <2>]
05-02 13:27:09.092  4231  4231 D TelephonyNetworkFactory[1]: evalRequest
05-02 13:27:09.092  4231  4231 D TelephonyNetworkFactory[1]:   done
05-02 13:27:09.128  4231  4231 D TelephonyNetworkFactory[0]: new score 50 for exisiting request NetworkRequest [ TRACK_DEFAULT id=1038, [ Capabilities: INTERNET&NOT_RESTRICTED&TRUSTED Unwanted:  Uid: 10029] ]
05-02 13:27:09.128  4231  4231 D TelephonyNetworkFactory[0]:   my score=50, my filter=[ Transports: CELLULAR Capabilities: MMS&SUPL&DUN&FOTA&IMS&CBS&IA&RCS&XCAP&EIMS&INTERNET&NOT_RESTRICTED&TRUSTED&NOT_VPN&ENT1&FOC&MCX&BIP Unwanted:  Specifier: <3>]
05-02 13:27:09.128  4231  4231 D TelephonyNetworkFactory[0]: evalRequest
05-02 13:27:09.128  4231  4231 D TelephonyNetworkFactory[0]:   done
05-02 13:27:09.128  4231  4231 D TelephonyNetworkFactory[1]: new score 50 for exisiting request NetworkRequest [ TRACK_DEFAULT id=1038, [ Capabilities: INTERNET&NOT_RESTRICTED&TRUSTED Unwanted:  Uid: 10029] ]
05-02 13:27:09.128  4231  4231 D TelephonyNetworkFactory[1]:   my score=50, my filter=[ Transports: CELLULAR Capabilities: MMS&SUPL&DUN&FOTA&IMS&CBS&IA&RCS&XCAP&EIMS&INTERNET&NOT_RESTRICTED&TRUSTED&NOT_VPN&ENT1&FOC&MCX&BIP Unwanted:  Specifier: <2>]
05-02 13:27:09.128  4231  4231 D TelephonyNetworkFactory[1]: evalRequest
05-02 13:27:09.128  4231  4231 D TelephonyNetworkFactory[1]:   done
05-02 13:27:09.128  4231  4231 D TelephonyNetworkFactory[1]: new score 50 for exisiting request NetworkRequest [ TRACK_DEFAULT id=1417, [ Capabilities: INTERNET&NOT_RESTRICTED&TRUSTED Unwanted:  Uid: 10197] ]
05-02 13:27:09.129  4231  4231 D TelephonyNetworkFactory[1]:   my score=50, my filter=[ Transports: CELLULAR Capabilities: MMS&SUPL&DUN&FOTA&IMS&CBS&IA&RCS&XCAP&EIMS&INTERNET&NOT_RESTRICTED&TRUSTED&NOT_VPN&ENT1&FOC&MCX&BIP Unwanted:  Specifier: <2>]
05-02 13:27:09.129  4231  4231 D TelephonyNetworkFactory[1]: evalRequest
05-02 13:27:09.129  4231  4231 D TelephonyNetworkFactory[1]:   done
05-02 13:27:09.130  4231  4231 D TelephonyNetworkFactory[1]: new score 50 for exisiting request NetworkRequest [ TRACK_DEFAULT id=1463, [ Capabilities: INTERNET&NOT_RESTRICTED&TRUSTED Unwanted:  Uid: 10209] ]
05-02 13:27:09.130  4231  4231 D TelephonyNetworkFactory[1]:   my score=50, my filter=[ Transports: CELLULAR Capabilities: MMS&SUPL&DUN&FOTA&IMS&CBS&IA&RCS&XCAP&EIMS&INTERNET&NOT_RESTRICTED&TRUSTED&NOT_VPN&ENT1&FOC&MCX&BIP Unwanted:  Specifier: <2>]
05-02 13:27:09.130  4231  4231 D TelephonyNetworkFactory[1]: evalRequest
05-02 13:27:09.130  4231  4231 D TelephonyNetworkFactory[1]:   done
05-02 13:27:09.130  4231  4231 D TelephonyNetworkFactory[1]: new score 50 for exisiting request NetworkRequest [ TRACK_DEFAULT id=1529, [ Capabilities: INTERNET&NOT_RESTRICTED&TRUSTED Unwanted:  Uid: 10057] ]
05-02 13:27:09.130  4231  4231 D TelephonyNetworkFactory[1]:   my score=50, my filter=[ Transports: CELLULAR Capabilities: MMS&SUPL&DUN&FOTA&IMS&CBS&IA&RCS&XCAP&EIMS&INTERNET&NOT_RESTRICTED&TRUSTED&NOT_VPN&ENT1&FOC&MCX&BIP Unwanted:  Specifier: <2>]
05-02 13:27:09.130  4231  4231 D TelephonyNetworkFactory[1]: evalRequest
05-02 13:27:09.130  4231  4231 D TelephonyNetworkFactory[1]:   done
05-02 13:27:09.130  4231  4231 D TelephonyNetworkFactory[1]: new score 50 for exisiting request NetworkRequest [ TRACK_DEFAULT id=1532, [ Capabilities: INTERNET&NOT_RESTRICTED&TRUSTED Unwanted:  Uid: 10057] ]
05-02 13:27:09.130  4231  4231 D TelephonyNetworkFactory[1]:   my score=50, my filter=[ Transports: CELLULAR Capabilities: MMS&SUPL&DUN&FOTA&IMS&CBS&IA&RCS&XCAP&EIMS&INTERNET&NOT_RESTRICTED&TRUSTED&NOT_VPN&ENT1&FOC&MCX&BIP Unwanted:  Specifier: <2>]
05-02 13:27:09.130  4231  4231 D TelephonyNetworkFactory[1]: evalRequest
05-02 13:27:09.130  4231  4231 D TelephonyNetworkFactory[1]:   done
05-02 13:27:09.130  4231  4231 D TelephonyNetworkFactory[1]: new score 50 for exisiting request NetworkRequest [ TRACK_DEFAULT id=1533, [ Capabilities: INTERNET&NOT_RESTRICTED&TRUSTED Unwanted:  Uid: 10212] ]
05-02 13:27:09.130  4231  4231 D TelephonyNetworkFactory[1]:   my score=50, my filter=[ Transports: CELLULAR Capabilities: MMS&SUPL&DUN&FOTA&IMS&CBS&IA&RCS&XCAP&EIMS&INTERNET&NOT_RESTRICTED&TRUSTED&NOT_VPN&ENT1&FOC&MCX&BIP Unwanted:  Specifier: <2>]
05-02 13:27:09.130  4231  4231 D TelephonyNetworkFactory[1]: evalRequest
05-02 13:27:09.130  4231  4231 D TelephonyNetworkFactory[1]:   done
05-02 13:27:09.133  4231  4231 D TelephonyNetworkFactory[0]: new score 50 for exisiting request NetworkRequest [ TRACK_DEFAULT id=1417, [ Capabilities: INTERNET&NOT_RESTRICTED&TRUSTED Unwanted:  Uid: 10197] ]
05-02 13:27:09.133  4231  4231 D TelephonyNetworkFactory[0]:   my score=50, my filter=[ Transports: CELLULAR Capabilities: MMS&SUPL&DUN&FOTA&IMS&CBS&IA&RCS&XCAP&EIMS&INTERNET&NOT_RESTRICTED&TRUSTED&NOT_VPN&ENT1&FOC&MCX&BIP Unwanted:  Specifier: <3>]
05-02 13:27:09.133  4231  4231 D TelephonyNetworkFactory[0]: evalRequest
05-02 13:27:09.133  4231  4231 D TelephonyNetworkFactory[0]:   done
05-02 13:27:09.133  4231  4231 D TelephonyNetworkFactory[0]: new score 50 for exisiting request NetworkRequest [ TRACK_DEFAULT id=1463, [ Capabilities: INTERNET&NOT_RESTRICTED&TRUSTED Unwanted:  Uid: 10209] ]
05-02 13:27:09.133  4231  4231 D TelephonyNetworkFactory[0]:   my score=50, my filter=[ Transports: CELLULAR Capabilities: MMS&SUPL&DUN&FOTA&IMS&CBS&IA&RCS&XCAP&EIMS&INTERNET&NOT_RESTRICTED&TRUSTED&NOT_VPN&ENT1&FOC&MCX&BIP Unwanted:  Specifier: <3>]
05-02 13:27:09.133  4231  4231 D TelephonyNetworkFactory[0]: evalRequest
05-02 13:27:09.133  4231  4231 D TelephonyNetworkFactory[0]:   done
05-02 13:27:09.133  4231  4231 D TelephonyNetworkFactory[1]: new score 50 for exisiting request NetworkRequest [ REQUEST id=1535, [ Transports: CELLULAR Capabilities: INTERNET&NOT_RESTRICTED&TRUSTED&NOT_VPN Unwanted:  Uid: 10212] ]
05-02 13:27:09.133  4231  4231 D TelephonyNetworkFactory[1]:   my score=50, my filter=[ Transports: CELLULAR Capabilities: MMS&SUPL&DUN&FOTA&IMS&CBS&IA&RCS&XCAP&EIMS&INTERNET&NOT_RESTRICTED&TRUSTED&NOT_VPN&ENT1&FOC&MCX&BIP Unwanted:  Specifier: <2>]
05-02 13:27:09.133  4231  4231 D TelephonyNetworkFactory[1]: evalRequest
05-02 13:27:09.133  4231  4231 D TelephonyNetworkFactory[1]:   done
05-02 13:27:09.134  4231  4231 D TelephonyNetworkFactory[0]: new score 50 for exisiting request NetworkRequest [ TRACK_DEFAULT id=1529, [ Capabilities: INTERNET&NOT_RESTRICTED&TRUSTED Unwanted:  Uid: 10057] ]
05-02 13:27:09.134  4231  4231 D TelephonyNetworkFactory[0]:   my score=50, my filter=[ Transports: CELLULAR Capabilities: MMS&SUPL&DUN&FOTA&IMS&CBS&IA&RCS&XCAP&EIMS&INTERNET&NOT_RESTRICTED&TRUSTED&NOT_VPN&ENT1&FOC&MCX&BIP Unwanted:  Specifier: <3>]
05-02 13:27:09.134  4231  4231 D TelephonyNetworkFactory[0]: evalRequest
05-02 13:27:09.134  4231  4231 D TelephonyNetworkFactory[0]:   done
05-02 13:27:09.135  4231  4231 D TelephonyNetworkFactory[0]: new score 50 for exisiting request NetworkRequest [ TRACK_DEFAULT id=1532, [ Capabilities: INTERNET&NOT_RESTRICTED&TRUSTED Unwanted:  Uid: 10057] ]
05-02 13:27:09.135  4231  4231 D TelephonyNetworkFactory[0]:   my score=50, my filter=[ Transports: CELLULAR Capabilities: MMS&SUPL&DUN&FOTA&IMS&CBS&IA&RCS&XCAP&EIMS&INTERNET&NOT_RESTRICTED&TRUSTED&NOT_VPN&ENT1&FOC&MCX&BIP Unwanted:  Specifier: <3>]
05-02 13:27:09.135  4231  4231 D TelephonyNetworkFactory[0]: evalRequest
05-02 13:27:09.135  4231  4231 D TelephonyNetworkFactory[0]:   done
05-02 13:27:09.135  4231  4231 D TelephonyNetworkFactory[0]: new score 50 for exisiting request NetworkRequest [ TRACK_DEFAULT id=1533, [ Capabilities: INTERNET&NOT_RESTRICTED&TRUSTED Unwanted:  Uid: 10212] ]
05-02 13:27:09.135  4231  4231 D TelephonyNetworkFactory[0]:   my score=50, my filter=[ Transports: CELLULAR Capabilities: MMS&SUPL&DUN&FOTA&IMS&CBS&IA&RCS&XCAP&EIMS&INTERNET&NOT_RESTRICTED&TRUSTED&NOT_VPN&ENT1&FOC&MCX&BIP Unwanted:  Specifier: <3>]
05-02 13:27:09.135  4231  4231 D TelephonyNetworkFactory[0]: evalRequest
05-02 13:27:09.135  4231  4231 D TelephonyNetworkFactory[0]:   done
05-02 13:27:09.135  4231  4231 D TelephonyNetworkFactory[0]: new score 50 for exisiting request NetworkRequest [ REQUEST id=1535, [ Transports: CELLULAR Capabilities: INTERNET&NOT_RESTRICTED&TRUSTED&NOT_VPN Unwanted:  Uid: 10212] ]
05-02 13:27:09.135  4231  4231 D TelephonyNetworkFactory[0]:   my score=50, my filter=[ Transports: CELLULAR Capabilities: MMS&SUPL&DUN&FOTA&IMS&CBS&IA&RCS&XCAP&EIMS&INTERNET&NOT_RESTRICTED&TRUSTED&NOT_VPN&ENT1&FOC&MCX&BIP Unwanted:  Specifier: <3>]
05-02 13:27:09.135  4231  4231 D TelephonyNetworkFactory[0]: evalRequest
05-02 13:27:09.135  4231  4231 D TelephonyNetworkFactory[0]:   done
05-02 13:27:09.135  4231  4231 D TelephonyNetworkFactory[0]: new score 50 for exisiting request NetworkRequest [ TRACK_DEFAULT id=1536, [ Capabilities: INTERNET&NOT_RESTRICTED&TRUSTED Unwanted:  Uid: 10212] ]
05-02 13:27:09.135  4231  4231 D TelephonyNetworkFactory[0]:   my score=50, my filter=[ Transports: CELLULAR Capabilities: MMS&SUPL&DUN&FOTA&IMS&CBS&IA&RCS&XCAP&EIMS&INTERNET&NOT_RESTRICTED&TRUSTED&NOT_VPN&ENT1&FOC&MCX&BIP Unwanted:  Specifier: <3>]
05-02 13:27:09.135  4231  4231 D TelephonyNetworkFactory[0]: evalRequest
05-02 13:27:09.135  4231  4231 D TelephonyNetworkFactory[0]:   done
05-02 13:27:09.135  4231  4231 D TelephonyNetworkFactory[0]: new score 50 for exisiting request NetworkRequest [ TRACK_DEFAULT id=1538, [ Capabilities: INTERNET&NOT_RESTRICTED&TRUSTED Unwanted:  Uid: 10212] ]
05-02 13:27:09.135  4231  4231 D TelephonyNetworkFactory[0]:   my score=50, my filter=[ Transports: CELLULAR Capabilities: MMS&SUPL&DUN&FOTA&IMS&CBS&IA&RCS&XCAP&EIMS&INTERNET&NOT_RESTRICTED&TRUSTED&NOT_VPN&ENT1&FOC&MCX&BIP Unwanted:  Specifier: <3>]
05-02 13:27:09.135  4231  4231 D TelephonyNetworkFactory[0]: evalRequest
05-02 13:27:09.135  4231  4231 D TelephonyNetworkFactory[0]:   done
05-02 13:27:09.168  4231  4231 D TelephonyNetworkFactory[0]: new score 50 for exisiting request NetworkRequest [ TRACK_DEFAULT id=1539, [ Capabilities: INTERNET&NOT_RESTRICTED&TRUSTED Unwanted:  Uid: 10212] ]
05-02 13:27:09.168  4231  4231 D TelephonyNetworkFactory[0]:   my score=50, my filter=[ Transports: CELLULAR Capabilities: MMS&SUPL&DUN&FOTA&IMS&CBS&IA&RCS&XCAP&EIMS&INTERNET&NOT_RESTRICTED&TRUSTED&NOT_VPN&ENT1&FOC&MCX&BIP Unwanted:  Specifier: <3>]
05-02 13:27:09.168  4231  4231 D TelephonyNetworkFactory[0]: evalRequest
05-02 13:27:09.168  4231  4231 D TelephonyNetworkFactory[0]:   done
05-02 13:27:09.168  4231  4231 D TelephonyNetworkFactory[1]: new score 50 for exisiting request NetworkRequest [ TRACK_DEFAULT id=1536, [ Capabilities: INTERNET&NOT_RESTRICTED&TRUSTED Unwanted:  Uid: 10212] ]
05-02 13:27:09.169  4231  4231 D TelephonyNetworkFactory[1]:   my score=50, my filter=[ Transports: CELLULAR Capabilities: MMS&SUPL&DUN&FOTA&IMS&CBS&IA&RCS&XCAP&EIMS&INTERNET&NOT_RESTRICTED&TRUSTED&NOT_VPN&ENT1&FOC&MCX&BIP Unwanted:  Specifier: <2>]
05-02 13:27:09.169  4231  4231 D TelephonyNetworkFactory[1]: evalRequest
05-02 13:27:09.169  4231  4231 D TelephonyNetworkFactory[1]:   done
05-02 13:27:09.169  4231  4231 D TelephonyNetworkFactory[0]: new score 50 for exisiting request NetworkRequest [ TRACK_DEFAULT id=1586, [ Capabilities: INTERNET&NOT_RESTRICTED&TRUSTED Unwanted:  Uid: 10194] ]
05-02 13:27:09.169  4231  4231 D TelephonyNetworkFactory[0]:   my score=50, my filter=[ Transports: CELLULAR Capabilities: MMS&SUPL&DUN&FOTA&IMS&CBS&IA&RCS&XCAP&EIMS&INTERNET&NOT_RESTRICTED&TRUSTED&NOT_VPN&ENT1&FOC&MCX&BIP Unwanted:  Specifier: <3>]
05-02 13:27:09.169  4231  4231 D TelephonyNetworkFactory[0]: evalRequest
05-02 13:27:09.169  4231  4231 D TelephonyNetworkFactory[0]:   done
05-02 13:27:09.169  4231  4231 D TelephonyNetworkFactory[1]: new score 50 for exisiting request NetworkRequest [ TRACK_DEFAULT id=1538, [ Capabilities: INTERNET&NOT_RESTRICTED&TRUSTED Unwanted:  Uid: 10212] ]
05-02 13:27:09.169  4231  4231 D TelephonyNetworkFactory[1]:   my score=50, my filter=[ Transports: CELLULAR Capabilities: MMS&SUPL&DUN&FOTA&IMS&CBS&IA&RCS&XCAP&EIMS&INTERNET&NOT_RESTRICTED&TRUSTED&NOT_VPN&ENT1&FOC&MCX&BIP Unwanted:  Specifier: <2>]
05-02 13:27:09.169  4231  4231 D TelephonyNetworkFactory[1]: evalRequest
05-02 13:27:09.169  4231  4231 D TelephonyNetworkFactory[1]:   done
05-02 13:27:09.169  4231  4231 D TelephonyNetworkFactory[1]: new score 50 for exisiting request NetworkRequest [ TRACK_DEFAULT id=1539, [ Capabilities: INTERNET&NOT_RESTRICTED&TRUSTED Unwanted:  Uid: 10212] ]
05-02 13:27:09.169  4231  4231 D TelephonyNetworkFactory[1]:   my score=50, my filter=[ Transports: CELLULAR Capabilities: MMS&SUPL&DUN&FOTA&IMS&CBS&IA&RCS&XCAP&EIMS&INTERNET&NOT_RESTRICTED&TRUSTED&NOT_VPN&ENT1&FOC&MCX&BIP Unwanted:  Specifier: <2>]
05-02 13:27:09.169  4231  4231 D TelephonyNetworkFactory[1]: evalRequest
05-02 13:27:09.169  4231  4231 D TelephonyNetworkFactory[1]:   done
05-02 13:27:09.170  4231  4231 D TelephonyNetworkFactory[1]: new score 50 for exisiting request NetworkRequest [ TRACK_DEFAULT id=1586, [ Capabilities: INTERNET&NOT_RESTRICTED&TRUSTED Unwanted:  Uid: 10194] ]
05-02 13:27:09.170  4231  4231 D TelephonyNetworkFactory[1]:   my score=50, my filter=[ Transports: CELLULAR Capabilities: MMS&SUPL&DUN&FOTA&IMS&CBS&IA&RCS&XCAP&EIMS&INTERNET&NOT_RESTRICTED&TRUSTED&NOT_VPN&ENT1&FOC&MCX&BIP Unwanted:  Specifier: <2>]
05-02 13:27:09.170  4231  4231 D TelephonyNetworkFactory[1]: evalRequest
05-02 13:27:09.170  4231  4231 D TelephonyNetworkFactory[1]:   done
05-02 13:27:10.612  3563  3677 E RILC    : currentSignalStrengthInd: Using vendor specific codes to proceed it
05-02 13:27:10.643  4231 17960 D SubscriptionController: getSimStateForSlotIndex:  simState=LOADED ordinal=10 slotIndex=0
05-02 13:27:10.644  8976  8976 D SubscriptionManager: getSimStateForSlotIdx: simState=10 slotIndex=0
05-02 13:27:10.929  4231 17960 D SubscriptionController: getSimStateForSlotIndex:  simState=LOADED ordinal=10 slotIndex=0
05-02 13:27:10.930  5697  9644 D SubscriptionManager: getSimStateForSlotIdx: simState=10 slotIndex=0
05-02 13:27:10.961  4231 17960 D SubscriptionController: getSimStateForSlotIndex:  simState=LOADED ordinal=10 slotIndex=0
05-02 13:27:10.962  5697  9644 D SubscriptionManager: getSimStateForSlotIdx: simState=10 slotIndex=0
05-02 13:27:11.133  4231 17960 D SubscriptionController: getSimStateForSlotIndex:  simState=LOADED ordinal=10 slotIndex=0
05-02 13:27:11.135  5697  9644 D SubscriptionManager: getSimStateForSlotIdx: simState=10 slotIndex=0
05-02 13:27:11.181  4231 17960 D SubscriptionController: getSimStateForSlotIndex:  simState=LOADED ordinal=10 slotIndex=0
05-02 13:27:11.186  5697  9644 D SubscriptionManager: getSimStateForSlotIdx: simState=10 slotIndex=0
05-02 13:27:11.680  3927  4457 D TelephonyManager: getCellLocation - caller PID:3927, UID: 1000, TID: 4457
05-02 13:27:11.706  3927  4457 I chatty  : uid=1000(system) SLocationeServi identical 1 line
05-02 13:27:11.804  3927  4457 D TelephonyManager: getCellLocation - caller PID:3927, UID: 1000, TID: 4457
05-02 13:27:11.818  3563  3952 E RILD    : Reader: TIMEOUT
05-02 13:27:11.835  3927  4457 D TelephonyManager: getCellLocation - caller PID:3927, UID: 1000, TID: 4457
05-02 13:27:11.838  3547  3955 E Multi-Client: OemClientReceiver::Process:
05-02 13:27:11.838  3547  3955 E Multi-Client: OemClientReceiver::Process: fd=13
05-02 13:27:11.838  3547  3955 E Multi-Client: OemClient::Process:
05-02 13:27:11.838  3547  3955 E Multi-Client: ProcessBuffer:
05-02 13:27:11.838  3547  3955 E Multi-Client: OemClient::ProcessBuffer() request[0x3B] from [com.samsung.android.networkdiagnostic], token[1], datalen[6]
05-02 13:27:11.838  3547  3955 E Multi-Client: SetFd: mServerSock=7
05-02 13:27:11.838  3547  3955 E Multi-Client: SetFd: fd=8
05-02 13:27:11.838  3547  3955 E Multi-Client: SetFd: fd=9
05-02 13:27:11.838  3547  3955 E Multi-Client: SetFd: fd=10
05-02 13:27:11.838  3547  3955 E Multi-Client: SetFd: fd=11
05-02 13:27:11.838  3547  3955 E Multi-Client: SetFd: fd=12
05-02 13:27:11.838  3547  3955 E Multi-Client: SetFd: fd=13
05-02 13:27:11.838  3547  3955 E Multi-Client: OemClientReceiver::SetMaxFd: maxfd=13
05-02 13:27:11.839  3547  3622 E Multi-Client: Oem OnRequestComplete:
05-02 13:27:11.846  3563  3677 E RILD    : intent : broadcast -a com.samsung.android.intent.action.CELL_TAG_RES --es data 0100BE0122766572223A312C226D6363223A3433322C226D6E63223A31312C22746163223A34343232302C22676C6F62616C43656C6C4964223A32333538333738372C22706879736963616C43656C6C4964223A3438312C2265617266636E444C223A33383735322C2272737369223A2D35362C2272737271223A2D31322C22736E72223A312C2272737270223A2D39312C22746132223A312C22756C4E5242223A322C22756C507772223A302C22756C50777232223A2D31322C22756C4D4353223A33302C22646C4E5242223A342C22646C4D435330223A32392C22646C4D435331223A302C226E65696768626F7243656C6C73223A5B7B22706879736963616C43656C6C4964223A3438322C2265617266636E444C223A33383735322C2272737270223A2D39387D2C7B22706879736963616C43656C6C4964223A3438322C2265617266636E444C223A33383935302C2272737270223A2D39377D2C7B22706879736963616C43656C6C4964223A3438312C2265617266636E444C223A313432332C2272737270223A2D38367D2C7B22706879736963616C43656C6C4964223A3438322C2265617266636E444C223A313432332C2272737270223A2D39317D5D00
05-02 13:27:11.846  3563  3677 E RILC    : unsupported OEM unsolicated response code 11038
05-02 13:27:11.846  3341  4891 D RILClient: processUnsolicited(): resp_id (11010), len(972)
05-02 13:27:11.847  3341  4891 D RILClient: processUnsolicited(): resp_id (11038), len(452)
05-02 13:27:11.847  3562  3990 D RILClient: processUnsolicited(): resp_id (11010), len(972)
05-02 13:27:11.847  3562  3990 D RILClient: processUnsolicited(): resp_id (11038), len(452)
05-02 13:27:11.848  5311  5353 D RILS    : processUnsolicited : 11010
05-02 13:27:11.848  3575  3993 D RILClient: processUnsolicited(): resp_id (11010), len(972)
05-02 13:27:11.848  5311  5353 D RILS    : processUnsolicited : 11038
05-02 13:27:11.848  3575  3993 D RILClient: processUnsolicited(): resp_id (11038), len(452)
05-02 13:27:11.848  3539  4038 D RILClient: processUnsolicited(): resp_id (11010), len(972)
05-02 13:27:11.848  8838  8870 D use-Rlog/RLOG-RILClient: processUnsolicited(): resp_id (11010), len(972)
05-02 13:27:11.848  4532  6390 D use-Rlog/RLOG-RILClient: processUnsolicited(): resp_id (11010), len(972)
05-02 13:27:11.848  8838  8870 D use-Rlog/RLOG-RILClient: processUnsolicited(): resp_id (11038), len(452)
05-02 13:27:11.848  3539  4038 D RILClient: processUnsolicited(): resp_id (11038), len(452)
05-02 13:27:11.848  4532  6390 D use-Rlog/RLOG-RILClient: processUnsolicited(): resp_id (11038), len(452)
05-02 13:27:11.849  3535  4472 D RILClient: processUnsolicited(): resp_id (11010), len(972)
05-02 13:27:11.849  3535  4472 D RILClient: processUnsolicited(): resp_id (11038), len(452)
05-02 13:27:11.851  4231  4248 D RILJ    : Unsol response received; Sending ack to ril.cpp [SUB0]
05-02 13:27:11.851  4231  4248 D RILJ    : [UNSL]< UNSOL_AM [SUB0]
05-02 13:27:11.859  4231 17960 D SST     : [0] SST.getAllCellInfo(): CallingUid = 1000, CallingPid = 3927
05-02 13:27:11.867  4231 17960 D RILJ    : [1129]> RIL_REQUEST_GET_CELL_INFO_LIST [SUB0]
05-02 13:27:11.959  4231  4248 D RILJ    : [1129]< RIL_REQUEST_GET_CELL_INFO_LIST  [SUB0]
05-02 13:27:11.961  4231 17960 D SST     : [1] SST.getAllCellInfo(): CallingUid = 1000, CallingPid = 3927
05-02 13:27:11.963  4231 17960 D RILJ    : [1130]> RIL_REQUEST_GET_CELL_INFO_LIST [SUB1]
05-02 13:27:12.014  4231  4961 D RILJ    : [1131]> OEM_HOOK_RAW[118200090000000001] [SUB0]
05-02 13:27:12.016  4231  4961 D RILJ    : [1132]> OEM_HOOK_RAW[118200090000000001] [SUB1]
05-02 13:27:12.037  4231  4248 D RILJ    : [1130]< RIL_REQUEST_GET_CELL_INFO_LIST  [SUB1]
05-02 13:27:12.037  4231  4248 D RILJ    : [1131]< OEM_HOOK_RAW [B@d7bdcaf [SUB0]
05-02 13:27:12.055  4231  4248 D RILJ    : [1132]< OEM_HOOK_RAW [B@95478bc [SUB1]
05-02 13:27:12.691  3563  3677 E RILC    : currentSignalStrengthInd: Using vendor specific codes to proceed it
05-02 13:27:12.924  4231  4231 D TelephonyNetworkFactory[1]: got request NetworkRequest [ TRACK_DEFAULT id=1593, [ Capabilities: INTERNET&NOT_RESTRICTED&TRUSTED Unwanted:  Uid: 5009] ] with score 50
05-02 13:27:12.924  4231  4231 D TelephonyNetworkFactory[1]:   my score=50, my filter=[ Transports: CELLULAR Capabilities: MMS&SUPL&DUN&FOTA&IMS&CBS&IA&RCS&XCAP&EIMS&INTERNET&NOT_RESTRICTED&TRUSTED&NOT_VPN&ENT1&FOC&MCX&BIP Unwanted:  Specifier: <2>]
05-02 13:27:12.924  4231  4231 D TelephonyNetworkFactory[1]: evalRequest
05-02 13:27:12.924  4231  4231 D TelephonyNetworkFactory[1]:   needNetworkFor
05-02 13:27:12.924  4231  4231 D TelephonyNetworkFactory[0]: got request NetworkRequest [ TRACK_DEFAULT id=1593, [ Capabilities: INTERNET&NOT_RESTRICTED&TRUSTED Unwanted:  Uid: 5009] ] with score 50
05-02 13:27:12.925  4231  4231 D TelephonyNetworkFactory[0]:   my score=50, my filter=[ Transports: CELLULAR Capabilities: MMS&SUPL&DUN&FOTA&IMS&CBS&IA&RCS&XCAP&EIMS&INTERNET&NOT_RESTRICTED&TRUSTED&NOT_VPN&ENT1&FOC&MCX&BIP Unwanted:  Specifier: <3>]
05-02 13:27:12.925  4231  4231 D TelephonyNetworkFactory[0]: evalRequest
05-02 13:27:12.925  4231  4231 D TelephonyNetworkFactory[0]:   needNetworkFor
05-02 13:27:12.925  4231  4231 D TelephonyNetworkFactory[1]: handleMessage msg={ when=0 what=4 obj=NetworkRequest [ TRACK_DEFAULT id=1593, [ Capabilities: INTERNET&NOT_RESTRICTED&TRUSTED Unwanted:  Uid: 5009] ] target=com.android.internal.telephony.dataconnection.TelephonyNetworkFactory$InternalHandler }
05-02 13:27:12.930  4231  4231 D TelephonyNetworkFactory[1]: not acting - isApp=false, isAct=false NetworkRequest [ TRACK_DEFAULT id=1593, [ Capabilities: INTERNET&NOT_RESTRICTED&TRUSTED Unwanted:  Uid: 5009] ]
05-02 13:27:12.930  4231  4231 D TelephonyNetworkFactory[0]: handleMessage msg={ when=-6ms what=4 obj=NetworkRequest [ TRACK_DEFAULT id=1593, [ Capabilities: INTERNET&NOT_RESTRICTED&TRUSTED Unwanted:  Uid: 5009] ] target=com.android.internal.telephony.dataconnection.TelephonyNetworkFactory$InternalHandler }
05-02 13:27:12.931  4231  4231 D DDS-TelephonyNetworkFactory[0]: onNeedNetworkFor NetworkRequest [ TRACK_DEFAULT id=1593, [ Capabilities: INTERNET&NOT_RESTRICTED&TRUSTED Unwanted:  Uid: 5009] ]
05-02 13:27:12.932  4231  4231 D DCT-0/1 : DDS-DcTracker.requestNetwork for NetworkRequest [ TRACK_DEFAULT id=1593, [ Capabilities: INTERNET&NOT_RESTRICTED&TRUSTED Unwanted:  Uid: 5009] ] found {mApnType=default mState=CONNECTED mWaitingApns={[[ApnSettingV5] MCCI Internet, 4252, 43211, mcinet, , http://192.168.193.134:38090/was, 192.168.194.73, 8080, , 1, default | supl | mms, IP, IP, true, 0, 0, 0, false, 20, 0, 300, 0, , , false, 0, 0]} mApnSetting={[ApnSettingV5] MCCI Internet, 4252, 43211, mcinet, , http://192.168.193.134:38090/was, 192.168.194.73, 8080, , 1, default | supl | mms, IP, IP, true, 0, 0, 0, false, 20, 0, 300, 0, , , false, 0, 0} mReason=connected mDataEnabled=true mDependencyMet=true}
05-02 13:27:12.932  4231  4231 D DDS-PhoneSwitcher: handleMessage msg={ when=-1ms what=103 obj=NetworkRequest [ TRACK_DEFAULT id=1593, [ Capabilities: INTERNET&NOT_RESTRICTED&TRUSTED Unwanted:  Uid: 5009] ] target=com.android.internal.telephony.PhoneSwitcher }
05-02 13:27:12.932  4231  4231 D DDS-PhoneSwitcher: evaluating due to netRequest
05-02 13:27:12.932  4231  4231 D DDS-PhoneSwitcher: checkDdsPrecondition : Request : NetworkRequest [ REQUEST id=1527, [ Transports: CELLULAR Capabilities: IMS&TRUSTED&NOT_VPN Unwanted:  Uid: 1000] ]
05-02 13:27:12.933  4231  4231 D DDS-PhoneSwitcher: checkDdsPrecondition : spPhoneId = 0, mDefaultDataPhoneId = 0, mDataCrossPhoneId = -1, mDataCrossState = NONE
05-02 13:27:12.933  4231  4231 D DCT-0/1 : onEnableApn: apnContext={mApnType=default mState=CONNECTED mWaitingApns={[[ApnSettingV5] MCCI Internet, 4252, 43211, mcinet, , http://192.168.193.134:38090/was, 192.168.194.73, 8080, , 1, default | supl | mms, IP, IP, true, 0, 0, 0, false, 20, 0, 300, 0, , , false, 0, 0]} mApnSetting={[ApnSettingV5] MCCI Internet, 4252, 43211, mcinet, , http://192.168.193.134:38090/was, 192.168.194.73, 8080, , 1, default | supl | mms, IP, IP, true, 0, 0, 0, false, 20, 0, 300, 0, , , false, 0, 0} mReason=connected mDataEnabled=true mDependencyMet=true} call applyNewState
05-02 13:27:12.933  4231  4231 D DCT-0/1 : applyNewState(default, true(true), true(true))
05-02 13:27:12.939  4231  4231 D DCT-0/1 : applyNewState: 'ready' so return
05-02 13:27:14.120  4231  4231 D TelephonyNetworkFactory[0]: got request NetworkRequest [ TRACK_DEFAULT id=1595, [ Capabilities: INTERNET&NOT_RESTRICTED&TRUSTED Unwanted:  Uid: 10029] ] with score 50
05-02 13:27:14.120  4231  4231 D TelephonyNetworkFactory[0]:   my score=50, my filter=[ Transports: CELLULAR Capabilities: MMS&SUPL&DUN&FOTA&IMS&CBS&IA&RCS&XCAP&EIMS&INTERNET&NOT_RESTRICTED&TRUSTED&NOT_VPN&ENT1&FOC&MCX&BIP Unwanted:  Specifier: <3>]
05-02 13:27:14.120  4231  4231 D TelephonyNetworkFactory[0]: evalRequest
05-02 13:27:14.120  4231  4231 D TelephonyNetworkFactory[0]:   needNetworkFor
05-02 13:27:14.120  4231  4231 D DDS-PhoneSwitcher: handleMessage msg={ when=0 what=103 obj=NetworkRequest [ TRACK_DEFAULT id=1595, [ Capabilities: INTERNET&NOT_RESTRICTED&TRUSTED Unwanted:  Uid: 10029] ] target=com.android.internal.telephony.PhoneSwitcher }
05-02 13:27:14.121  4231  4231 D DDS-PhoneSwitcher: evaluating due to netRequest
05-02 13:27:14.121  4231  4231 D DDS-PhoneSwitcher: checkDdsPrecondition : Request : NetworkRequest [ REQUEST id=1527, [ Transports: CELLULAR Capabilities: IMS&TRUSTED&NOT_VPN Unwanted:  Uid: 1000] ]
05-02 13:27:14.121  4231  4231 D DDS-PhoneSwitcher: checkDdsPrecondition : spPhoneId = 0, mDefaultDataPhoneId = 0, mDataCrossPhoneId = -1, mDataCrossState = NONE
05-02 13:27:14.122  4231  4231 D TelephonyNetworkFactory[0]: handleMessage msg={ when=-1ms what=4 obj=NetworkRequest [ TRACK_DEFAULT id=1595, [ Capabilities: INTERNET&NOT_RESTRICTED&TRUSTED Unwanted:  Uid: 10029] ] target=com.android.internal.telephony.dataconnection.TelephonyNetworkFactory$InternalHandler }
05-02 13:27:14.123  4231  4231 D DDS-TelephonyNetworkFactory[0]: onNeedNetworkFor NetworkRequest [ TRACK_DEFAULT id=1595, [ Capabilities: INTERNET&NOT_RESTRICTED&TRUSTED Unwanted:  Uid: 10029] ]
05-02 13:27:14.123  4231  4231 D DCT-0/1 : DDS-DcTracker.requestNetwork for NetworkRequest [ TRACK_DEFAULT id=1595, [ Capabilities: INTERNET&NOT_RESTRICTED&TRUSTED Unwanted:  Uid: 10029] ] found {mApnType=default mState=CONNECTED mWaitingApns={[[ApnSettingV5] MCCI Internet, 4252, 43211, mcinet, , http://192.168.193.134:38090/was, 192.168.194.73, 8080, , 1, default | supl | mms, IP, IP, true, 0, 0, 0, false, 20, 0, 300, 0, , , false, 0, 0]} mApnSetting={[ApnSettingV5] MCCI Internet, 4252, 43211, mcinet, , http://192.168.193.134:38090/was, 192.168.194.73, 8080, , 1, default | supl | mms, IP, IP, true, 0, 0, 0, false, 20, 0, 300, 0, , , false, 0, 0} mReason=connected mDataEnabled=true mDependencyMet=true}
05-02 13:27:14.123  4231  4231 D DCT-0/1 : onEnableApn: apnContext={mApnType=default mState=CONNECTED mWaitingApns={[[ApnSettingV5] MCCI Internet, 4252, 43211, mcinet, , http://192.168.193.134:38090/was, 192.168.194.73, 8080, , 1, default | supl | mms, IP, IP, true, 0, 0, 0, false, 20, 0, 300, 0, , , false, 0, 0]} mApnSetting={[ApnSettingV5] MCCI Internet, 4252, 43211, mcinet, , http://192.168.193.134:38090/was, 192.168.194.73, 8080, , 1, default | supl | mms, IP, IP, true, 0, 0, 0, false, 20, 0, 300, 0, , , false, 0, 0} mReason=connected mDataEnabled=true mDependencyMet=true} call applyNewState
05-02 13:27:14.123  4231  4231 D DCT-0/1 : applyNewState(default, true(true), true(true))
05-02 13:27:14.130  4231  4231 D DCT-0/1 : applyNewState: 'ready' so return
05-02 13:27:14.133  4231  4231 D TelephonyNetworkFactory[1]: got request NetworkRequest [ TRACK_DEFAULT id=1595, [ Capabilities: INTERNET&NOT_RESTRICTED&TRUSTED Unwanted:  Uid: 10029] ] with score 50
05-02 13:27:14.134  4231  4231 D TelephonyNetworkFactory[1]:   my score=50, my filter=[ Transports: CELLULAR Capabilities: MMS&SUPL&DUN&FOTA&IMS&CBS&IA&RCS&XCAP&EIMS&INTERNET&NOT_RESTRICTED&TRUSTED&NOT_VPN&ENT1&FOC&MCX&BIP Unwanted:  Specifier: <2>]
05-02 13:27:14.134  4231  4231 D TelephonyNetworkFactory[1]: evalRequest
05-02 13:27:14.134  4231  4231 D TelephonyNetworkFactory[1]:   needNetworkFor
05-02 13:27:14.134  4231  4231 D TelephonyNetworkFactory[1]: handleMessage msg={ when=0 what=4 obj=NetworkRequest [ TRACK_DEFAULT id=1595, [ Capabilities: INTERNET&NOT_RESTRICTED&TRUSTED Unwanted:  Uid: 10029] ] target=com.android.internal.telephony.dataconnection.TelephonyNetworkFactory$InternalHandler }
05-02 13:27:14.135  4231  4231 D TelephonyNetworkFactory[1]: not acting - isApp=false, isAct=false NetworkRequest [ TRACK_DEFAULT id=1595, [ Capabilities: INTERNET&NOT_RESTRICTED&TRUSTED Unwanted:  Uid: 10029] ]
05-02 13:27:15.811  3563  3677 E RILC    : currentSignalStrengthInd: Using vendor specific codes to proceed it
05-02 13:27:16.037  4231  4961 D SubscriptionController: getSimStateForSlotIndex:  simState=LOADED ordinal=10 slotIndex=0
05-02 13:27:16.037  5697  9644 D SubscriptionManager: getSimStateForSlotIdx: simState=10 slotIndex=0
05-02 13:27:16.057  4231  4961 D SubscriptionController: getSimStateForSlotIndex:  simState=LOADED ordinal=10 slotIndex=0
05-02 13:27:16.057  5697  9644 D SubscriptionManager: getSimStateForSlotIdx: simState=10 slotIndex=0
05-02 13:27:16.090  4231  4961 D SubscriptionController: getSimStateForSlotIndex:  simState=LOADED ordinal=10 slotIndex=0
05-02 13:27:16.091  5697  9644 D SubscriptionManager: getSimStateForSlotIdx: simState=10 slotIndex=0
05-02 13:27:16.113  4231  4961 D SubscriptionController: getSimStateForSlotIndex:  simState=LOADED ordinal=10 slotIndex=0
05-02 13:27:16.113  5697  9644 D SubscriptionManager: getSimStateForSlotIdx: simState=10 slotIndex=0
05-02 13:27:16.207  3564  3695 E RILC    : currentSignalStrengthInd: Using vendor specific codes to proceed it
05-02 13:27:20.210  3564  3695 E RILC    : currentSignalStrengthInd: Using vendor specific codes to proceed it
05-02 13:27:21.992  4231  4961 D RILJ    : [1133]> OEM_HOOK_RAW[118200090000000001] [SUB0]
05-02 13:27:21.995  4231  4961 D RILJ    : [1134]> OEM_HOOK_RAW[118200090000000001] [SUB1]
05-02 13:27:21.998  4231  4248 D RILJ    : [1134]< OEM_HOOK_RAW [B@328e045 [SUB1]
05-02 13:27:22.002  4231  4248 D RILJ    : [1133]< OEM_HOOK_RAW [B@71ab39a [SUB0]
05-02 13:27:22.210  3564  3695 E RILC    : currentSignalStrengthInd: Using vendor specific codes to proceed it
05-02 13:27:23.383  3562  3990 D RILClient: processUnsolicited(): resp_id (11010), len(116)
05-02 13:27:23.383  3341  4891 D RILClient: processUnsolicited(): resp_id (11010), len(116)
05-02 13:27:23.384  3539  4038 D RILClient: processUnsolicited(): resp_id (11010), len(116)
05-02 13:27:23.384  4532  6390 D use-Rlog/RLOG-RILClient: processUnsolicited(): resp_id (11010), len(116)
05-02 13:27:23.384  3575  3993 D RILClient: processUnsolicited(): resp_id (11010), len(116)
05-02 13:27:23.384  5311  5353 D RILS    : processUnsolicited : 11010
05-02 13:27:23.385  3535  4472 D RILClient: processUnsolicited(): resp_id (11010), len(116)
05-02 13:27:23.385  8838  8870 D use-Rlog/RLOG-RILClient: processUnsolicited(): resp_id (11010), len(116)
05-02 13:27:23.386  4231  4248 D RILJ    : Unsol response received; Sending ack to ril.cpp [SUB0]
05-02 13:27:23.386  4231  4248 D RILJ    : [UNSL]< UNSOL_AM [SUB0]
05-02 13:27:23.425  4231  4961 D RILJ    : [1136]> OEM_HOOK_RAW[118200090000000001] [SUB0]
05-02 13:27:23.428  4231  4248 D RILJ    : [1136]< OEM_HOOK_RAW [B@c3394cb [SUB0]
05-02 13:27:23.428  4231  4961 D RILJ    : [1137]> OEM_HOOK_RAW[118200090000000001] [SUB1]
05-02 13:27:23.431  4231  4248 D RILJ    : [1137]< OEM_HOOK_RAW [B@94e64a8 [SUB1]
05-02 13:27:23.431  3341  4891 D RILClient: processUnsolicited(): resp_id (11010), len(81)
05-02 13:27:23.432  3562  3990 D RILClient: processUnsolicited(): resp_id (11010), len(81)
05-02 13:27:23.432  3539  4038 D RILClient: processUnsolicited(): resp_id (11010), len(81)
05-02 13:27:23.432  3575  3993 D RILClient: processUnsolicited(): resp_id (11010), len(81)
05-02 13:27:23.432  4532  6390 D use-Rlog/RLOG-RILClient: processUnsolicited(): resp_id (11010), len(81)
05-02 13:27:23.432  3535  4472 D RILClient: processUnsolicited(): resp_id (11010), len(81)
05-02 13:27:23.432  5311  5353 D RILS    : processUnsolicited : 11010
05-02 13:27:23.433  8838  8870 D use-Rlog/RLOG-RILClient: processUnsolicited(): resp_id (11010), len(81)
05-02 13:27:23.435  4231  4248 D RILJ    : Unsol response received; Sending ack to ril.cpp [SUB0]
05-02 13:27:23.435  4231  4248 D RILJ    : [UNSL]< UNSOL_AM [SUB0]
05-02 13:27:23.436  4231  4961 D RILJ    : [1138]> OEM_HOOK_RAW[118200090000000002] [SUB0]
05-02 13:27:23.438  4231  4961 D RILJ    : [1140]> OEM_HOOK_RAW[118200090000000002] [SUB1]
05-02 13:27:23.441  4231  4248 D RILJ    : [1138]< OEM_HOOK_RAW [B@afc3bc1 [SUB0]
05-02 13:27:23.443  4231  4248 D RILJ    : [1140]< OEM_HOOK_RAW [B@fe06f66 [SUB1]
05-02 13:27:23.447  4231  4248 D RILJ    : Unsol response received; Sending ack to ril.cpp [SUB0]
05-02 13:27:23.447  4231  4248 D RILJ    : [UNSL]< UNSOL_RESPONSE_NETWORK_STATE_CHANGED [SUB0]
05-02 13:27:23.447  4231  4411 D NetworkRegistrationManager: onNetworkStateChanged
05-02 13:27:23.447  4231  4231 D SST     : [0] pollState: modemTriggered=true, RadioState: RADIO_ON
05-02 13:27:23.449  4231  4231 D RILJ    : [1142]> OPERATOR [SUB0]
05-02 13:27:23.449  4231  4231 D NetworkRegistrationManager: getNetworkRegistrationState domain 2
05-02 13:27:23.449  4231  4231 D NetworkRegistrationManager: getNetworkRegistrationState domain 1
05-02 13:27:23.451  4231  4411 D RILJ    : [1143]> DATA_REGISTRATION_STATE [SUB0]
05-02 13:27:23.452  4231  4411 D RILJ    : [1145]> VOICE_REGISTRATION_STATE [SUB0]
05-02 13:27:23.453  4231  4231 D RILJ    : [1144]> QUERY_NETWORK_SELECTION_MODE [SUB0]
05-02 13:27:23.454  4231  4248 D use-Rlog/RLOG-IMS-IIL: ImsSecChannelCallback: receive
05-02 13:27:23.454  4231  4248 D use-Rlog/RLOG-IMS-IIL: IpcDispatcher: [Rx]: (M)IPC_IIL_CMD (S)IPC_IIL_SSAC_INFO (T)EVENT l:13
05-02 13:27:23.455  4231  4248 D RILJ    : [1142]< OPERATOR  [SUB0]
05-02 13:27:23.455  4231  4551 D use-Rlog/RLOG-IMS-IIL: ImsIilManager: handleMessage: event 100
05-02 13:27:23.455  4231  4551 D use-Rlog/RLOG-IMS-IIL: ImsIilManager: handleSSACInfo()
05-02 13:27:23.458  4231  4551 D use-Rlog/RLOG-IMS-IIL: ImsCallManager: handleMessage: event 100
05-02 13:27:23.458  4231  4551 D use-Rlog/RLOG-IMS-IIL: ImsSmsManager: handleMessage: event 100
05-02 13:27:23.458  4231  4551 D use-Rlog/RLOG-IMS-IIL: ImsSsManager: handleMessage: event 100
05-02 13:27:23.462  4231  4248 D RILJ    : [1143]< DATA_REGISTRATION_STATE {.base = {.regState = REG_HOME, .rat = 14, .reasonDataDenied = 0, .maxDataCalls = 4, .cellIdentity = {.cellInfoType = LTE, .cellIdentityGsm = [], .cellIdentityWcdma = [], .cellIdentityCdma = [], .cellIdentityLte = [{.base = {.mcc = 432, .mnc = 11, .ci = 23583787, .pci = 481, .tac = 44220, .earfcn = -1}, .operatorNames = {.alphaLong = IR-MCI, .alphaShort = IR-MCI}, .bandwidth = 0}], .cellIdentityTdscdma = []}}, .lac = 0, .cid = 23583787, .tac = 44220, .snapshotStatus = 0, .mobileState = 1, .mobileRat = 14, .mobileOptionalRat = 0} [SUB0]
05-02 13:27:23.463  4231  4645 D NetworkRegistrationManager: onGetNetworkRegistrationStateComplete result 0 state NetworkRegistrationState{transportType=1 domain=PS regState=HOME accessNetworkTechnology=LTE reasonForDenial=0 emergencyEnabled=false supportedServices=[I@74fd2fd cellIdentity=CellIdentityLte:{ mCi=23583787 mPci=481 mTac=44220 mEarfcn=-1 mBandwidth=0 mMcc=432 mMnc=11 mAlphaLong=IR-MCI mAlphaShort=IR-MCI} voiceSpecificStates=null dataSpecificStates=DataSpecificRegistrationStates { mMaxDataCalls=4 mLac=0 mCid=23583787 mTac=44220 mSnapshotStatus=0 mMobileState=1 mMobileRat=14 mMobileOptionalRat=0}}
05-02 13:27:23.463  4231  4231 E SST     : [0] Invalid LTE Bandwidth in RegistrationState, 0
05-02 13:27:23.464  4231  4231 D SST     : [0] handlPollStateResultMessage: GsmSST dataServiceState=0 regState=1 dataRadioTechnology=14
05-02 13:27:23.467  4231  4248 D RILJ    : [1145]< VOICE_REGISTRATION_STATE {.base = {.regState = REG_HOME, .rat = 14, .cssSupported = false, .roamingIndicator = 0, .systemIsInPrl = 0, .defaultRoamingIndicator = 0, .reasonForDenial = 0, .cellIdentity = {.cellInfoType = LTE, .cellIdentityGsm = [], .cellIdentityWcdma = [], .cellIdentityCdma = [], .cellIdentityLte = [{.base = {.mcc = 432, .mnc = 11, .ci = 23583787, .pci = 481, .tac = 44220, .earfcn = -1}, .operatorNames = {.alphaLong = IR-MCI, .alphaShort = IR-MCI}, .bandwidth = 0}], .cellIdentityTdscdma = []}}, .lac = 44220, .cid = 23583787, .psVoiceSupport = 1, .imsEmergencyCallSupport = 2, .imsEmergencyCallBarring = 0, .mobileState = 1, .mobileRat = 14, .isPsOnlyReg = false} [SUB0]
05-02 13:27:23.467  4231  4645 D NetworkRegistrationManager: onGetNetworkRegistrationStateComplete result 0 state NetworkRegistrationState{transportType=1 domain=CS regState=HOME accessNetworkTechnology=LTE reasonForDenial=0 emergencyEnabled=false supportedServices=[I@bf41bf2 cellIdentity=CellIdentityLte:{ mCi=23583787 mPci=481 mTac=44220 mEarfcn=-1 mBandwidth=0 mMcc=432 mMnc=11 mAlphaLong=IR-MCI mAlphaShort=IR-MCI} voiceSpecificStates=VoiceSpecificRegistrationStates { mCssSupported=false mRoamingIndicator=0 mSystemIsInPrl=0 mDefaultRoamingIndicator=0 mLac=44220 mCid=23583787 mPsVoiceSupport1 mImsEmergencyCallSupport2 mImsEmergencyCallBarring0 mMobileState1 mMobileRat14 mIsPsOnlyRegfalse} dataSpecificStates=null}
05-02 13:27:23.468  4231  4231 E SST     : [0] Invalid LTE Bandwidth in RegistrationState, 0
05-02 13:27:23.468  4231  4231 D SST     : [0] KnoxGuard: mPhone.mPhoneId: 0, reasonForDenial: 0
05-02 13:27:23.468  4231  4231 D SST     : [0] KnoxGuard: setNetRegistRejectCause() ret : 0
05-02 13:27:23.469  4231  4231 D SST     : [0] Use Data TAC for CellLocation LAC (Voice: LTE)
05-02 13:27:23.469  4231  4231 D SST     : [0] Use Voice CID for CellLocation CID
05-02 13:27:23.469  4231  4231 D SST     : [0] handlPollVoiceRegResultMessage: regState=1 radioTechnology=14
05-02 13:27:23.470  4231  4231 D SST     : [0] EVENT_POLL_STATE_NETWORK_SELECTION_MODE
05-02 13:27:23.470  4231  4248 D RILJ    : [1144]< QUERY_NETWORK_SELECTION_MODE {0} [SUB0]
05-02 13:27:23.472  4231  4231 D SST     : [0] setRoamingType: currentRoamingType = 0
05-02 13:27:23.472  4231  4231 D SST     : [0] Update LteImsVoiceAvail: 1
05-02 13:27:23.473  4231  4231 D SST     : [0] Poll ServiceState done: oldSS=[{mVoiceRegState=0(IN_SERVICE), mDataRegState=0(IN_SERVICE), mChannelNumber=-1, duplexMode()=0, mCellBandwidths=[], mVoiceRoamingType=home, mDataRoamingType=home, isManualNetworkSelection=false(automatic), mRilVoiceRadioTechnology=14(LTE), mRilDataRadioTechnology=14(LTE), mCssIndicator=unsupported, mCdmaRoamingIndicator=-1, mCdmaDefaultRoamingIndicator=-1, VoiceRegType=0, ImsVoiceAvail=1, IsEbSupport=2, IsEaBarred=0, Snap=0, MobileVoice=IN_SERVICE, MobileVoiceRat=LTE, MobileData=IN_SERVICE, MobileDataRoamingType=home, MobileDataRat=LTE PsOnly=false FemtocellInd=0 EndcStatus=0 RestrictDcnr=0 NrBearerStatus=0, mIsEmergencyOnly=false, mIsDataRoamingFromRegistration=false, mIsUsingCarrierAggregation=true, mLteEarfcnRsrpBoost=0, mNetworkRegistrationStates=[NetworkRegistrationState{transportType=1 domain=PS regState=HOME accessNetworkTechnology=LTE_CA reasonForDenial=0 emergencyEnabled=false supportedServices=[I@2beae53 cellIdentity=CellIdentityLte:{ mCi=23583787 mPci=481 mTac=44220 mEarfcn=-1 mBandwidth=0 mMcc=432 mMnc=11 mAlphaLong=IR-MCI mAlphaShort=IR-MCI} voiceSpecificStates=null dataSpecificStates=DataSpecificRegistrationStates { mMaxDataCalls=4 mLac=0 mCid=23583787 mTac=44220 mSnapshotStatus=0 mMobileState=1 mMobileRat=14 mMobileOptionalRat=0}}, NetworkRegistrationState{transportType=1 domain=CS regState=HOME accessNetworkTechnology=LTE_CA reasonForDenial=0 emergencyEnabled=false supportedServices=[I@b7fb390 cellIdentity=CellIdentityLte:{ mCi=23583787 mPci=481 mTac=44220 mEarfcn=-1 mBandwidth=0 mMcc=432 mMnc=11 mAlphaLong=IR-MCI mAlphaShort=IR-MCI} voiceSpecificStates=VoiceSpecificRegistrationStates { mCssSupported=false mRoamingIndicator=0 mSystemIsInPrl=0 mDefaultRoamingIndicator=0 mLac=44220 mCid=23583787 mPsVoiceSupport1 mImsEmergencyCallSupport2 mImsEmergencyCallBarring0 mMobileState1 mMobileRat14 mIsPsOnlyRegfalse} dataSpecificStates=null}]}]
05-02 13:27:23.473  4231  4231 D SST     : [0] Poll ServiceState done: newSS=[{mVoiceRegState=0(IN_SERVICE), mDataRegState=0(IN_SERVICE), mChannelNumber=-1, duplexMode()=0, mCellBandwidths=[], mVoiceRoamingType=home, mDataRoamingType=home, isManualNetworkSelection=false(automatic), mRilVoiceRadioTechnology=14(LTE), mRilDataRadioTechnology=14(LTE), mCssIndicator=unsupported, mCdmaRoamingIndicator=-1, mCdmaDefaultRoamingIndicator=-1, VoiceRegType=0, ImsVoiceAvail=1, IsEbSupport=2, IsEaBarred=0, Snap=0, MobileVoice=IN_SERVICE, MobileVoiceRat=LTE, MobileData=IN_SERVICE, MobileDataRoamingType=home, MobileDataRat=LTE PsOnly=false FemtocellInd=0 EndcStatus=0 RestrictDcnr=0 NrBearerStatus=0, mIsEmergencyOnly=false, mIsDataRoamingFromRegistration=false, mIsUsingCarrierAggregation=false, mLteEarfcnRsrpBoost=0, mNetworkRegistrationStates=[NetworkRegistrationState{transportType=1 domain=PS regState=HOME accessNetworkTechnology=LTE reasonForDenial=0 emergencyEnabled=false supportedServices=[I@74fd2fd cellIdentity=CellIdentityLte:{ mCi=23583787 mPci=481 mTac=44220 mEarfcn=-1 mBandwidth=0 mMcc=432 mMnc=11 mAlphaLong=IR-MCI mAlphaShort=IR-MCI} voiceSpecificStates=null dataSpecificStates=DataSpecificRegistrationStates { mMaxDataCalls=4 mLac=0 mCid=23583787 mTac=44220 mSnapshotStatus=0 mMobileState=1 mMobileRat=14 mMobileOptionalRat=0}}, NetworkRegistrationState{transportType=1 domain=CS regState=HOME accessNetworkTechnology=LTE reasonForDenial=0 emergencyEnabled=false supportedServices=[I@bf41bf2 cellIdentity=CellIdentityLte:{ mCi=23583787 mPci=481 mTac=44220 mEarfcn=-1 mBandwidth=0 mMcc=432 mMnc=11 mAlphaLong=IR-MCI mAlphaShort=IR-MCI} voiceSpecificStates=VoiceSpecificRegistrationStates { mCssSupported=false mRoamingIndicator=0 mSystemIsInPrl=0 mDefaultRoamingIndicator=0 mLac=44220 mCid=23583787 mPsVoiceSupport1 mImsEmergencyCallSupport2 mImsEmergencyCallBarring0 mMobileState1 mMobileRat14 mIsPsOnlyRegfalse} dataSpecificStates=null}]}]
05-02 13:27:23.473  4231  4231 D SST     : [0] oldMaxDataCalls=4 mNewMaxDataCalls=4 oldReasonDataDenied=0 mNewReasonDataDenied=0
05-02 13:27:23.473  4231  4231 D SST     : [0] KnoxGuard. mRejectCode: 0, mNewRejectCode: 0
05-02 13:27:23.475  4231  4231 D SST     : [0] pollStateDone: hasRegistered=false hasDeregistered=false hasDataAttached=false hasDataDetached=false hasDataRegStateChanged=false hasRilVoiceRadioTechnologyChanged= false hasRilDataRadioTechnologyChanged=false hasChanged=true hasVoiceRoamingOn=false hasVoiceRoamingOff=false hasDataRoamingOn=false hasDataRoamingOff=false hasLocationChanged=false has4gHandoff = false hasMultiApnSupport=false hasLostMultiApnSupport=false hasCssIndicatorChanged=false
05-02 13:27:23.478  4231  4231 D SST     : [0] setSpnDynamic: rule - , spn - , onlyOn - null
05-02 13:27:23.478  4231  4231 D SIMRecords0: [SIMRecords] getServiceProviderName: no brandOverride, providerName=IR-MCI
05-02 13:27:23.480  4231  4231 D SIMRecords0: [SIMRecords] getServiceProviderName: no brandOverride, providerName=IR-MCI
05-02 13:27:23.483  4231  4231 D SubscriptionController: [getPhoneId]- subId=0 not found return default phoneId=0
05-02 13:27:23.485  4231  4231 D LocaleTracker: updateOperatorNumericSync. mcc/mnc=43211
05-02 13:27:23.485  4231  4231 D SST     : [0] Before handleNetworkCountryCodeKnown: countryChanged=false iccCardExist=true countryIsoChanged=false operatorNumeric=43211 prevOperatorNumeric=43211 countryIsoCode=ir prevCountryIsoCode=ir ltod=05-02 13:27:23.485
05-02 13:27:23.488  4231  4231 D SST     : TIMEZONE : tz empty or used for ir
05-02 13:27:23.488  4231  4231 D TelephonyManager: setNetworkRoamingForPhone - caller PID:4231, UID: 1001, TID: 4231
05-02 13:27:23.489  4231  4231 D SST     : [0] setRoamingType: currentRoamingType = 0
