05-02 13:28:26.049  4231  4231 D TelephonyNetworkFactory[1]:   my score=50, my filter=[ Transports: CELLULAR Capabilities: MMS&SUPL&DUN&FOTA&IMS&CBS&IA&RCS&XCAP&EIMS&INTERNET&NOT_RESTRICTED&TRUSTED&NOT_VPN&ENT1&FOC&MCX&BIP Unwanted:  Specifier: <2>]
05-02 13:28:26.049  4231  4231 D TelephonyNetworkFactory[1]: evalRequest
05-02 13:28:26.049  4231  4231 D TelephonyNetworkFactory[1]:   done
05-02 13:28:26.049  4231  4231 D TelephonyNetworkFactory[1]: new score 10 for exisiting request NetworkRequest [ TRACK_DEFAULT id=1529, [ Capabilities: INTERNET&NOT_RESTRICTED&TRUSTED Unwanted:  Uid: 10057] ]
05-02 13:28:26.049  4231  4231 D TelephonyNetworkFactory[1]:   my score=50, my filter=[ Transports: CELLULAR Capabilities: MMS&SUPL&DUN&FOTA&IMS&CBS&IA&RCS&XCAP&EIMS&INTERNET&NOT_RESTRICTED&TRUSTED&NOT_VPN&ENT1&FOC&MCX&BIP Unwanted:  Specifier: <2>]
05-02 13:28:26.049  4231  4231 D TelephonyNetworkFactory[1]: evalRequest
05-02 13:28:26.049  4231  4231 D TelephonyNetworkFactory[1]:   done
05-02 13:28:26.049  4231  4231 D TelephonyNetworkFactory[1]: new score 10 for exisiting request NetworkRequest [ TRACK_DEFAULT id=11, [ Capabilities: INTERNET&NOT_RESTRICTED&TRUSTED Unwanted:  Uid: 10006] ]
05-02 13:28:26.049  4231  4231 D TelephonyNetworkFactory[1]:   my score=50, my filter=[ Transports: CELLULAR Capabilities: MMS&SUPL&DUN&FOTA&IMS&CBS&IA&RCS&XCAP&EIMS&INTERNET&NOT_RESTRICTED&TRUSTED&NOT_VPN&ENT1&FOC&MCX&BIP Unwanted:  Specifier: <2>]
05-02 13:28:26.049  4231  4231 D TelephonyNetworkFactory[1]: evalRequest
05-02 13:28:26.049  4231  4231 D TelephonyNetworkFactory[1]:   done
05-02 13:28:26.049  4231  4231 D TelephonyNetworkFactory[1]: new score 10 for exisiting request NetworkRequest [ TRACK_DEFAULT id=1538, [ Capabilities: INTERNET&NOT_RESTRICTED&TRUSTED Unwanted:  Uid: 10212] ]
05-02 13:28:26.049  4231  4231 D TelephonyNetworkFactory[1]:   my score=50, my filter=[ Transports: CELLULAR Capabilities: MMS&SUPL&DUN&FOTA&IMS&CBS&IA&RCS&XCAP&EIMS&INTERNET&NOT_RESTRICTED&TRUSTED&NOT_VPN&ENT1&FOC&MCX&BIP Unwanted:  Specifier: <2>]
05-02 13:28:26.049  4231  4231 D TelephonyNetworkFactory[1]: evalRequest
05-02 13:28:26.049  4231  4231 D TelephonyNetworkFactory[1]:   done
05-02 13:28:26.049  4231  4231 D TelephonyNetworkFactory[1]: new score 10 for exisiting request NetworkRequest [ TRACK_DEFAULT id=1463, [ Capabilities: INTERNET&NOT_RESTRICTED&TRUSTED Unwanted:  Uid: 10209] ]
05-02 13:28:26.049  4231  4231 D TelephonyNetworkFactory[1]:   my score=50, my filter=[ Transports: CELLULAR Capabilities: MMS&SUPL&DUN&FOTA&IMS&CBS&IA&RCS&XCAP&EIMS&INTERNET&NOT_RESTRICTED&TRUSTED&NOT_VPN&ENT1&FOC&MCX&BIP Unwanted:  Specifier: <2>]
05-02 13:28:26.050  4231  4231 D TelephonyNetworkFactory[1]: evalRequest
05-02 13:28:26.050  4231  4231 D TelephonyNetworkFactory[1]:   done
05-02 13:28:26.050  4231  4231 D TelephonyNetworkFactory[1]: new score 10 for exisiting request NetworkRequest [ TRACK_DEFAULT id=18, [ Capabilities: INTERNET&NOT_RESTRICTED&TRUSTED Unwanted:  Uid: 10097] ]
05-02 13:28:26.050  4231  4231 D TelephonyNetworkFactory[1]:   my score=50, my filter=[ Transports: CELLULAR Capabilities: MMS&SUPL&DUN&FOTA&IMS&CBS&IA&RCS&XCAP&EIMS&INTERNET&NOT_RESTRICTED&TRUSTED&NOT_VPN&ENT1&FOC&MCX&BIP Unwanted:  Specifier: <2>]
05-02 13:28:26.050  4231  4231 D TelephonyNetworkFactory[1]: evalRequest
05-02 13:28:26.050  4231  4231 D TelephonyNetworkFactory[1]:   done
05-02 13:28:26.050  4231  4231 D TelephonyNetworkFactory[1]: new score 10 for exisiting request NetworkRequest [ TRACK_DEFAULT id=1593, [ Capabilities: INTERNET&NOT_RESTRICTED&TRUSTED Unwanted:  Uid: 5009] ]
05-02 13:28:26.050  4231  4231 D TelephonyNetworkFactory[1]:   my score=50, my filter=[ Transports: CELLULAR Capabilities: MMS&SUPL&DUN&FOTA&IMS&CBS&IA&RCS&XCAP&EIMS&INTERNET&NOT_RESTRICTED&TRUSTED&NOT_VPN&ENT1&FOC&MCX&BIP Unwanted:  Specifier: <2>]
05-02 13:28:26.050  4231  4231 D TelephonyNetworkFactory[1]: evalRequest
05-02 13:28:26.050  4231  4231 D TelephonyNetworkFactory[1]:   done
05-02 13:28:26.050  4231  4231 D TelephonyNetworkFactory[1]: new score 10 for exisiting request NetworkRequest [ TRACK_DEFAULT id=1586, [ Capabilities: INTERNET&NOT_RESTRICTED&TRUSTED Unwanted:  Uid: 10194] ]
05-02 13:28:26.050  4231  4231 D TelephonyNetworkFactory[1]:   my score=50, my filter=[ Transports: CELLULAR Capabilities: MMS&SUPL&DUN&FOTA&IMS&CBS&IA&RCS&XCAP&EIMS&INTERNET&NOT_RESTRICTED&TRUSTED&NOT_VPN&ENT1&FOC&MCX&BIP Unwanted:  Specifier: <2>]
05-02 13:28:26.050  4231  4231 D TelephonyNetworkFactory[1]: evalRequest
05-02 13:28:26.050  4231  4231 D TelephonyNetworkFactory[1]:   done
05-02 13:28:26.050  4231  4231 D TelephonyNetworkFactory[1]: new score 10 for exisiting request NetworkRequest [ TRACK_DEFAULT id=34, [ Capabilities: INTERNET&NOT_RESTRICTED&TRUSTED Unwanted:  Uid: 10097] ]
05-02 13:28:26.050  4231  4231 D TelephonyNetworkFactory[1]:   my score=50, my filter=[ Transports: CELLULAR Capabilities: MMS&SUPL&DUN&FOTA&IMS&CBS&IA&RCS&XCAP&EIMS&INTERNET&NOT_RESTRICTED&TRUSTED&NOT_VPN&ENT1&FOC&MCX&BIP Unwanted:  Specifier: <2>]
05-02 13:28:26.050  4231  4367 D DCT-1/1 : setPolicyDataEnabled: true
05-02 13:28:26.050  4231  4231 D TelephonyNetworkFactory[1]: evalRequest
05-02 13:28:26.050  4231  4231 D TelephonyNetworkFactory[1]:   done
05-02 13:28:26.051  4231  4231 D TelephonyNetworkFactory[1]: new score 10 for exisiting request NetworkRequest [ TRACK_DEFAULT id=1539, [ Capabilities: INTERNET&NOT_RESTRICTED&TRUSTED Unwanted:  Uid: 10212] ]
05-02 13:28:26.051  4231  4231 D TelephonyNetworkFactory[1]:   my score=50, my filter=[ Transports: CELLULAR Capabilities: MMS&SUPL&DUN&FOTA&IMS&CBS&IA&RCS&XCAP&EIMS&INTERNET&NOT_RESTRICTED&TRUSTED&NOT_VPN&ENT1&FOC&MCX&BIP Unwanted:  Specifier: <2>]
05-02 13:28:26.051  4231  4231 D TelephonyNetworkFactory[1]: evalRequest
05-02 13:28:26.051  4231  4231 D TelephonyNetworkFactory[1]:   done
05-02 13:28:26.051  4231  4231 D TelephonyNetworkFactory[1]: new score 10 for exisiting request NetworkRequest [ TRACK_DEFAULT id=8, [ Capabilities: INTERNET&NOT_RESTRICTED&TRUSTED Unwanted:  Uid: 1000] ]
05-02 13:28:26.051  4231  4231 D TelephonyNetworkFactory[1]:   my score=50, my filter=[ Transports: CELLULAR Capabilities: MMS&SUPL&DUN&FOTA&IMS&CBS&IA&RCS&XCAP&EIMS&INTERNET&NOT_RESTRICTED&TRUSTED&NOT_VPN&ENT1&FOC&MCX&BIP Unwanted:  Specifier: <2>]
05-02 13:28:26.051  4231  4231 D TelephonyNetworkFactory[1]: evalRequest
05-02 13:28:26.051  4231  4231 D TelephonyNetworkFactory[1]:   done
05-02 13:28:26.051  4231  4231 D TelephonyNetworkFactory[1]: new score 10 for exisiting request NetworkRequest [ TRACK_DEFAULT id=1038, [ Capabilities: INTERNET&NOT_RESTRICTED&TRUSTED Unwanted:  Uid: 10029] ]
05-02 13:28:26.051  4231  4231 D TelephonyNetworkFactory[1]:   my score=50, my filter=[ Transports: CELLULAR Capabilities: MMS&SUPL&DUN&FOTA&IMS&CBS&IA&RCS&XCAP&EIMS&INTERNET&NOT_RESTRICTED&TRUSTED&NOT_VPN&ENT1&FOC&MCX&BIP Unwanted:  Specifier: <2>]
05-02 13:28:26.051  4231  4231 D TelephonyNetworkFactory[1]: evalRequest
05-02 13:28:26.051  4231  4231 D TelephonyNetworkFactory[1]:   done
05-02 13:28:26.051  4231  4231 D TelephonyNetworkFactory[0]: new score 10 for exisiting request NetworkRequest [ REQUEST id=1, [ Capabilities: INTERNET&NOT_RESTRICTED&TRUSTED&NOT_VPN Unwanted: ] ]
05-02 13:28:26.051  4231  4231 D TelephonyNetworkFactory[0]:   my score=50, my filter=[ Transports: CELLULAR Capabilities: MMS&SUPL&DUN&FOTA&IMS&CBS&IA&RCS&XCAP&EIMS&INTERNET&NOT_RESTRICTED&TRUSTED&NOT_VPN&ENT1&FOC&MCX&BIP Unwanted:  Specifier: <3>]
05-02 13:28:26.052  4231  4231 D TelephonyNetworkFactory[0]: evalRequest
05-02 13:28:26.052  4231  4231 D TelephonyNetworkFactory[0]:   done
05-02 13:28:26.052  4231  4231 D TelephonyNetworkFactory[0]: new score 10 for exisiting request NetworkRequest [ TRACK_DEFAULT id=1533, [ Capabilities: INTERNET&NOT_RESTRICTED&TRUSTED Unwanted:  Uid: 10212] ]
05-02 13:28:26.052  4231  4231 D TelephonyNetworkFactory[0]:   my score=50, my filter=[ Transports: CELLULAR Capabilities: MMS&SUPL&DUN&FOTA&IMS&CBS&IA&RCS&XCAP&EIMS&INTERNET&NOT_RESTRICTED&TRUSTED&NOT_VPN&ENT1&FOC&MCX&BIP Unwanted:  Specifier: <3>]
05-02 13:28:26.052  4231  4231 D TelephonyNetworkFactory[0]: evalRequest
05-02 13:28:26.052  4231  4231 D TelephonyNetworkFactory[0]:   done
05-02 13:28:26.052  4231  4231 D TelephonyNetworkFactory[0]: new score 10 for exisiting request NetworkRequest [ TRACK_DEFAULT id=1595, [ Capabilities: INTERNET&NOT_RESTRICTED&TRUSTED Unwanted:  Uid: 10029] ]
05-02 13:28:26.052  4231  4231 D TelephonyNetworkFactory[0]:   my score=50, my filter=[ Transports: CELLULAR Capabilities: MMS&SUPL&DUN&FOTA&IMS&CBS&IA&RCS&XCAP&EIMS&INTERNET&NOT_RESTRICTED&TRUSTED&NOT_VPN&ENT1&FOC&MCX&BIP Unwanted:  Specifier: <3>]
05-02 13:28:26.052  4231  4231 D TelephonyNetworkFactory[0]: evalRequest
05-02 13:28:26.052  4231  4231 D TelephonyNetworkFactory[0]:   done
05-02 13:28:26.052  4231  4231 D TelephonyNetworkFactory[0]: new score 10 for exisiting request NetworkRequest [ REQUEST id=1032, [ Capabilities: INTERNET&NOT_RESTRICTED&TRUSTED Unwanted:  Uid: 10029] ]
05-02 13:28:26.052  4231  4231 D TelephonyNetworkFactory[0]:   my score=50, my filter=[ Transports: CELLULAR Capabilities: MMS&SUPL&DUN&FOTA&IMS&CBS&IA&RCS&XCAP&EIMS&INTERNET&NOT_RESTRICTED&TRUSTED&NOT_VPN&ENT1&FOC&MCX&BIP Unwanted:  Specifier: <3>]
05-02 13:28:26.052  4231  4231 D TelephonyNetworkFactory[0]: evalRequest
05-02 13:28:26.052  4231  4231 D TelephonyNetworkFactory[0]:   done
05-02 13:28:26.052  4231  4231 D TelephonyNetworkFactory[0]: new score 10 for exisiting request NetworkRequest [ TRACK_DEFAULT id=1417, [ Capabilities: INTERNET&NOT_RESTRICTED&TRUSTED Unwanted:  Uid: 10197] ]
05-02 13:28:26.052  4231  4231 D TelephonyNetworkFactory[0]:   my score=50, my filter=[ Transports: CELLULAR Capabilities: MMS&SUPL&DUN&FOTA&IMS&CBS&IA&RCS&XCAP&EIMS&INTERNET&NOT_RESTRICTED&TRUSTED&NOT_VPN&ENT1&FOC&MCX&BIP Unwanted:  Specifier: <3>]
05-02 13:28:26.052  4231  4231 D TelephonyNetworkFactory[0]: evalRequest
05-02 13:28:26.052  4231  4231 D TelephonyNetworkFactory[0]:   done
05-02 13:28:26.052  4231  4231 D TelephonyNetworkFactory[1]: new score 10 for exisiting request NetworkRequest [ REQUEST id=1535, [ Transports: CELLULAR Capabilities: INTERNET&NOT_RESTRICTED&TRUSTED&NOT_VPN Unwanted:  Uid: 10212] ]
05-02 13:28:26.052  4231  4231 D TelephonyNetworkFactory[1]:   my score=50, my filter=[ Transports: CELLULAR Capabilities: MMS&SUPL&DUN&FOTA&IMS&CBS&IA&RCS&XCAP&EIMS&INTERNET&NOT_RESTRICTED&TRUSTED&NOT_VPN&ENT1&FOC&MCX&BIP Unwanted:  Specifier: <2>]
05-02 13:28:26.052  4231  4367 D DCT-0/1 : setPolicyDataEnabled: true
05-02 13:28:26.052  4231  4231 D TelephonyNetworkFactory[1]: evalRequest
05-02 13:28:26.052  4231  4231 D TelephonyNetworkFactory[1]:   done
05-02 13:28:26.052  4231  4231 D TelephonyNetworkFactory[0]: new score 10 for exisiting request NetworkRequest [ TRACK_DEFAULT id=1529, [ Capabilities: INTERNET&NOT_RESTRICTED&TRUSTED Unwanted:  Uid: 10057] ]
05-02 13:28:26.052  4231  4231 D TelephonyNetworkFactory[0]:   my score=50, my filter=[ Transports: CELLULAR Capabilities: MMS&SUPL&DUN&FOTA&IMS&CBS&IA&RCS&XCAP&EIMS&INTERNET&NOT_RESTRICTED&TRUSTED&NOT_VPN&ENT1&FOC&MCX&BIP Unwanted:  Specifier: <3>]
05-02 13:28:26.052  4231  4231 D TelephonyNetworkFactory[0]: evalRequest
05-02 13:28:26.052  4231  4231 D TelephonyNetworkFactory[0]:   done
05-02 13:28:26.052  4231  4231 D TelephonyNetworkFactory[0]: new score 10 for exisiting request NetworkRequest [ TRACK_DEFAULT id=11, [ Capabilities: INTERNET&NOT_RESTRICTED&TRUSTED Unwanted:  Uid: 10006] ]
05-02 13:28:26.052  4231  4231 D TelephonyNetworkFactory[0]:   my score=50, my filter=[ Transports: CELLULAR Capabilities: MMS&SUPL&DUN&FOTA&IMS&CBS&IA&RCS&XCAP&EIMS&INTERNET&NOT_RESTRICTED&TRUSTED&NOT_VPN&ENT1&FOC&MCX&BIP Unwanted:  Specifier: <3>]
05-02 13:28:26.052  4231  4231 D TelephonyNetworkFactory[0]: evalRequest
05-02 13:28:26.052  4231  4231 D TelephonyNetworkFactory[0]:   done
05-02 13:28:26.052  4231  4231 D TelephonyNetworkFactory[0]: new score 10 for exisiting request NetworkRequest [ TRACK_DEFAULT id=1538, [ Capabilities: INTERNET&NOT_RESTRICTED&TRUSTED Unwanted:  Uid: 10212] ]
05-02 13:28:26.053  4231  4231 D TelephonyNetworkFactory[0]:   my score=50, my filter=[ Transports: CELLULAR Capabilities: MMS&SUPL&DUN&FOTA&IMS&CBS&IA&RCS&XCAP&EIMS&INTERNET&NOT_RESTRICTED&TRUSTED&NOT_VPN&ENT1&FOC&MCX&BIP Unwanted:  Specifier: <3>]
05-02 13:28:26.053  4231  4231 D TelephonyNetworkFactory[0]: evalRequest
05-02 13:28:26.053  4231  4231 D TelephonyNetworkFactory[0]:   done
05-02 13:28:26.053  4231  4231 D DCT-1/1 : needSkipForNonDDS: ignore set PolicyDataEnabled phoneId = 0
05-02 13:28:26.053  4231  4231 D DCT-1/1 : onSetPolicyDataEnabled: ignore set PolicyDataEnabled because of non dds phone
05-02 13:28:26.053  4231  4231 D TelephonyNetworkFactory[1]: new score 10 for exisiting request NetworkRequest [ TRACK_DEFAULT id=14, [ Capabilities: INTERNET&NOT_RESTRICTED&TRUSTED Unwanted:  Uid: 1000] ]
05-02 13:28:26.053  4231  4231 D TelephonyNetworkFactory[1]:   my score=50, my filter=[ Transports: CELLULAR Capabilities: MMS&SUPL&DUN&FOTA&IMS&CBS&IA&RCS&XCAP&EIMS&INTERNET&NOT_RESTRICTED&TRUSTED&NOT_VPN&ENT1&FOC&MCX&BIP Unwanted:  Specifier: <2>]
05-02 13:28:26.053  4231  4231 D TelephonyNetworkFactory[1]: evalRequest
05-02 13:28:26.053  4231  4231 D TelephonyNetworkFactory[1]:   done
05-02 13:28:26.053  4231  4231 D TelephonyNetworkFactory[0]: new score 10 for exisiting request NetworkRequest [ TRACK_DEFAULT id=1463, [ Capabilities: INTERNET&NOT_RESTRICTED&TRUSTED Unwanted:  Uid: 10209] ]
05-02 13:28:26.053  4231  4231 D TelephonyNetworkFactory[0]:   my score=50, my filter=[ Transports: CELLULAR Capabilities: MMS&SUPL&DUN&FOTA&IMS&CBS&IA&RCS&XCAP&EIMS&INTERNET&NOT_RESTRICTED&TRUSTED&NOT_VPN&ENT1&FOC&MCX&BIP Unwanted:  Specifier: <3>]
05-02 13:28:26.053  4231  4231 D TelephonyNetworkFactory[0]: evalRequest
05-02 13:28:26.053  4231  4231 D TelephonyNetworkFactory[0]:   done
05-02 13:28:26.053  4231  4231 D TelephonyNetworkFactory[0]: new score 10 for exisiting request NetworkRequest [ TRACK_DEFAULT id=18, [ Capabilities: INTERNET&NOT_RESTRICTED&TRUSTED Unwanted:  Uid: 10097] ]
05-02 13:28:26.053  4231  4231 D TelephonyNetworkFactory[0]:   my score=50, my filter=[ Transports: CELLULAR Capabilities: MMS&SUPL&DUN&FOTA&IMS&CBS&IA&RCS&XCAP&EIMS&INTERNET&NOT_RESTRICTED&TRUSTED&NOT_VPN&ENT1&FOC&MCX&BIP Unwanted:  Specifier: <3>]
05-02 13:28:26.053  4231  4231 D TelephonyNetworkFactory[0]: evalRequest
05-02 13:28:26.053  4231  4231 D TelephonyNetworkFactory[0]:   done
05-02 13:28:26.053  4231  4231 D TelephonyNetworkFactory[1]: new score 10 for exisiting request NetworkRequest [ TRACK_DEFAULT id=21, [ Capabilities: INTERNET&NOT_RESTRICTED&TRUSTED Unwanted:  Uid: 10097] ]
05-02 13:28:26.053  4231  4231 D TelephonyNetworkFactory[1]:   my score=50, my filter=[ Transports: CELLULAR Capabilities: MMS&SUPL&DUN&FOTA&IMS&CBS&IA&RCS&XCAP&EIMS&INTERNET&NOT_RESTRICTED&TRUSTED&NOT_VPN&ENT1&FOC&MCX&BIP Unwanted:  Specifier: <2>]
05-02 13:28:26.053  4231  4231 D TelephonyNetworkFactory[1]: evalRequest
05-02 13:28:26.053  4231  4231 D TelephonyNetworkFactory[1]:   done
05-02 13:28:26.053  4231  4231 D TelephonyNetworkFactory[1]: new score 10 for exisiting request NetworkRequest [ TRACK_DEFAULT id=1536, [ Capabilities: INTERNET&NOT_RESTRICTED&TRUSTED Unwanted:  Uid: 10212] ]
05-02 13:28:26.053  4231  4231 D TelephonyNetworkFactory[1]:   my score=50, my filter=[ Transports: CELLULAR Capabilities: MMS&SUPL&DUN&FOTA&IMS&CBS&IA&RCS&XCAP&EIMS&INTERNET&NOT_RESTRICTED&TRUSTED&NOT_VPN&ENT1&FOC&MCX&BIP Unwanted:  Specifier: <2>]
05-02 13:28:26.053  4231  4231 D TelephonyNetworkFactory[1]: evalRequest
05-02 13:28:26.053  4231  4231 D TelephonyNetworkFactory[1]:   done
05-02 13:28:26.053  4231  4231 D TelephonyNetworkFactory[0]: new score 10 for exisiting request NetworkRequest [ TRACK_DEFAULT id=1593, [ Capabilities: INTERNET&NOT_RESTRICTED&TRUSTED Unwanted:  Uid: 5009] ]
05-02 13:28:26.113  4231  8073 D DCT-1/1 : setPolicyDataEnabled: true
05-02 13:28:26.113  4231  4231 D DCT-1/1 : needSkipForNonDDS: ignore set PolicyDataEnabled phoneId = 0
05-02 13:28:26.113  4231  4231 D DCT-1/1 : onSetPolicyDataEnabled: ignore set PolicyDataEnabled because of non dds phone
05-02 13:28:26.118  4231  8073 D DCT-0/1 : setPolicyDataEnabled: true
05-02 13:28:26.145  3927  4457 D TelephonyManager: getCellLocation - caller PID:3927, UID: 1000, TID: 4457
05-02 13:28:26.155  4231  4367 D SST     : [0] SST.getAllCellInfo(): CallingUid = 1000, CallingPid = 3927
05-02 13:28:26.156  4231  4367 D RILJ    : [1191]> RIL_REQUEST_GET_CELL_INFO_LIST [SUB0]
05-02 13:28:26.160  4231  4248 D RILJ    : [1191]< RIL_REQUEST_GET_CELL_INFO_LIST  [SUB0]
05-02 13:28:26.161  4231  4367 D SST     : [1] SST.getAllCellInfo(): CallingUid = 1000, CallingPid = 3927
05-02 13:28:26.162  4231  4367 D RILJ    : [1192]> RIL_REQUEST_GET_CELL_INFO_LIST [SUB1]
05-02 13:28:26.165  3564  3939 E RILD2   : GetIpcMessage: partial IPC received. received 512 expected 619
05-02 13:28:26.165  3564  3939 E RILD2   : ProcessIpcMessageReceived: Incomplete IPC received.
05-02 13:28:26.172  4231  4248 D RILJ    : [1192]< RIL_REQUEST_GET_CELL_INFO_LIST  [SUB1]
05-02 13:28:26.240  4231  4367 D SubscriptionController: [getActiveSubscriptionInfo]+ subId=3 subInfo= XXX
05-02 13:28:26.381  4231  4367 D DCT-0/1 : onMeteredIfacesChanged(ifaces=[rmnet0])
05-02 13:28:26.382  4231  8073 D DCT-1/1 : onMeteredIfacesChanged(ifaces=[rmnet0])
05-02 13:28:26.399  4231 17960 D DCT-1/1 : setPolicyDataEnabled: true
05-02 13:28:26.400  4231  4231 D DCT-1/1 : needSkipForNonDDS: ignore set PolicyDataEnabled phoneId = 0
05-02 13:28:26.400  4231  4231 D DCT-1/1 : onSetPolicyDataEnabled: ignore set PolicyDataEnabled because of non dds phone
05-02 13:28:26.403  4231 17960 D DCT-0/1 : setPolicyDataEnabled: true
05-02 13:28:26.428  4231 17960 D DCT-1/1 : setPolicyDataEnabled: true
05-02 13:28:26.428  4231  4231 D DCT-1/1 : needSkipForNonDDS: ignore set PolicyDataEnabled phoneId = 0
05-02 13:28:26.428  4231  4231 D DCT-1/1 : onSetPolicyDataEnabled: ignore set PolicyDataEnabled because of non dds phone
05-02 13:28:26.430  4231 17960 D DCT-0/1 : setPolicyDataEnabled: true
05-02 13:28:26.455  4231 18384 D SubscriptionController: [getActiveSubscriptionInfo]+ subId=3 subInfo= XXX
05-02 13:28:26.483  4231  8073 D DCT-0/1 : onMeteredIfacesChanged(ifaces=[rmnet0])
05-02 13:28:26.484  4231  4367 D DCT-1/1 : onMeteredIfacesChanged(ifaces=[rmnet0])
05-02 13:28:26.494  4231  4367 D DCT-1/1 : setPolicyDataEnabled: true
05-02 13:28:26.496  4231  4367 D DCT-0/1 : setPolicyDataEnabled: true
05-02 13:28:26.522  4231  4231 D DCT-1/1 : needSkipForNonDDS: ignore set PolicyDataEnabled phoneId = 0
05-02 13:28:26.522  4231  4231 D DCT-1/1 : onSetPolicyDataEnabled: ignore set PolicyDataEnabled because of non dds phone
05-02 13:28:26.715  4231  4231 D TelephonyNetworkFactory[1]: new score 50 for exisiting request NetworkRequest [ REQUEST id=1, [ Capabilities: INTERNET&NOT_RESTRICTED&TRUSTED&NOT_VPN Unwanted: ] ]
05-02 13:28:26.715  4231  4231 D TelephonyNetworkFactory[1]:   my score=50, my filter=[ Transports: CELLULAR Capabilities: MMS&SUPL&DUN&FOTA&IMS&CBS&IA&RCS&XCAP&EIMS&INTERNET&NOT_RESTRICTED&TRUSTED&NOT_VPN&ENT1&FOC&MCX&BIP Unwanted:  Specifier: <2>]
05-02 13:28:26.715  4231  4231 D TelephonyNetworkFactory[1]: evalRequest
05-02 13:28:26.715  4231  4231 D TelephonyNetworkFactory[1]:   done
05-02 13:28:26.716  4231  4231 D TelephonyNetworkFactory[0]: new score 50 for exisiting request NetworkRequest [ REQUEST id=1, [ Capabilities: INTERNET&NOT_RESTRICTED&TRUSTED&NOT_VPN Unwanted: ] ]
05-02 13:28:26.716  4231  4231 D TelephonyNetworkFactory[0]:   my score=50, my filter=[ Transports: CELLULAR Capabilities: MMS&SUPL&DUN&FOTA&IMS&CBS&IA&RCS&XCAP&EIMS&INTERNET&NOT_RESTRICTED&TRUSTED&NOT_VPN&ENT1&FOC&MCX&BIP Unwanted:  Specifier: <3>]
05-02 13:28:26.716  4231  4231 D TelephonyNetworkFactory[0]: evalRequest
05-02 13:28:26.716  4231  4231 D TelephonyNetworkFactory[0]:   done
05-02 13:28:26.721  4231  4231 D TelephonyNetworkFactory[0]: new score 50 for exisiting request NetworkRequest [ TRACK_DEFAULT id=8, [ Capabilities: INTERNET&NOT_RESTRICTED&TRUSTED Unwanted:  Uid: 1000] ]
05-02 13:28:26.721  4231  4231 D TelephonyNetworkFactory[0]:   my score=50, my filter=[ Transports: CELLULAR Capabilities: MMS&SUPL&DUN&FOTA&IMS&CBS&IA&RCS&XCAP&EIMS&INTERNET&NOT_RESTRICTED&TRUSTED&NOT_VPN&ENT1&FOC&MCX&BIP Unwanted:  Specifier: <3>]
05-02 13:28:26.721  4231  4231 D TelephonyNetworkFactory[0]: evalRequest
05-02 13:28:26.721  4231  4231 D TelephonyNetworkFactory[0]:   done
05-02 13:28:26.721  4231  4231 D TelephonyNetworkFactory[1]: new score 50 for exisiting request NetworkRequest [ TRACK_DEFAULT id=8, [ Capabilities: INTERNET&NOT_RESTRICTED&TRUSTED Unwanted:  Uid: 1000] ]
05-02 13:28:26.721  4231  4231 D TelephonyNetworkFactory[1]:   my score=50, my filter=[ Transports: CELLULAR Capabilities: MMS&SUPL&DUN&FOTA&IMS&CBS&IA&RCS&XCAP&EIMS&INTERNET&NOT_RESTRICTED&TRUSTED&NOT_VPN&ENT1&FOC&MCX&BIP Unwanted:  Specifier: <2>]
05-02 13:28:26.721  4231  4231 D TelephonyNetworkFactory[1]: evalRequest
05-02 13:28:26.721  4231  4231 D TelephonyNetworkFactory[1]:   done
05-02 13:28:26.722  4231  4231 D TelephonyNetworkFactory[0]: new score 50 for exisiting request NetworkRequest [ TRACK_DEFAULT id=11, [ Capabilities: INTERNET&NOT_RESTRICTED&TRUSTED Unwanted:  Uid: 10006] ]
05-02 13:28:26.722  4231  4231 D TelephonyNetworkFactory[0]:   my score=50, my filter=[ Transports: CELLULAR Capabilities: MMS&SUPL&DUN&FOTA&IMS&CBS&IA&RCS&XCAP&EIMS&INTERNET&NOT_RESTRICTED&TRUSTED&NOT_VPN&ENT1&FOC&MCX&BIP Unwanted:  Specifier: <3>]
05-02 13:28:26.722  4231  4231 D TelephonyNetworkFactory[0]: evalRequest
05-02 13:28:26.722  4231  4231 D TelephonyNetworkFactory[0]:   done
05-02 13:28:26.722  4231  4231 D TelephonyNetworkFactory[0]: new score 50 for exisiting request NetworkRequest [ TRACK_DEFAULT id=14, [ Capabilities: INTERNET&NOT_RESTRICTED&TRUSTED Unwanted:  Uid: 1000] ]
05-02 13:28:26.722  4231  4231 D TelephonyNetworkFactory[0]:   my score=50, my filter=[ Transports: CELLULAR Capabilities: MMS&SUPL&DUN&FOTA&IMS&CBS&IA&RCS&XCAP&EIMS&INTERNET&NOT_RESTRICTED&TRUSTED&NOT_VPN&ENT1&FOC&MCX&BIP Unwanted:  Specifier: <3>]
05-02 13:28:26.722  4231  4231 D TelephonyNetworkFactory[0]: evalRequest
05-02 13:28:26.722  4231  4231 D TelephonyNetworkFactory[0]:   done
05-02 13:28:26.723  4231  4231 D TelephonyNetworkFactory[0]: new score 50 for exisiting request NetworkRequest [ TRACK_DEFAULT id=18, [ Capabilities: INTERNET&NOT_RESTRICTED&TRUSTED Unwanted:  Uid: 10097] ]
05-02 13:28:26.723  4231  4231 D TelephonyNetworkFactory[0]:   my score=50, my filter=[ Transports: CELLULAR Capabilities: MMS&SUPL&DUN&FOTA&IMS&CBS&IA&RCS&XCAP&EIMS&INTERNET&NOT_RESTRICTED&TRUSTED&NOT_VPN&ENT1&FOC&MCX&BIP Unwanted:  Specifier: <3>]
05-02 13:28:26.723  4231  4231 D TelephonyNetworkFactory[0]: evalRequest
05-02 13:28:26.723  4231  4231 D TelephonyNetworkFactory[0]:   done
05-02 13:28:26.733  4231  4231 D TelephonyNetworkFactory[0]: new score 50 for exisiting request NetworkRequest [ TRACK_DEFAULT id=21, [ Capabilities: INTERNET&NOT_RESTRICTED&TRUSTED Unwanted:  Uid: 10097] ]
05-02 13:28:26.733  4231  4231 D TelephonyNetworkFactory[0]:   my score=50, my filter=[ Transports: CELLULAR Capabilities: MMS&SUPL&DUN&FOTA&IMS&CBS&IA&RCS&XCAP&EIMS&INTERNET&NOT_RESTRICTED&TRUSTED&NOT_VPN&ENT1&FOC&MCX&BIP Unwanted:  Specifier: <3>]
05-02 13:28:26.733  4231  4231 D TelephonyNetworkFactory[0]: evalRequest
05-02 13:28:26.733  4231  4231 D TelephonyNetworkFactory[0]:   done
05-02 13:28:26.733  4231  4231 D TelephonyNetworkFactory[0]: new score 50 for exisiting request NetworkRequest [ TRACK_DEFAULT id=34, [ Capabilities: INTERNET&NOT_RESTRICTED&TRUSTED Unwanted:  Uid: 10097] ]
05-02 13:28:26.733  4231  4231 D TelephonyNetworkFactory[0]:   my score=50, my filter=[ Transports: CELLULAR Capabilities: MMS&SUPL&DUN&FOTA&IMS&CBS&IA&RCS&XCAP&EIMS&INTERNET&NOT_RESTRICTED&TRUSTED&NOT_VPN&ENT1&FOC&MCX&BIP Unwanted:  Specifier: <3>]
05-02 13:28:26.733  4231  4231 D TelephonyNetworkFactory[0]: evalRequest
05-02 13:28:26.733  4231  4231 D TelephonyNetworkFactory[0]:   done
05-02 13:28:26.733  4231  4231 D TelephonyNetworkFactory[0]: new score 50 for exisiting request NetworkRequest [ TRACK_DEFAULT id=120, [ Capabilities: INTERNET&NOT_RESTRICTED&TRUSTED Unwanted:  Uid: 10097] ]
05-02 13:28:26.733  4231  4231 D TelephonyNetworkFactory[0]:   my score=50, my filter=[ Transports: CELLULAR Capabilities: MMS&SUPL&DUN&FOTA&IMS&CBS&IA&RCS&XCAP&EIMS&INTERNET&NOT_RESTRICTED&TRUSTED&NOT_VPN&ENT1&FOC&MCX&BIP Unwanted:  Specifier: <3>]
05-02 13:28:26.733  4231  4231 D TelephonyNetworkFactory[0]: evalRequest
05-02 13:28:26.733  4231  4231 D TelephonyNetworkFactory[0]:   done
05-02 13:28:26.734  4231  4231 D TelephonyNetworkFactory[1]: new score 50 for exisiting request NetworkRequest [ TRACK_DEFAULT id=11, [ Capabilities: INTERNET&NOT_RESTRICTED&TRUSTED Unwanted:  Uid: 10006] ]
05-02 13:28:26.734  4231  4231 D TelephonyNetworkFactory[1]:   my score=50, my filter=[ Transports: CELLULAR Capabilities: MMS&SUPL&DUN&FOTA&IMS&CBS&IA&RCS&XCAP&EIMS&INTERNET&NOT_RESTRICTED&TRUSTED&NOT_VPN&ENT1&FOC&MCX&BIP Unwanted:  Specifier: <2>]
05-02 13:28:26.734  4231  4231 D TelephonyNetworkFactory[1]: evalRequest
05-02 13:28:26.734  4231  4231 D TelephonyNetworkFactory[1]:   done
05-02 13:28:26.734  4231  4231 D TelephonyNetworkFactory[1]: new score 50 for exisiting request NetworkRequest [ TRACK_DEFAULT id=14, [ Capabilities: INTERNET&NOT_RESTRICTED&TRUSTED Unwanted:  Uid: 1000] ]
05-02 13:28:26.734  4231  4231 D TelephonyNetworkFactory[1]:   my score=50, my filter=[ Transports: CELLULAR Capabilities: MMS&SUPL&DUN&FOTA&IMS&CBS&IA&RCS&XCAP&EIMS&INTERNET&NOT_RESTRICTED&TRUSTED&NOT_VPN&ENT1&FOC&MCX&BIP Unwanted:  Specifier: <2>]
05-02 13:28:26.734  4231  4231 D TelephonyNetworkFactory[1]: evalRequest
05-02 13:28:26.734  4231  4231 D TelephonyNetworkFactory[1]:   done
05-02 13:28:26.758  4231  4231 D TelephonyNetworkFactory[1]: new score 50 for exisiting request NetworkRequest [ TRACK_DEFAULT id=18, [ Capabilities: INTERNET&NOT_RESTRICTED&TRUSTED Unwanted:  Uid: 10097] ]
05-02 13:28:26.758  4231  4231 D TelephonyNetworkFactory[1]:   my score=50, my filter=[ Transports: CELLULAR Capabilities: MMS&SUPL&DUN&FOTA&IMS&CBS&IA&RCS&XCAP&EIMS&INTERNET&NOT_RESTRICTED&TRUSTED&NOT_VPN&ENT1&FOC&MCX&BIP Unwanted:  Specifier: <2>]
05-02 13:28:26.758  4231  4231 D TelephonyNetworkFactory[1]: evalRequest
05-02 13:28:26.758  4231  4231 D TelephonyNetworkFactory[1]:   done
05-02 13:28:26.758  4231  4231 D TelephonyNetworkFactory[1]: new score 50 for exisiting request NetworkRequest [ TRACK_DEFAULT id=21, [ Capabilities: INTERNET&NOT_RESTRICTED&TRUSTED Unwanted:  Uid: 10097] ]
05-02 13:28:26.759  4231  4231 D TelephonyNetworkFactory[1]:   my score=50, my filter=[ Transports: CELLULAR Capabilities: MMS&SUPL&DUN&FOTA&IMS&CBS&IA&RCS&XCAP&EIMS&INTERNET&NOT_RESTRICTED&TRUSTED&NOT_VPN&ENT1&FOC&MCX&BIP Unwanted:  Specifier: <2>]
05-02 13:28:26.759  4231  4231 D TelephonyNetworkFactory[1]: evalRequest
05-02 13:28:26.759  4231  4231 D TelephonyNetworkFactory[1]:   done
05-02 13:28:26.759  4231  4231 D TelephonyNetworkFactory[1]: new score 50 for exisiting request NetworkRequest [ TRACK_DEFAULT id=34, [ Capabilities: INTERNET&NOT_RESTRICTED&TRUSTED Unwanted:  Uid: 10097] ]
05-02 13:28:26.759  4231  4231 D TelephonyNetworkFactory[1]:   my score=50, my filter=[ Transports: CELLULAR Capabilities: MMS&SUPL&DUN&FOTA&IMS&CBS&IA&RCS&XCAP&EIMS&INTERNET&NOT_RESTRICTED&TRUSTED&NOT_VPN&ENT1&FOC&MCX&BIP Unwanted:  Specifier: <2>]
05-02 13:28:26.759  4231  4231 D TelephonyNetworkFactory[1]: evalRequest
05-02 13:28:26.759  4231  4231 D TelephonyNetworkFactory[1]:   done
05-02 13:28:26.759  4231  4231 D TelephonyNetworkFactory[1]: new score 50 for exisiting request NetworkRequest [ TRACK_DEFAULT id=120, [ Capabilities: INTERNET&NOT_RESTRICTED&TRUSTED Unwanted:  Uid: 10097] ]
05-02 13:28:26.759  4231  4231 D TelephonyNetworkFactory[1]:   my score=50, my filter=[ Transports: CELLULAR Capabilities: MMS&SUPL&DUN&FOTA&IMS&CBS&IA&RCS&XCAP&EIMS&INTERNET&NOT_RESTRICTED&TRUSTED&NOT_VPN&ENT1&FOC&MCX&BIP Unwanted:  Specifier: <2>]
05-02 13:28:26.759  4231  4231 D TelephonyNetworkFactory[1]: evalRequest
05-02 13:28:26.759  4231  4231 D TelephonyNetworkFactory[1]:   done
05-02 13:28:26.759  4231  4231 D TelephonyNetworkFactory[0]: new score 50 for exisiting request NetworkRequest [ REQUEST id=1032, [ Capabilities: INTERNET&NOT_RESTRICTED&TRUSTED Unwanted:  Uid: 10029] ]
05-02 13:28:26.759  4231  4231 D TelephonyNetworkFactory[0]:   my score=50, my filter=[ Transports: CELLULAR Capabilities: MMS&SUPL&DUN&FOTA&IMS&CBS&IA&RCS&XCAP&EIMS&INTERNET&NOT_RESTRICTED&TRUSTED&NOT_VPN&ENT1&FOC&MCX&BIP Unwanted:  Specifier: <3>]
05-02 13:28:26.759  4231  4231 D TelephonyNetworkFactory[0]: evalRequest
05-02 13:28:26.759  4231  4231 D TelephonyNetworkFactory[0]:   done
05-02 13:28:26.759  4231  4231 D TelephonyNetworkFactory[1]: new score 50 for exisiting request NetworkRequest [ REQUEST id=1032, [ Capabilities: INTERNET&NOT_RESTRICTED&TRUSTED Unwanted:  Uid: 10029] ]
05-02 13:28:26.759  4231  4231 D TelephonyNetworkFactory[1]:   my score=50, my filter=[ Transports: CELLULAR Capabilities: MMS&SUPL&DUN&FOTA&IMS&CBS&IA&RCS&XCAP&EIMS&INTERNET&NOT_RESTRICTED&TRUSTED&NOT_VPN&ENT1&FOC&MCX&BIP Unwanted:  Specifier: <2>]
05-02 13:28:26.759  4231  4231 D TelephonyNetworkFactory[1]: evalRequest
05-02 13:28:26.759  4231  4231 D TelephonyNetworkFactory[1]:   done
05-02 13:28:26.760  4231  4231 D TelephonyNetworkFactory[0]: new score 50 for exisiting request NetworkRequest [ TRACK_DEFAULT id=1038, [ Capabilities: INTERNET&NOT_RESTRICTED&TRUSTED Unwanted:  Uid: 10029] ]
05-02 13:28:26.760  4231  4231 D TelephonyNetworkFactory[0]:   my score=50, my filter=[ Transports: CELLULAR Capabilities: MMS&SUPL&DUN&FOTA&IMS&CBS&IA&RCS&XCAP&EIMS&INTERNET&NOT_RESTRICTED&TRUSTED&NOT_VPN&ENT1&FOC&MCX&BIP Unwanted:  Specifier: <3>]
05-02 13:28:26.760  4231  4231 D TelephonyNetworkFactory[0]: evalRequest
05-02 13:28:26.760  4231  4231 D TelephonyNetworkFactory[0]:   done
05-02 13:28:26.760  4231  4231 D TelephonyNetworkFactory[1]: new score 50 for exisiting request NetworkRequest [ TRACK_DEFAULT id=1038, [ Capabilities: INTERNET&NOT_RESTRICTED&TRUSTED Unwanted:  Uid: 10029] ]
05-02 13:28:26.760  4231  4231 D TelephonyNetworkFactory[1]:   my score=50, my filter=[ Transports: CELLULAR Capabilities: MMS&SUPL&DUN&FOTA&IMS&CBS&IA&RCS&XCAP&EIMS&INTERNET&NOT_RESTRICTED&TRUSTED&NOT_VPN&ENT1&FOC&MCX&BIP Unwanted:  Specifier: <2>]
05-02 13:28:26.760  4231  4231 D TelephonyNetworkFactory[1]: evalRequest
05-02 13:28:26.760  4231  4231 D TelephonyNetworkFactory[1]:   done
05-02 13:28:26.761  4231  4231 D TelephonyNetworkFactory[0]: new score 50 for exisiting request NetworkRequest [ TRACK_DEFAULT id=1417, [ Capabilities: INTERNET&NOT_RESTRICTED&TRUSTED Unwanted:  Uid: 10197] ]
05-02 13:28:26.761  4231  4231 D TelephonyNetworkFactory[0]:   my score=50, my filter=[ Transports: CELLULAR Capabilities: MMS&SUPL&DUN&FOTA&IMS&CBS&IA&RCS&XCAP&EIMS&INTERNET&NOT_RESTRICTED&TRUSTED&NOT_VPN&ENT1&FOC&MCX&BIP Unwanted:  Specifier: <3>]
05-02 13:28:26.761  4231  4231 D TelephonyNetworkFactory[0]: evalRequest
05-02 13:28:26.761  4231  4231 D TelephonyNetworkFactory[0]:   done
05-02 13:28:26.761  4231  4231 D TelephonyNetworkFactory[0]: new score 50 for exisiting request NetworkRequest [ TRACK_DEFAULT id=1463, [ Capabilities: INTERNET&NOT_RESTRICTED&TRUSTED Unwanted:  Uid: 10209] ]
05-02 13:28:26.761  4231  4231 D TelephonyNetworkFactory[0]:   my score=50, my filter=[ Transports: CELLULAR Capabilities: MMS&SUPL&DUN&FOTA&IMS&CBS&IA&RCS&XCAP&EIMS&INTERNET&NOT_RESTRICTED&TRUSTED&NOT_VPN&ENT1&FOC&MCX&BIP Unwanted:  Specifier: <3>]
05-02 13:28:26.761  4231  4231 D TelephonyNetworkFactory[0]: evalRequest
05-02 13:28:26.761  4231  4231 D TelephonyNetworkFactory[0]:   done
05-02 13:28:26.761  4231  4231 D TelephonyNetworkFactory[0]: new score 50 for exisiting request NetworkRequest [ TRACK_DEFAULT id=1529, [ Capabilities: INTERNET&NOT_RESTRICTED&TRUSTED Unwanted:  Uid: 10057] ]
05-02 13:28:26.761  4231  4231 D TelephonyNetworkFactory[0]:   my score=50, my filter=[ Transports: CELLULAR Capabilities: MMS&SUPL&DUN&FOTA&IMS&CBS&IA&RCS&XCAP&EIMS&INTERNET&NOT_RESTRICTED&TRUSTED&NOT_VPN&ENT1&FOC&MCX&BIP Unwanted:  Specifier: <3>]
05-02 13:28:26.761  4231  4231 D TelephonyNetworkFactory[0]: evalRequest
05-02 13:28:26.761  4231  4231 D TelephonyNetworkFactory[0]:   done
05-02 13:28:26.761  4231  4231 D TelephonyNetworkFactory[0]: new score 50 for exisiting request NetworkRequest [ TRACK_DEFAULT id=1532, [ Capabilities: INTERNET&NOT_RESTRICTED&TRUSTED Unwanted:  Uid: 10057] ]
05-02 13:28:26.761  4231  4231 D TelephonyNetworkFactory[0]:   my score=50, my filter=[ Transports: CELLULAR Capabilities: MMS&SUPL&DUN&FOTA&IMS&CBS&IA&RCS&XCAP&EIMS&INTERNET&NOT_RESTRICTED&TRUSTED&NOT_VPN&ENT1&FOC&MCX&BIP Unwanted:  Specifier: <3>]
05-02 13:28:26.761  4231  4231 D TelephonyNetworkFactory[0]: evalRequest
05-02 13:28:26.761  4231  4231 D TelephonyNetworkFactory[0]:   done
05-02 13:28:26.762  4231  4231 D TelephonyNetworkFactory[1]: new score 50 for exisiting request NetworkRequest [ TRACK_DEFAULT id=1417, [ Capabilities: INTERNET&NOT_RESTRICTED&TRUSTED Unwanted:  Uid: 10197] ]
05-02 13:28:26.762  4231  4231 D TelephonyNetworkFactory[1]:   my score=50, my filter=[ Transports: CELLULAR Capabilities: MMS&SUPL&DUN&FOTA&IMS&CBS&IA&RCS&XCAP&EIMS&INTERNET&NOT_RESTRICTED&TRUSTED&NOT_VPN&ENT1&FOC&MCX&BIP Unwanted:  Specifier: <2>]
05-02 13:28:26.762  4231  4231 D TelephonyNetworkFactory[1]: evalRequest
05-02 13:28:26.762  4231  4231 D TelephonyNetworkFactory[1]:   done
05-02 13:28:26.762  4231  4231 D TelephonyNetworkFactory[1]: new score 50 for exisiting request NetworkRequest [ TRACK_DEFAULT id=1463, [ Capabilities: INTERNET&NOT_RESTRICTED&TRUSTED Unwanted:  Uid: 10209] ]
05-02 13:28:26.762  4231  4231 D TelephonyNetworkFactory[1]:   my score=50, my filter=[ Transports: CELLULAR Capabilities: MMS&SUPL&DUN&FOTA&IMS&CBS&IA&RCS&XCAP&EIMS&INTERNET&NOT_RESTRICTED&TRUSTED&NOT_VPN&ENT1&FOC&MCX&BIP Unwanted:  Specifier: <2>]
05-02 13:28:26.763  4231  4231 D TelephonyNetworkFactory[1]: evalRequest
05-02 13:28:26.763  4231  4231 D TelephonyNetworkFactory[1]:   done
05-02 13:28:26.763  4231  4231 D TelephonyNetworkFactory[1]: new score 50 for exisiting request NetworkRequest [ TRACK_DEFAULT id=1529, [ Capabilities: INTERNET&NOT_RESTRICTED&TRUSTED Unwanted:  Uid: 10057] ]
05-02 13:28:26.763  4231  4231 D TelephonyNetworkFactory[1]:   my score=50, my filter=[ Transports: CELLULAR Capabilities: MMS&SUPL&DUN&FOTA&IMS&CBS&IA&RCS&XCAP&EIMS&INTERNET&NOT_RESTRICTED&TRUSTED&NOT_VPN&ENT1&FOC&MCX&BIP Unwanted:  Specifier: <2>]
05-02 13:28:26.763  4231  4231 D TelephonyNetworkFactory[1]: evalRequest
05-02 13:28:26.763  4231  4231 D TelephonyNetworkFactory[1]:   done
05-02 13:28:26.764  4231  4231 D TelephonyNetworkFactory[0]: new score 50 for exisiting request NetworkRequest [ TRACK_DEFAULT id=1533, [ Capabilities: INTERNET&NOT_RESTRICTED&TRUSTED Unwanted:  Uid: 10212] ]
05-02 13:28:26.764  4231  4231 D TelephonyNetworkFactory[0]:   my score=50, my filter=[ Transports: CELLULAR Capabilities: MMS&SUPL&DUN&FOTA&IMS&CBS&IA&RCS&XCAP&EIMS&INTERNET&NOT_RESTRICTED&TRUSTED&NOT_VPN&ENT1&FOC&MCX&BIP Unwanted:  Specifier: <3>]
05-02 13:28:26.764  4231  4231 D TelephonyNetworkFactory[0]: evalRequest
05-02 13:28:26.764  4231  4231 D TelephonyNetworkFactory[0]:   done
05-02 13:28:26.764  4231  4231 D TelephonyNetworkFactory[0]: new score 50 for exisiting request NetworkRequest [ REQUEST id=1535, [ Transports: CELLULAR Capabilities: INTERNET&NOT_RESTRICTED&TRUSTED&NOT_VPN Unwanted:  Uid: 10212] ]
05-02 13:28:26.764  4231  4231 D TelephonyNetworkFactory[0]:   my score=50, my filter=[ Transports: CELLULAR Capabilities: MMS&SUPL&DUN&FOTA&IMS&CBS&IA&RCS&XCAP&EIMS&INTERNET&NOT_RESTRICTED&TRUSTED&NOT_VPN&ENT1&FOC&MCX&BIP Unwanted:  Specifier: <3>]
05-02 13:28:26.764  4231  4231 D TelephonyNetworkFactory[0]: evalRequest
05-02 13:28:26.764  4231  4231 D TelephonyNetworkFactory[0]:   done
05-02 13:28:26.764  4231  4231 D TelephonyNetworkFactory[0]: new score 50 for exisiting request NetworkRequest [ TRACK_DEFAULT id=1536, [ Capabilities: INTERNET&NOT_RESTRICTED&TRUSTED Unwanted:  Uid: 10212] ]
05-02 13:28:26.764  4231  4231 D TelephonyNetworkFactory[0]:   my score=50, my filter=[ Transports: CELLULAR Capabilities: MMS&SUPL&DUN&FOTA&IMS&CBS&IA&RCS&XCAP&EIMS&INTERNET&NOT_RESTRICTED&TRUSTED&NOT_VPN&ENT1&FOC&MCX&BIP Unwanted:  Specifier: <3>]
05-02 13:28:26.764  4231  4231 D TelephonyNetworkFactory[0]: evalRequest
05-02 13:28:26.764  4231  4231 D TelephonyNetworkFactory[0]:   done
05-02 13:28:26.765  4231  4231 D TelephonyNetworkFactory[1]: new score 50 for exisiting request NetworkRequest [ TRACK_DEFAULT id=1532, [ Capabilities: INTERNET&NOT_RESTRICTED&TRUSTED Unwanted:  Uid: 10057] ]
05-02 13:28:26.765  4231  4231 D TelephonyNetworkFactory[1]:   my score=50, my filter=[ Transports: CELLULAR Capabilities: MMS&SUPL&DUN&FOTA&IMS&CBS&IA&RCS&XCAP&EIMS&INTERNET&NOT_RESTRICTED&TRUSTED&NOT_VPN&ENT1&FOC&MCX&BIP Unwanted:  Specifier: <2>]
05-02 13:28:26.765  4231  4231 D TelephonyNetworkFactory[1]: evalRequest
05-02 13:28:26.765  4231  4231 D TelephonyNetworkFactory[1]:   done
05-02 13:28:26.765  4231  4231 D TelephonyNetworkFactory[0]: new score 50 for exisiting request NetworkRequest [ TRACK_DEFAULT id=1538, [ Capabilities: INTERNET&NOT_RESTRICTED&TRUSTED Unwanted:  Uid: 10212] ]
05-02 13:28:26.765  4231  4231 D TelephonyNetworkFactory[0]:   my score=50, my filter=[ Transports: CELLULAR Capabilities: MMS&SUPL&DUN&FOTA&IMS&CBS&IA&RCS&XCAP&EIMS&INTERNET&NOT_RESTRICTED&TRUSTED&NOT_VPN&ENT1&FOC&MCX&BIP Unwanted:  Specifier: <3>]
05-02 13:28:26.765  4231  4231 D TelephonyNetworkFactory[0]: evalRequest
05-02 13:28:26.765  4231  4231 D TelephonyNetworkFactory[0]:   done
05-02 13:28:26.768  4231  4231 D TelephonyNetworkFactory[1]: new score 50 for exisiting request NetworkRequest [ TRACK_DEFAULT id=1533, [ Capabilities: INTERNET&NOT_RESTRICTED&TRUSTED Unwanted:  Uid: 10212] ]
05-02 13:28:26.768  4231  4231 D TelephonyNetworkFactory[1]:   my score=50, my filter=[ Transports: CELLULAR Capabilities: MMS&SUPL&DUN&FOTA&IMS&CBS&IA&RCS&XCAP&EIMS&INTERNET&NOT_RESTRICTED&TRUSTED&NOT_VPN&ENT1&FOC&MCX&BIP Unwanted:  Specifier: <2>]
05-02 13:28:26.768  4231  4231 D TelephonyNetworkFactory[1]: evalRequest
05-02 13:28:26.768  4231  4231 D TelephonyNetworkFactory[1]:   done
05-02 13:28:26.768  4231  4231 D TelephonyNetworkFactory[0]: new score 50 for exisiting request NetworkRequest [ TRACK_DEFAULT id=1539, [ Capabilities: INTERNET&NOT_RESTRICTED&TRUSTED Unwanted:  Uid: 10212] ]
05-02 13:28:26.768  4231  4231 D TelephonyNetworkFactory[0]:   my score=50, my filter=[ Transports: CELLULAR Capabilities: MMS&SUPL&DUN&FOTA&IMS&CBS&IA&RCS&XCAP&EIMS&INTERNET&NOT_RESTRICTED&TRUSTED&NOT_VPN&ENT1&FOC&MCX&BIP Unwanted:  Specifier: <3>]
05-02 13:28:26.768  4231  4231 D TelephonyNetworkFactory[0]: evalRequest
05-02 13:28:26.768  4231  4231 D TelephonyNetworkFactory[0]:   done
05-02 13:28:26.768  4231  4231 D TelephonyNetworkFactory[0]: new score 50 for exisiting request NetworkRequest [ TRACK_DEFAULT id=1586, [ Capabilities: INTERNET&NOT_RESTRICTED&TRUSTED Unwanted:  Uid: 10194] ]
05-02 13:28:26.768  4231  4231 D TelephonyNetworkFactory[0]:   my score=50, my filter=[ Transports: CELLULAR Capabilities: MMS&SUPL&DUN&FOTA&IMS&CBS&IA&RCS&XCAP&EIMS&INTERNET&NOT_RESTRICTED&TRUSTED&NOT_VPN&ENT1&FOC&MCX&BIP Unwanted:  Specifier: <3>]
05-02 13:28:26.768  4231  4231 D TelephonyNetworkFactory[0]: evalRequest
05-02 13:28:26.768  4231  4231 D TelephonyNetworkFactory[0]:   done
05-02 13:28:26.768  4231  4231 D TelephonyNetworkFactory[1]: new score 50 for exisiting request NetworkRequest [ REQUEST id=1535, [ Transports: CELLULAR Capabilities: INTERNET&NOT_RESTRICTED&TRUSTED&NOT_VPN Unwanted:  Uid: 10212] ]
05-02 13:28:26.768  4231  4231 D TelephonyNetworkFactory[1]:   my score=50, my filter=[ Transports: CELLULAR Capabilities: MMS&SUPL&DUN&FOTA&IMS&CBS&IA&RCS&XCAP&EIMS&INTERNET&NOT_RESTRICTED&TRUSTED&NOT_VPN&ENT1&FOC&MCX&BIP Unwanted:  Specifier: <2>]
05-02 13:28:26.768  4231  4231 D TelephonyNetworkFactory[1]: evalRequest
05-02 13:28:26.768  4231  4231 D TelephonyNetworkFactory[1]:   done
05-02 13:28:26.768  4231  4231 D TelephonyNetworkFactory[1]: new score 50 for exisiting request NetworkRequest [ TRACK_DEFAULT id=1536, [ Capabilities: INTERNET&NOT_RESTRICTED&TRUSTED Unwanted:  Uid: 10212] ]
05-02 13:28:26.768  4231  4231 D TelephonyNetworkFactory[1]:   my score=50, my filter=[ Transports: CELLULAR Capabilities: MMS&SUPL&DUN&FOTA&IMS&CBS&IA&RCS&XCAP&EIMS&INTERNET&NOT_RESTRICTED&TRUSTED&NOT_VPN&ENT1&FOC&MCX&BIP Unwanted:  Specifier: <2>]
05-02 13:28:26.768  4231  4231 D TelephonyNetworkFactory[1]: evalRequest
05-02 13:28:26.769  4231  4231 D TelephonyNetworkFactory[1]:   done
05-02 13:28:26.769  4231  4231 D TelephonyNetworkFactory[1]: new score 50 for exisiting request NetworkRequest [ TRACK_DEFAULT id=1538, [ Capabilities: INTERNET&NOT_RESTRICTED&TRUSTED Unwanted:  Uid: 10212] ]
05-02 13:28:26.769  4231  4231 D TelephonyNetworkFactory[1]:   my score=50, my filter=[ Transports: CELLULAR Capabilities: MMS&SUPL&DUN&FOTA&IMS&CBS&IA&RCS&XCAP&EIMS&INTERNET&NOT_RESTRICTED&TRUSTED&NOT_VPN&ENT1&FOC&MCX&BIP Unwanted:  Specifier: <2>]
05-02 13:28:26.769  4231  4231 D TelephonyNetworkFactory[1]: evalRequest
05-02 13:28:26.769  4231  4231 D TelephonyNetworkFactory[1]:   done
05-02 13:28:26.769  4231  4231 D TelephonyNetworkFactory[0]: new score 50 for exisiting request NetworkRequest [ TRACK_DEFAULT id=1593, [ Capabilities: INTERNET&NOT_RESTRICTED&TRUSTED Unwanted:  Uid: 5009] ]
05-02 13:28:26.769  4231  4231 D TelephonyNetworkFactory[0]:   my score=50, my filter=[ Transports: CELLULAR Capabilities: MMS&SUPL&DUN&FOTA&IMS&CBS&IA&RCS&XCAP&EIMS&INTERNET&NOT_RESTRICTED&TRUSTED&NOT_VPN&ENT1&FOC&MCX&BIP Unwanted:  Specifier: <3>]
05-02 13:28:26.769  4231  4231 D TelephonyNetworkFactory[0]: evalRequest
05-02 13:28:26.769  4231  4231 D TelephonyNetworkFactory[0]:   done
05-02 13:28:26.769  4231  4231 D TelephonyNetworkFactory[0]: new score 50 for exisiting request NetworkRequest [ TRACK_DEFAULT id=1595, [ Capabilities: INTERNET&NOT_RESTRICTED&TRUSTED Unwanted:  Uid: 10029] ]
05-02 13:28:26.769  4231  4231 D TelephonyNetworkFactory[0]:   my score=50, my filter=[ Transports: CELLULAR Capabilities: MMS&SUPL&DUN&FOTA&IMS&CBS&IA&RCS&XCAP&EIMS&INTERNET&NOT_RESTRICTED&TRUSTED&NOT_VPN&ENT1&FOC&MCX&BIP Unwanted:  Specifier: <3>]
05-02 13:28:26.769  4231  4231 D TelephonyNetworkFactory[0]: evalRequest
05-02 13:28:26.769  4231  4231 D TelephonyNetworkFactory[0]:   done
05-02 13:28:26.769  4231  4231 D TelephonyNetworkFactory[1]: new score 50 for exisiting request NetworkRequest [ TRACK_DEFAULT id=1539, [ Capabilities: INTERNET&NOT_RESTRICTED&TRUSTED Unwanted:  Uid: 10212] ]
05-02 13:28:26.769  4231  4231 D TelephonyNetworkFactory[1]:   my score=50, my filter=[ Transports: CELLULAR Capabilities: MMS&SUPL&DUN&FOTA&IMS&CBS&IA&RCS&XCAP&EIMS&INTERNET&NOT_RESTRICTED&TRUSTED&NOT_VPN&ENT1&FOC&MCX&BIP Unwanted:  Specifier: <2>]
05-02 13:28:26.769  4231  4231 D TelephonyNetworkFactory[1]: evalRequest
05-02 13:28:26.769  4231  4231 D TelephonyNetworkFactory[1]:   done
05-02 13:28:26.770  4231  4231 D TelephonyNetworkFactory[1]: new score 50 for exisiting request NetworkRequest [ TRACK_DEFAULT id=1586, [ Capabilities: INTERNET&NOT_RESTRICTED&TRUSTED Unwanted:  Uid: 10194] ]
05-02 13:28:26.770  4231  4231 D TelephonyNetworkFactory[1]:   my score=50, my filter=[ Transports: CELLULAR Capabilities: MMS&SUPL&DUN&FOTA&IMS&CBS&IA&RCS&XCAP&EIMS&INTERNET&NOT_RESTRICTED&TRUSTED&NOT_VPN&ENT1&FOC&MCX&BIP Unwanted:  Specifier: <2>]
05-02 13:28:26.770  4231  4231 D TelephonyNetworkFactory[1]: evalRequest
05-02 13:28:26.770  4231  4231 D TelephonyNetworkFactory[1]:   done
05-02 13:28:26.770  4231  4231 D TelephonyNetworkFactory[1]: new score 50 for exisiting request NetworkRequest [ TRACK_DEFAULT id=1593, [ Capabilities: INTERNET&NOT_RESTRICTED&TRUSTED Unwanted:  Uid: 5009] ]
05-02 13:28:26.770  4231  4231 D TelephonyNetworkFactory[1]:   my score=50, my filter=[ Transports: CELLULAR Capabilities: MMS&SUPL&DUN&FOTA&IMS&CBS&IA&RCS&XCAP&EIMS&INTERNET&NOT_RESTRICTED&TRUSTED&NOT_VPN&ENT1&FOC&MCX&BIP Unwanted:  Specifier: <2>]
05-02 13:28:26.770  4231  4231 D TelephonyNetworkFactory[1]: evalRequest
05-02 13:28:26.770  4231  4231 D TelephonyNetworkFactory[1]:   done
05-02 13:28:26.771  4231  4231 D TelephonyNetworkFactory[1]: new score 50 for exisiting request NetworkRequest [ TRACK_DEFAULT id=1595, [ Capabilities: INTERNET&NOT_RESTRICTED&TRUSTED Unwanted:  Uid: 10029] ]
05-02 13:28:26.771  4231  4231 D TelephonyNetworkFactory[1]:   my score=50, my filter=[ Transports: CELLULAR Capabilities: MMS&SUPL&DUN&FOTA&IMS&CBS&IA&RCS&XCAP&EIMS&INTERNET&NOT_RESTRICTED&TRUSTED&NOT_VPN&ENT1&FOC&MCX&BIP Unwanted:  Specifier: <2>]
05-02 13:28:26.771  4231  4231 D TelephonyNetworkFactory[1]: evalRequest
05-02 13:28:26.771  4231  4231 D TelephonyNetworkFactory[1]:   done
05-02 13:28:27.186  4231  4352 D SubscriptionController: getSimStateForSlotIndex:  simState=LOADED ordinal=10 slotIndex=0
05-02 13:28:27.186  5697 10254 D SubscriptionManager: getSimStateForSlotIdx: simState=10 slotIndex=0
05-02 13:28:27.204  4231  4352 D SubscriptionController: getSimStateForSlotIndex:  simState=LOADED ordinal=10 slotIndex=0
05-02 13:28:27.204  5697 10254 D SubscriptionManager: getSimStateForSlotIdx: simState=10 slotIndex=0
05-02 13:28:27.229  4231  4352 D SubscriptionController: getSimStateForSlotIndex:  simState=LOADED ordinal=10 slotIndex=0
05-02 13:28:27.230  5697 10254 D SubscriptionManager: getSimStateForSlotIdx: simState=10 slotIndex=0
05-02 13:28:27.248  4231  4352 D SubscriptionController: getSimStateForSlotIndex:  simState=LOADED ordinal=10 slotIndex=0
05-02 13:28:27.248  5697 10254 D SubscriptionManager: getSimStateForSlotIdx: simState=10 slotIndex=0
05-02 13:28:28.723  3563  3677 E RILC    : currentSignalStrengthInd: Using vendor specific codes to proceed it
05-02 13:28:29.399  4231  4352 D SubscriptionController: getSimStateForSlotIndex:  simState=LOADED ordinal=10 slotIndex=0
05-02 13:28:29.399  5697 10254 D SubscriptionManager: getSimStateForSlotIdx: simState=10 slotIndex=0
05-02 13:28:29.418  4231  4352 D SubscriptionController: getSimStateForSlotIndex:  simState=LOADED ordinal=10 slotIndex=0
05-02 13:28:29.418  5697 10254 D SubscriptionManager: getSimStateForSlotIdx: simState=10 slotIndex=0
05-02 13:28:29.447  4231  4352 D SubscriptionController: getSimStateForSlotIndex:  simState=LOADED ordinal=10 slotIndex=0
05-02 13:28:29.447  5697 10254 D SubscriptionManager: getSimStateForSlotIdx: simState=10 slotIndex=0
05-02 13:28:29.466  4231  4352 D SubscriptionController: getSimStateForSlotIndex:  simState=LOADED ordinal=10 slotIndex=0
05-02 13:28:29.467  5697 10254 D SubscriptionManager: getSimStateForSlotIdx: simState=10 slotIndex=0
05-02 13:28:31.925  3563  3677 E RILC    : currentSignalStrengthInd: Using vendor specific codes to proceed it
05-02 13:28:32.752  4231  4352 D RILJ    : [1193]> OEM_HOOK_RAW[118200090000000001] [SUB0]
05-02 13:28:32.756  4231  4352 D RILJ    : [1194]> OEM_HOOK_RAW[118200090000000001] [SUB1]
05-02 13:28:32.756  4231  4248 D RILJ    : [1193]< OEM_HOOK_RAW [B@d492e4d [SUB0]
05-02 13:28:32.764  4231  4248 D RILJ    : [1194]< OEM_HOOK_RAW [B@d25d02 [SUB1]
05-02 13:28:33.488  3564  3695 E RILC    : currentSignalStrengthInd: Using vendor specific codes to proceed it
05-02 13:28:36.245  3563  3677 E RILC    : currentSignalStrengthInd: Using vendor specific codes to proceed it
05-02 13:28:38.940  4231  4248 D RILJ    : Unsol response received; Sending ack to ril.cpp [SUB1]
05-02 13:28:38.941  4231  4248 D RILJ    : [UNSL]< UNSOL_RESPONSE_NETWORK_STATE_CHANGED [SUB1]
05-02 13:28:38.941  4231  4411 D NetworkRegistrationManager: onNetworkStateChanged
05-02 13:28:38.941  4231  4248 D use-Rlog/RLOG-IMS-IIL: ImsSecChannelCallback: receive
05-02 13:28:38.941  4231  4248 D use-Rlog/RLOG-IMS-IIL: IpcDispatcher2: [Rx]: (M)IPC_IIL_CMD (S)IPC_IIL_SSAC_INFO (T)EVENT l:13
05-02 13:28:38.941  4231  4231 D SST     : [1] pollState: modemTriggered=true, RadioState: RADIO_ON
05-02 13:28:38.943  4231  4590 D use-Rlog/RLOG-IMS-IIL: ImsIilManager2: handleMessage: event 100
05-02 13:28:38.943  4231  4590 D use-Rlog/RLOG-IMS-IIL: ImsIilManager2: handleSSACInfo()
05-02 13:28:38.944  4231  4231 D RILJ    : [1196]> OPERATOR [SUB1]
05-02 13:28:38.945  4231  4231 D NetworkRegistrationManager: getNetworkRegistrationState domain 2
05-02 13:28:38.946  4231  4231 D NetworkRegistrationManager: getNetworkRegistrationState domain 1
05-02 13:28:38.948  4231  4411 D RILJ    : [1197]> DATA_REGISTRATION_STATE [SUB1]
05-02 13:28:38.950  4231  4411 D RILJ    : [1199]> VOICE_REGISTRATION_STATE [SUB1]
05-02 13:28:38.951  4231  4590 D use-Rlog/RLOG-IMS-IIL: ImsCallManager2: handleMessage: event 100
05-02 13:28:38.951  4231  4590 D use-Rlog/RLOG-IMS-IIL: ImsSmsManager2: handleMessage: event 100
05-02 13:28:38.952  4231  4590 D use-Rlog/RLOG-IMS-IIL: ImsSsManager2: handleMessage: event 100
05-02 13:28:38.952  4231  4248 D use-Rlog/RLOG-IMS-IIL: ImsSecChannelCallback: receive
05-02 13:28:38.952  4231  4248 D use-Rlog/RLOG-IMS-IIL: IpcDispatcher2: [Rx]: (M)IPC_IIL_CMD (S)IPC_IIL_SSAC_INFO (T)EVENT l:13
05-02 13:28:38.953  4231  4231 D RILJ    : [1198]> QUERY_NETWORK_SELECTION_MODE [SUB1]
05-02 13:28:38.954  4231  4590 D use-Rlog/RLOG-IMS-IIL: ImsIilManager2: handleMessage: event 100
05-02 13:28:38.954  4231  4590 D use-Rlog/RLOG-IMS-IIL: ImsIilManager2: handleSSACInfo()
05-02 13:28:38.955  4231  4248 D RILJ    : [1196]< OPERATOR  [SUB1]
05-02 13:28:38.960  4231  4590 D use-Rlog/RLOG-IMS-IIL: ImsCallManager2: handleMessage: event 100
