05-02 13:28:25.980  4231  4260 D Dcc     : onDataStateChanged: Found ConnId=1 newState=DataCallResponse: { status=0 retry=-1 cid=1 active=2 type=IP ifname=rmnet0 addresses=[102.167.50.109/24] dnses=[/10.185.68.114, /10.185.68.113] gateways=[/102.167.50.1] pcscf=[] mtu=1500}
05-02 13:28:25.980  4231  4260 D DC-2    : addr/pl=/102.167.50.109/24
05-02 13:28:25.980  4231  4260 D Dcc     : onDataStateChanged: no change
05-02 13:28:25.980  4231  4260 D Dcc     : onDataStateChanged: Found ConnId=2 newState=DataCallResponse: { status=0 retry=-1 cid=2 active=2 type=IP ifname=rmnet1 addresses=[30.9.132.217/24] dnses=[/0.0.0.0, /0.0.0.0] gateways=[/30.9.132.1] pcscf=[10.176.21.129, 10.172.21.129] mtu=1500}
05-02 13:28:25.980  4231  4260 D DC-1    : addr/pl=/30.9.132.217/24
05-02 13:28:25.980  4231  4260 D Dcc     : onDataStateChanged: no change
05-02 13:28:25.980  4231  4260 D Dcc     : onDataStateChanged: Data Activity updated to NONE. isAnyDataCallActive = true isAnyDataCallDormant = false
05-02 13:28:25.980  4231  4260 D Dcc     : onDataStateChanged: dcsToRetry=[] apnsToCleanup=[]
05-02 13:28:25.980  4231  4260 D DC-2    : DcActiveState not handled msg.what=REQ_GET_LINK_PROPERTIES
05-02 13:28:25.980  4231  4260 D DC-2    : DcDefault msg=REQ_GET_LINK_PROPERTIES RefCount=1
05-02 13:28:25.981  4231  4260 D DC-2    : REQ_GET_LINK_PROPERTIES linkProperties{InterfaceName: rmnet0 LinkAddresses: [102.167.50.109/24,]  Routes: [0.0.0.0/0 -> 102.167.50.1 rmnet0,] DnsAddresses: [10.185.68.114,10.185.68.113,] UsePrivateDns: false PrivateDnsServerName: null Domains: null MTU: 1500 TcpBufferSizes: 1048576,3145728,4194304,524288,1572864,2097152}
05-02 13:28:25.986  4231  4231 D DCT-0/1 : completeConnection: successful, notify the world apnContext={mApnType=default mState=CONNECTED mWaitingApns={[[ApnSettingV5] MCCI Internet, 4252, 43211, mcinet, , http://192.168.193.134:38090/was, 192.168.194.73, 8080, , 1, default | supl | mms, IP, IP, true, 0, 0, 0, false, 20, 0, 300, 0, , , false, 0, 0]} mApnSetting={[ApnSettingV5] MCCI Internet, 4252, 43211, mcinet, , http://192.168.193.134:38090/was, 192.168.194.73, 8080, , 1, default | supl | mms, IP, IP, true, 0, 0, 0, false, 20, 0, 300, 0, , , false, 0, 0} mReason=connected mDataEnabled=true mDependencyMet=true}
05-02 13:28:25.987  4231  4231 D GsmCdmaPhone: [0] getDataConnectionState apnType=default ret=CONNECTED
05-02 13:28:25.988  4231  4231 D DefaultPhoneNotifier: subId = 3, DDS = 3
05-02 13:28:25.988  4231  4231 D DCT-0/1 : return link properites for default
05-02 13:28:25.989  4231  4260 D DC-2    : DcActiveState not handled msg.what=REQ_GET_LINK_PROPERTIES
05-02 13:28:25.989  4231  4260 D DC-2    : DcDefault msg=REQ_GET_LINK_PROPERTIES RefCount=1
05-02 13:28:25.989  4231  4260 D DC-2    : REQ_GET_LINK_PROPERTIES linkProperties{InterfaceName: rmnet0 LinkAddresses: [102.167.50.109/24,]  Routes: [0.0.0.0/0 -> 102.167.50.1 rmnet0,] DnsAddresses: [10.185.68.114,10.185.68.113,] UsePrivateDns: false PrivateDnsServerName: null Domains: null MTU: 1500 TcpBufferSizes: 1048576,3145728,4194304,524288,1572864,2097152}
05-02 13:28:25.990  4231  4231 D DCT-0/1 : get active pdp is not null, return NetworkCapabilities for default
05-02 13:28:25.990  4231  4260 D DC-2    : DcActiveState not handled msg.what=REQ_GET_NETWORK_CAPABILITIES
05-02 13:28:25.990  4231  4260 D DC-2    : DcDefault msg=REQ_GET_NETWORK_CAPABILITIES RefCount=1
05-02 13:28:25.990  4231  4260 D DC-2    : isOnlyMMSConnected() = false
05-02 13:28:25.990  4231  4260 D ApnSetting: APN hit: default
05-02 13:28:25.990  4231  4260 D DC-2    : getNetworkCapabilities: [ Transports: CELLULAR Capabilities: MMS&SUPL&INTERNET&NOT_RESTRICTED&TRUSTED&NOT_VPN Unwanted: ]
05-02 13:28:25.990  4231  4260 D DC-2    : REQ_GET_NETWORK_CAPABILITIES networkCapabilities[ Transports: CELLULAR Capabilities: MMS&SUPL&INTERNET&NOT_RESTRICTED&TRUSTED&NOT_VPN&NOT_ROAMING&NOT_CONGESTED Unwanted:  LinkUpBandwidth>=51200Kbps LinkDnBandwidth>=102400Kbps Specifier: <3>]
05-02 13:28:25.991  4231  4260 D DC-1    : DcActiveState not handled msg.what=EVENT_DATA_CONNECTION_STATE_CHANGED
05-02 13:28:25.991  4231  4260 D DC-1    : DcDefault msg=EVENT_DATA_CONNECTION_STATE_CHANGED RefCount=1
05-02 13:28:25.991  4231  4260 D DC-1    : Ignore setDetailed state, default, old = CONNECTED and new state = CONNECTED, reason = connected, not Required: apnCnxt = {mApnType=default mState=CONNECTED mWaitingApns={[[ApnSettingV5] MCCI Internet, 4252, 43211, mcinet, , http://192.168.193.134:38090/was, 192.168.194.73, 8080, , 1, default | supl | mms, IP, IP, true, 0, 0, 0, false, 20, 0, 300, 0, , , false, 0, 0]} mApnSetting={[ApnSettingV5] MCCI Internet, 4252, 43211, mcinet, , http://192.168.193.134:38090/was, 192.168.194.73, 8080, , 1, default | supl | mms, IP, IP, true, 0, 0, 0, false, 20, 0, 300, 0, , , false, 0, 0} mReason=connected mDataEnabled=true mDependencyMet=true}, apnType = default
05-02 13:28:25.991  4231  4260 D DC-2    : DcActiveState not handled msg.what=EVENT_DATA_CONNECTION_STATE_CHANGED
05-02 13:28:25.991  4231  4260 D DC-2    : DcDefault msg=EVENT_DATA_CONNECTION_STATE_CHANGED RefCount=1
05-02 13:28:25.991  4231  4260 D DC-2    : Set sendRequired as false, old = CONNECTED and new =CONNECTED
05-02 13:28:25.991  4231  4260 D DC-2    : Ignore setDetailed state, default, old = CONNECTED and new state = CONNECTED, reason = connected, not Required: apnCnxt = {mApnType=default mState=CONNECTED mWaitingApns={[[ApnSettingV5] MCCI Internet, 4252, 43211, mcinet, , http://192.168.193.134:38090/was, 192.168.194.73, 8080, , 1, default | supl | mms, IP, IP, true, 0, 0, 0, false, 20, 0, 300, 0, , , false, 0, 0]} mApnSetting={[ApnSettingV5] MCCI Internet, 4252, 43211, mcinet, , http://192.168.193.134:38090/was, 192.168.194.73, 8080, , 1, default | supl | mms, IP, IP, true, 0, 0, 0, false, 20, 0, 300, 0, , , false, 0, 0} mReason=connected mDataEnabled=true mDependencyMet=true}, apnType = default
05-02 13:28:25.993  4231  4231 D DCT-0/1 : isEmergency: result=false
05-02 13:28:25.995  3927  4493 D TelephonyRegistry: onDataConnectionStateChanged(subId=3 phoneId=0, connected, 2, 13)
05-02 13:28:26.008  4231  4590 D use-Rlog/RLOG-IMS-IIL: ImsCallManager2: onDataConnectionStateChanged(): state 2, networkType 13 old 13
05-02 13:28:26.010  4231  4551 D use-Rlog/RLOG-IMS-IIL: ImsCallManager: onDataConnectionStateChanged(): state 2, networkType 13 old 13
05-02 13:28:26.016  4231  4231 D DCT-0/1 : getRecoveryAction: 0
05-02 13:28:26.017  4231  4231 D DCT-0/1 : startDataStallAlarm: tag=15647 delay=60s
05-02 13:28:26.024  4231  4231 D DCT-0/1 : onDataSetupComplete: SETUP complete type=default, reason:connected
05-02 13:28:26.026  4231  4231 D DCT-0/1 : getRecoveryAction: 0
05-02 13:28:26.026  4231  4231 D DCT-0/1 : startDataStallAlarm: tag=15648 delay=60s
05-02 13:28:26.030  4231  4231 D DCT-0/1 : setActivity = NONE
05-02 13:28:26.041  4231 18384 D SubscriptionController: [getActiveSubscriptionInfo]+ subId=3 subInfo= XXX
05-02 13:28:26.042  4231  4231 D TelephonyNetworkFactory[0]: new score 10 for exisiting request NetworkRequest [ TRACK_DEFAULT id=1532, [ Capabilities: INTERNET&NOT_RESTRICTED&TRUSTED Unwanted:  Uid: 10057] ]
05-02 13:28:26.042  4231  4231 D TelephonyNetworkFactory[0]:   my score=50, my filter=[ Transports: CELLULAR Capabilities: MMS&SUPL&DUN&FOTA&IMS&CBS&IA&RCS&XCAP&EIMS&INTERNET&NOT_RESTRICTED&TRUSTED&NOT_VPN&ENT1&FOC&MCX&BIP Unwanted:  Specifier: <3>]
05-02 13:28:26.042  4231  4231 D TelephonyNetworkFactory[0]: evalRequest
05-02 13:28:26.042  4231  4231 D TelephonyNetworkFactory[0]:   done
05-02 13:28:26.042  4231  4231 D TelephonyNetworkFactory[1]: new score 10 for exisiting request NetworkRequest [ TRACK_DEFAULT id=1532, [ Capabilities: INTERNET&NOT_RESTRICTED&TRUSTED Unwanted:  Uid: 10057] ]
05-02 13:28:26.042  4231  4231 D TelephonyNetworkFactory[1]:   my score=50, my filter=[ Transports: CELLULAR Capabilities: MMS&SUPL&DUN&FOTA&IMS&CBS&IA&RCS&XCAP&EIMS&INTERNET&NOT_RESTRICTED&TRUSTED&NOT_VPN&ENT1&FOC&MCX&BIP Unwanted:  Specifier: <2>]
05-02 13:28:26.042  4231  4231 D TelephonyNetworkFactory[1]: evalRequest
05-02 13:28:26.042  4231  4231 D TelephonyNetworkFactory[1]:   done
05-02 13:28:26.043  4231  4231 D TelephonyNetworkFactory[0]: new score 10 for exisiting request NetworkRequest [ TRACK_DEFAULT id=120, [ Capabilities: INTERNET&NOT_RESTRICTED&TRUSTED Unwanted:  Uid: 10097] ]
05-02 13:28:26.043  4231  4231 D TelephonyNetworkFactory[0]:   my score=50, my filter=[ Transports: CELLULAR Capabilities: MMS&SUPL&DUN&FOTA&IMS&CBS&IA&RCS&XCAP&EIMS&INTERNET&NOT_RESTRICTED&TRUSTED&NOT_VPN&ENT1&FOC&MCX&BIP Unwanted:  Specifier: <3>]
05-02 13:28:26.043  4231  4231 D TelephonyNetworkFactory[0]: evalRequest
05-02 13:28:26.043  4231  4231 D TelephonyNetworkFactory[0]:   done
05-02 13:28:26.043  4231  4231 D TelephonyNetworkFactory[1]: new score 10 for exisiting request NetworkRequest [ TRACK_DEFAULT id=120, [ Capabilities: INTERNET&NOT_RESTRICTED&TRUSTED Unwanted:  Uid: 10097] ]
05-02 13:28:26.043  4231  4231 D TelephonyNetworkFactory[1]:   my score=50, my filter=[ Transports: CELLULAR Capabilities: MMS&SUPL&DUN&FOTA&IMS&CBS&IA&RCS&XCAP&EIMS&INTERNET&NOT_RESTRICTED&TRUSTED&NOT_VPN&ENT1&FOC&MCX&BIP Unwanted:  Specifier: <2>]
05-02 13:28:26.043  4231  4231 D TelephonyNetworkFactory[1]: evalRequest
05-02 13:28:26.043  4231  4231 D TelephonyNetworkFactory[1]:   done
05-02 13:28:26.043  4231  4231 D TelephonyNetworkFactory[1]: new score 10 for exisiting request NetworkRequest [ REQUEST id=1, [ Capabilities: INTERNET&NOT_RESTRICTED&TRUSTED&NOT_VPN Unwanted: ] ]
05-02 13:28:26.043  4231  4231 D TelephonyNetworkFactory[1]:   my score=50, my filter=[ Transports: CELLULAR Capabilities: MMS&SUPL&DUN&FOTA&IMS&CBS&IA&RCS&XCAP&EIMS&INTERNET&NOT_RESTRICTED&TRUSTED&NOT_VPN&ENT1&FOC&MCX&BIP Unwanted:  Specifier: <2>]
05-02 13:28:26.043  4231  4231 D TelephonyNetworkFactory[1]: evalRequest
05-02 13:28:26.043  4231  4231 D TelephonyNetworkFactory[1]:   done
05-02 13:28:26.044  4231  4231 D TelephonyNetworkFactory[1]: new score 10 for exisiting request NetworkRequest [ TRACK_DEFAULT id=1533, [ Capabilities: INTERNET&NOT_RESTRICTED&TRUSTED Unwanted:  Uid: 10212] ]
05-02 13:28:26.044  4231  4231 D TelephonyNetworkFactory[1]:   my score=50, my filter=[ Transports: CELLULAR Capabilities: MMS&SUPL&DUN&FOTA&IMS&CBS&IA&RCS&XCAP&EIMS&INTERNET&NOT_RESTRICTED&TRUSTED&NOT_VPN&ENT1&FOC&MCX&BIP Unwanted:  Specifier: <2>]
05-02 13:28:26.044  4231  4231 D TelephonyNetworkFactory[1]: evalRequest
05-02 13:28:26.044  4231  4231 D TelephonyNetworkFactory[1]:   done
05-02 13:28:26.044  4231  4231 D TelephonyNetworkFactory[1]: new score 10 for exisiting request NetworkRequest [ TRACK_DEFAULT id=1595, [ Capabilities: INTERNET&NOT_RESTRICTED&TRUSTED Unwanted:  Uid: 10029] ]
05-02 13:28:26.044  4231  4231 D TelephonyNetworkFactory[1]:   my score=50, my filter=[ Transports: CELLULAR Capabilities: MMS&SUPL&DUN&FOTA&IMS&CBS&IA&RCS&XCAP&EIMS&INTERNET&NOT_RESTRICTED&TRUSTED&NOT_VPN&ENT1&FOC&MCX&BIP Unwanted:  Specifier: <2>]
05-02 13:28:26.044  4231  4231 D TelephonyNetworkFactory[1]: evalRequest
05-02 13:28:26.044  4231  4231 D TelephonyNetworkFactory[1]:   done
05-02 13:28:26.045  4231  4231 D TelephonyNetworkFactory[1]: new score 10 for exisiting request NetworkRequest [ REQUEST id=1032, [ Capabilities: INTERNET&NOT_RESTRICTED&TRUSTED Unwanted:  Uid: 10029] ]
05-02 13:28:26.046  4231  4231 D TelephonyNetworkFactory[1]:   my score=50, my filter=[ Transports: CELLULAR Capabilities: MMS&SUPL&DUN&FOTA&IMS&CBS&IA&RCS&XCAP&EIMS&INTERNET&NOT_RESTRICTED&TRUSTED&NOT_VPN&ENT1&FOC&MCX&BIP Unwanted:  Specifier: <2>]
05-02 13:28:26.046  4231  4231 D TelephonyNetworkFactory[1]: evalRequest
05-02 13:28:26.046  4231  4231 D TelephonyNetworkFactory[1]:   done
05-02 13:28:26.046  4231  4231 D TelephonyNetworkFactory[1]: new score 10 for exisiting request NetworkRequest [ TRACK_DEFAULT id=1417, [ Capabilities: INTERNET&NOT_RESTRICTED&TRUSTED Unwanted:  Uid: 10197] ]
05-02 13:28:26.049  4231  4231 D TelephonyNetworkFactory[1]:   my score=50, my filter=[ Transports: CELLULAR Capabilities: MMS&SUPL&DUN&FOTA&IMS&CBS&IA&RCS&XCAP&EIMS&INTERNET&NOT_RESTRICTED&TRUSTED&NOT_VPN&ENT1&FOC&MCX&BIP Unwanted:  Specifier: <2>]
05-02 13:28:26.049  4231  4231 D TelephonyNetworkFactory[1]: evalRequest
05-02 13:28:26.049  4231  4231 D TelephonyNetworkFactory[1]:   done
05-02 13:28:26.049  4231  4231 D TelephonyNetworkFactory[1]: new score 10 for exisiting request NetworkRequest [ TRACK_DEFAULT id=1529, [ Capabilities: INTERNET&NOT_RESTRICTED&TRUSTED Unwanted:  Uid: 10057] ]
05-02 13:28:26.049  4231  4231 D TelephonyNetworkFactory[1]:   my score=50, my filter=[ Transports: CELLULAR Capabilities: MMS&SUPL&DUN&FOTA&IMS&CBS&IA&RCS&XCAP&EIMS&INTERNET&NOT_RESTRICTED&TRUSTED&NOT_VPN&ENT1&FOC&MCX&BIP Unwanted:  Specifier: <2>]
05-02 13:28:26.049  4231  4231 D TelephonyNetworkFactory[1]: evalRequest
05-02 13:28:26.049  4231  4231 D TelephonyNetworkFactory[1]:   done
05-02 13:28:26.049  4231  4231 D TelephonyNetworkFactory[1]: new score 10 for exisiting request NetworkRequest [ TRACK_DEFAULT id=11, [ Capabilities: INTERNET&NOT_RESTRICTED&TRUSTED Unwanted:  Uid: 10006] ]
05-02 13:28:26.049  4231  4231 D TelephonyNetworkFactory[1]:   my score=50, my filter=[ Transports: CELLULAR Capabilities: MMS&SUPL&DUN&FOTA&IMS&CBS&IA&RCS&XCAP&EIMS&INTERNET&NOT_RESTRICTED&TRUSTED&NOT_VPN&ENT1&FOC&MCX&BIP Unwanted:  Specifier: <2>]
05-02 13:28:26.049  4231  4231 D TelephonyNetworkFactory[1]: evalRequest
05-02 13:28:26.049  4231  4231 D TelephonyNetworkFactory[1]:   done
05-02 13:28:26.049  4231  4231 D TelephonyNetworkFactory[1]: new score 10 for exisiting request NetworkRequest [ TRACK_DEFAULT id=1538, [ Capabilities: INTERNET&NOT_RESTRICTED&TRUSTED Unwanted:  Uid: 10212] ]
05-02 13:28:26.049  4231  4231 D TelephonyNetworkFactory[1]:   my score=50, my filter=[ Transports: CELLULAR Capabilities: MMS&SUPL&DUN&FOTA&IMS&CBS&IA&RCS&XCAP&EIMS&INTERNET&NOT_RESTRICTED&TRUSTED&NOT_VPN&ENT1&FOC&MCX&BIP Unwanted:  Specifier: <2>]
05-02 13:28:26.049  4231  4231 D TelephonyNetworkFactory[1]: evalRequest
05-02 13:28:26.049  4231  4231 D TelephonyNetworkFactory[1]:   done
05-02 13:28:26.049  4231  4231 D TelephonyNetworkFactory[1]: new score 10 for exisiting request NetworkRequest [ TRACK_DEFAULT id=1463, [ Capabilities: INTERNET&NOT_RESTRICTED&TRUSTED Unwanted:  Uid: 10209] ]
05-02 13:28:26.049  4231  4231 D TelephonyNetworkFactory[1]:   my score=50, my filter=[ Transports: CELLULAR Capabilities: MMS&SUPL&DUN&FOTA&IMS&CBS&IA&RCS&XCAP&EIMS&INTERNET&NOT_RESTRICTED&TRUSTED&NOT_VPN&ENT1&FOC&MCX&BIP Unwanted:  Specifier: <2>]
05-02 13:28:26.050  4231  4231 D TelephonyNetworkFactory[1]: evalRequest
05-02 13:28:26.050  4231  4231 D TelephonyNetworkFactory[1]:   done
05-02 13:28:26.050  4231  4231 D TelephonyNetworkFactory[1]: new score 10 for exisiting request NetworkRequest [ TRACK_DEFAULT id=18, [ Capabilities: INTERNET&NOT_RESTRICTED&TRUSTED Unwanted:  Uid: 10097] ]
05-02 13:28:26.050  4231  4231 D TelephonyNetworkFactory[1]:   my score=50, my filter=[ Transports: CELLULAR Capabilities: MMS&SUPL&DUN&FOTA&IMS&CBS&IA&RCS&XCAP&EIMS&INTERNET&NOT_RESTRICTED&TRUSTED&NOT_VPN&ENT1&FOC&MCX&BIP Unwanted:  Specifier: <2>]
05-02 13:28:26.050  4231  4231 D TelephonyNetworkFactory[1]: evalRequest
05-02 13:28:26.050  4231  4231 D TelephonyNetworkFactory[1]:   done
05-02 13:28:26.050  4231  4231 D TelephonyNetworkFactory[1]: new score 10 for exisiting request NetworkRequest [ TRACK_DEFAULT id=1593, [ Capabilities: INTERNET&NOT_RESTRICTED&TRUSTED Unwanted:  Uid: 5009] ]
05-02 13:28:26.050  4231  4231 D TelephonyNetworkFactory[1]:   my score=50, my filter=[ Transports: CELLULAR Capabilities: MMS&SUPL&DUN&FOTA&IMS&CBS&IA&RCS&XCAP&EIMS&INTERNET&NOT_RESTRICTED&TRUSTED&NOT_VPN&ENT1&FOC&MCX&BIP Unwanted:  Specifier: <2>]
05-02 13:28:26.050  4231  4231 D TelephonyNetworkFactory[1]: evalRequest
05-02 13:28:26.050  4231  4231 D TelephonyNetworkFactory[1]:   done
05-02 13:28:26.050  4231  4231 D TelephonyNetworkFactory[1]: new score 10 for exisiting request NetworkRequest [ TRACK_DEFAULT id=1586, [ Capabilities: INTERNET&NOT_RESTRICTED&TRUSTED Unwanted:  Uid: 10194] ]
05-02 13:28:26.050  4231  4231 D TelephonyNetworkFactory[1]:   my score=50, my filter=[ Transports: CELLULAR Capabilities: MMS&SUPL&DUN&FOTA&IMS&CBS&IA&RCS&XCAP&EIMS&INTERNET&NOT_RESTRICTED&TRUSTED&NOT_VPN&ENT1&FOC&MCX&BIP Unwanted:  Specifier: <2>]
05-02 13:28:26.050  4231  4231 D TelephonyNetworkFactory[1]: evalRequest
05-02 13:28:26.050  4231  4231 D TelephonyNetworkFactory[1]:   done
05-02 13:28:26.050  4231  4231 D TelephonyNetworkFactory[1]: new score 10 for exisiting request NetworkRequest [ TRACK_DEFAULT id=34, [ Capabilities: INTERNET&NOT_RESTRICTED&TRUSTED Unwanted:  Uid: 10097] ]
05-02 13:28:26.050  4231  4231 D TelephonyNetworkFactory[1]:   my score=50, my filter=[ Transports: CELLULAR Capabilities: MMS&SUPL&DUN&FOTA&IMS&CBS&IA&RCS&XCAP&EIMS&INTERNET&NOT_RESTRICTED&TRUSTED&NOT_VPN&ENT1&FOC&MCX&BIP Unwanted:  Specifier: <2>]
05-02 13:28:26.050  4231  4367 D DCT-1/1 : setPolicyDataEnabled: true
05-02 13:28:26.050  4231  4231 D TelephonyNetworkFactory[1]: evalRequest
05-02 13:28:26.050  4231  4231 D TelephonyNetworkFactory[1]:   done
05-02 13:28:26.051  4231  4231 D TelephonyNetworkFactory[1]: new score 10 for exisiting request NetworkRequest [ TRACK_DEFAULT id=1539, [ Capabilities: INTERNET&NOT_RESTRICTED&TRUSTED Unwanted:  Uid: 10212] ]
05-02 13:28:26.051  4231  4231 D TelephonyNetworkFactory[1]:   my score=50, my filter=[ Transports: CELLULAR Capabilities: MMS&SUPL&DUN&FOTA&IMS&CBS&IA&RCS&XCAP&EIMS&INTERNET&NOT_RESTRICTED&TRUSTED&NOT_VPN&ENT1&FOC&MCX&BIP Unwanted:  Specifier: <2>]
05-02 13:28:26.051  4231  4231 D TelephonyNetworkFactory[1]: evalRequest
05-02 13:28:26.051  4231  4231 D TelephonyNetworkFactory[1]:   done
05-02 13:28:26.051  4231  4231 D TelephonyNetworkFactory[1]: new score 10 for exisiting request NetworkRequest [ TRACK_DEFAULT id=8, [ Capabilities: INTERNET&NOT_RESTRICTED&TRUSTED Unwanted:  Uid: 1000] ]
05-02 13:28:26.051  4231  4231 D TelephonyNetworkFactory[1]:   my score=50, my filter=[ Transports: CELLULAR Capabilities: MMS&SUPL&DUN&FOTA&IMS&CBS&IA&RCS&XCAP&EIMS&INTERNET&NOT_RESTRICTED&TRUSTED&NOT_VPN&ENT1&FOC&MCX&BIP Unwanted:  Specifier: <2>]
05-02 13:28:26.051  4231  4231 D TelephonyNetworkFactory[1]: evalRequest
05-02 13:28:26.051  4231  4231 D TelephonyNetworkFactory[1]:   done
05-02 13:28:26.051  4231  4231 D TelephonyNetworkFactory[1]: new score 10 for exisiting request NetworkRequest [ TRACK_DEFAULT id=1038, [ Capabilities: INTERNET&NOT_RESTRICTED&TRUSTED Unwanted:  Uid: 10029] ]
05-02 13:28:26.051  4231  4231 D TelephonyNetworkFactory[1]:   my score=50, my filter=[ Transports: CELLULAR Capabilities: MMS&SUPL&DUN&FOTA&IMS&CBS&IA&RCS&XCAP&EIMS&INTERNET&NOT_RESTRICTED&TRUSTED&NOT_VPN&ENT1&FOC&MCX&BIP Unwanted:  Specifier: <2>]
05-02 13:28:26.051  4231  4231 D TelephonyNetworkFactory[1]: evalRequest
05-02 13:28:26.051  4231  4231 D TelephonyNetworkFactory[1]:   done
05-02 13:28:26.051  4231  4231 D TelephonyNetworkFactory[0]: new score 10 for exisiting request NetworkRequest [ REQUEST id=1, [ Capabilities: INTERNET&NOT_RESTRICTED&TRUSTED&NOT_VPN Unwanted: ] ]
05-02 13:28:26.051  4231  4231 D TelephonyNetworkFactory[0]:   my score=50, my filter=[ Transports: CELLULAR Capabilities: MMS&SUPL&DUN&FOTA&IMS&CBS&IA&RCS&XCAP&EIMS&INTERNET&NOT_RESTRICTED&TRUSTED&NOT_VPN&ENT1&FOC&MCX&BIP Unwanted:  Specifier: <3>]
05-02 13:28:26.052  4231  4231 D TelephonyNetworkFactory[0]: evalRequest
05-02 13:28:26.052  4231  4231 D TelephonyNetworkFactory[0]:   done
05-02 13:28:26.052  4231  4231 D TelephonyNetworkFactory[0]: new score 10 for exisiting request NetworkRequest [ TRACK_DEFAULT id=1533, [ Capabilities: INTERNET&NOT_RESTRICTED&TRUSTED Unwanted:  Uid: 10212] ]
05-02 13:28:26.052  4231  4231 D TelephonyNetworkFactory[0]:   my score=50, my filter=[ Transports: CELLULAR Capabilities: MMS&SUPL&DUN&FOTA&IMS&CBS&IA&RCS&XCAP&EIMS&INTERNET&NOT_RESTRICTED&TRUSTED&NOT_VPN&ENT1&FOC&MCX&BIP Unwanted:  Specifier: <3>]
05-02 13:28:26.052  4231  4231 D TelephonyNetworkFactory[0]: evalRequest
05-02 13:28:26.052  4231  4231 D TelephonyNetworkFactory[0]:   done
05-02 13:28:26.052  4231  4231 D TelephonyNetworkFactory[0]: new score 10 for exisiting request NetworkRequest [ TRACK_DEFAULT id=1595, [ Capabilities: INTERNET&NOT_RESTRICTED&TRUSTED Unwanted:  Uid: 10029] ]
05-02 13:28:26.052  4231  4231 D TelephonyNetworkFactory[0]:   my score=50, my filter=[ Transports: CELLULAR Capabilities: MMS&SUPL&DUN&FOTA&IMS&CBS&IA&RCS&XCAP&EIMS&INTERNET&NOT_RESTRICTED&TRUSTED&NOT_VPN&ENT1&FOC&MCX&BIP Unwanted:  Specifier: <3>]
05-02 13:28:26.052  4231  4231 D TelephonyNetworkFactory[0]: evalRequest
05-02 13:28:26.052  4231  4231 D TelephonyNetworkFactory[0]:   done
05-02 13:28:26.052  4231  4231 D TelephonyNetworkFactory[0]: new score 10 for exisiting request NetworkRequest [ REQUEST id=1032, [ Capabilities: INTERNET&NOT_RESTRICTED&TRUSTED Unwanted:  Uid: 10029] ]
05-02 13:28:26.052  4231  4231 D TelephonyNetworkFactory[0]:   my score=50, my filter=[ Transports: CELLULAR Capabilities: MMS&SUPL&DUN&FOTA&IMS&CBS&IA&RCS&XCAP&EIMS&INTERNET&NOT_RESTRICTED&TRUSTED&NOT_VPN&ENT1&FOC&MCX&BIP Unwanted:  Specifier: <3>]
05-02 13:28:26.052  4231  4231 D TelephonyNetworkFactory[0]: evalRequest
05-02 13:28:26.052  4231  4231 D TelephonyNetworkFactory[0]:   done
05-02 13:28:26.052  4231  4231 D TelephonyNetworkFactory[0]: new score 10 for exisiting request NetworkRequest [ TRACK_DEFAULT id=1417, [ Capabilities: INTERNET&NOT_RESTRICTED&TRUSTED Unwanted:  Uid: 10197] ]
05-02 13:28:26.052  4231  4231 D TelephonyNetworkFactory[0]:   my score=50, my filter=[ Transports: CELLULAR Capabilities: MMS&SUPL&DUN&FOTA&IMS&CBS&IA&RCS&XCAP&EIMS&INTERNET&NOT_RESTRICTED&TRUSTED&NOT_VPN&ENT1&FOC&MCX&BIP Unwanted:  Specifier: <3>]
05-02 13:28:26.052  4231  4231 D TelephonyNetworkFactory[0]: evalRequest
05-02 13:28:26.052  4231  4231 D TelephonyNetworkFactory[0]:   done
05-02 13:28:26.052  4231  4231 D TelephonyNetworkFactory[1]: new score 10 for exisiting request NetworkRequest [ REQUEST id=1535, [ Transports: CELLULAR Capabilities: INTERNET&NOT_RESTRICTED&TRUSTED&NOT_VPN Unwanted:  Uid: 10212] ]
05-02 13:28:26.052  4231  4231 D TelephonyNetworkFactory[1]:   my score=50, my filter=[ Transports: CELLULAR Capabilities: MMS&SUPL&DUN&FOTA&IMS&CBS&IA&RCS&XCAP&EIMS&INTERNET&NOT_RESTRICTED&TRUSTED&NOT_VPN&ENT1&FOC&MCX&BIP Unwanted:  Specifier: <2>]
05-02 13:28:26.052  4231  4367 D DCT-0/1 : setPolicyDataEnabled: true
05-02 13:28:26.052  4231  4231 D TelephonyNetworkFactory[1]: evalRequest
05-02 13:28:26.052  4231  4231 D TelephonyNetworkFactory[1]:   done
05-02 13:28:26.052  4231  4231 D TelephonyNetworkFactory[0]: new score 10 for exisiting request NetworkRequest [ TRACK_DEFAULT id=1529, [ Capabilities: INTERNET&NOT_RESTRICTED&TRUSTED Unwanted:  Uid: 10057] ]
05-02 13:28:26.052  4231  4231 D TelephonyNetworkFactory[0]:   my score=50, my filter=[ Transports: CELLULAR Capabilities: MMS&SUPL&DUN&FOTA&IMS&CBS&IA&RCS&XCAP&EIMS&INTERNET&NOT_RESTRICTED&TRUSTED&NOT_VPN&ENT1&FOC&MCX&BIP Unwanted:  Specifier: <3>]
05-02 13:28:26.052  4231  4231 D TelephonyNetworkFactory[0]: evalRequest
05-02 13:28:26.052  4231  4231 D TelephonyNetworkFactory[0]:   done
05-02 13:28:26.052  4231  4231 D TelephonyNetworkFactory[0]: new score 10 for exisiting request NetworkRequest [ TRACK_DEFAULT id=11, [ Capabilities: INTERNET&NOT_RESTRICTED&TRUSTED Unwanted:  Uid: 10006] ]
05-02 13:28:26.052  4231  4231 D TelephonyNetworkFactory[0]:   my score=50, my filter=[ Transports: CELLULAR Capabilities: MMS&SUPL&DUN&FOTA&IMS&CBS&IA&RCS&XCAP&EIMS&INTERNET&NOT_RESTRICTED&TRUSTED&NOT_VPN&ENT1&FOC&MCX&BIP Unwanted:  Specifier: <3>]
05-02 13:28:26.052  4231  4231 D TelephonyNetworkFactory[0]: evalRequest
05-02 13:28:26.052  4231  4231 D TelephonyNetworkFactory[0]:   done
05-02 13:28:26.052  4231  4231 D TelephonyNetworkFactory[0]: new score 10 for exisiting request NetworkRequest [ TRACK_DEFAULT id=1538, [ Capabilities: INTERNET&NOT_RESTRICTED&TRUSTED Unwanted:  Uid: 10212] ]
05-02 13:28:26.053  4231  4231 D TelephonyNetworkFactory[0]:   my score=50, my filter=[ Transports: CELLULAR Capabilities: MMS&SUPL&DUN&FOTA&IMS&CBS&IA&RCS&XCAP&EIMS&INTERNET&NOT_RESTRICTED&TRUSTED&NOT_VPN&ENT1&FOC&MCX&BIP Unwanted:  Specifier: <3>]
05-02 13:28:26.053  4231  4231 D TelephonyNetworkFactory[0]: evalRequest
05-02 13:28:26.053  4231  4231 D TelephonyNetworkFactory[0]:   done
05-02 13:28:26.053  4231  4231 D DCT-1/1 : needSkipForNonDDS: ignore set PolicyDataEnabled phoneId = 0
05-02 13:28:26.053  4231  4231 D DCT-1/1 : onSetPolicyDataEnabled: ignore set PolicyDataEnabled because of non dds phone
05-02 13:28:26.053  4231  4231 D TelephonyNetworkFactory[1]: new score 10 for exisiting request NetworkRequest [ TRACK_DEFAULT id=14, [ Capabilities: INTERNET&NOT_RESTRICTED&TRUSTED Unwanted:  Uid: 1000] ]
05-02 13:28:26.053  4231  4231 D TelephonyNetworkFactory[1]:   my score=50, my filter=[ Transports: CELLULAR Capabilities: MMS&SUPL&DUN&FOTA&IMS&CBS&IA&RCS&XCAP&EIMS&INTERNET&NOT_RESTRICTED&TRUSTED&NOT_VPN&ENT1&FOC&MCX&BIP Unwanted:  Specifier: <2>]
05-02 13:28:26.053  4231  4231 D TelephonyNetworkFactory[1]: evalRequest
05-02 13:28:26.053  4231  4231 D TelephonyNetworkFactory[1]:   done
05-02 13:28:26.053  4231  4231 D TelephonyNetworkFactory[0]: new score 10 for exisiting request NetworkRequest [ TRACK_DEFAULT id=1463, [ Capabilities: INTERNET&NOT_RESTRICTED&TRUSTED Unwanted:  Uid: 10209] ]
05-02 13:28:26.053  4231  4231 D TelephonyNetworkFactory[0]:   my score=50, my filter=[ Transports: CELLULAR Capabilities: MMS&SUPL&DUN&FOTA&IMS&CBS&IA&RCS&XCAP&EIMS&INTERNET&NOT_RESTRICTED&TRUSTED&NOT_VPN&ENT1&FOC&MCX&BIP Unwanted:  Specifier: <3>]
05-02 13:28:26.053  4231  4231 D TelephonyNetworkFactory[0]: evalRequest
05-02 13:28:26.053  4231  4231 D TelephonyNetworkFactory[0]:   done
05-02 13:28:26.053  4231  4231 D TelephonyNetworkFactory[0]: new score 10 for exisiting request NetworkRequest [ TRACK_DEFAULT id=18, [ Capabilities: INTERNET&NOT_RESTRICTED&TRUSTED Unwanted:  Uid: 10097] ]
05-02 13:28:26.053  4231  4231 D TelephonyNetworkFactory[0]:   my score=50, my filter=[ Transports: CELLULAR Capabilities: MMS&SUPL&DUN&FOTA&IMS&CBS&IA&RCS&XCAP&EIMS&INTERNET&NOT_RESTRICTED&TRUSTED&NOT_VPN&ENT1&FOC&MCX&BIP Unwanted:  Specifier: <3>]
05-02 13:28:26.053  4231  4231 D TelephonyNetworkFactory[0]: evalRequest
05-02 13:28:26.053  4231  4231 D TelephonyNetworkFactory[0]:   done
05-02 13:28:26.053  4231  4231 D TelephonyNetworkFactory[1]: new score 10 for exisiting request NetworkRequest [ TRACK_DEFAULT id=21, [ Capabilities: INTERNET&NOT_RESTRICTED&TRUSTED Unwanted:  Uid: 10097] ]
05-02 13:28:26.053  4231  4231 D TelephonyNetworkFactory[1]:   my score=50, my filter=[ Transports: CELLULAR Capabilities: MMS&SUPL&DUN&FOTA&IMS&CBS&IA&RCS&XCAP&EIMS&INTERNET&NOT_RESTRICTED&TRUSTED&NOT_VPN&ENT1&FOC&MCX&BIP Unwanted:  Specifier: <2>]
05-02 13:28:26.053  4231  4231 D TelephonyNetworkFactory[1]: evalRequest
05-02 13:28:26.053  4231  4231 D TelephonyNetworkFactory[1]:   done
05-02 13:28:26.053  4231  4231 D TelephonyNetworkFactory[1]: new score 10 for exisiting request NetworkRequest [ TRACK_DEFAULT id=1536, [ Capabilities: INTERNET&NOT_RESTRICTED&TRUSTED Unwanted:  Uid: 10212] ]
05-02 13:28:26.053  4231  4231 D TelephonyNetworkFactory[1]:   my score=50, my filter=[ Transports: CELLULAR Capabilities: MMS&SUPL&DUN&FOTA&IMS&CBS&IA&RCS&XCAP&EIMS&INTERNET&NOT_RESTRICTED&TRUSTED&NOT_VPN&ENT1&FOC&MCX&BIP Unwanted:  Specifier: <2>]
05-02 13:28:26.053  4231  4231 D TelephonyNetworkFactory[1]: evalRequest
05-02 13:28:26.053  4231  4231 D TelephonyNetworkFactory[1]:   done
05-02 13:28:26.053  4231  4231 D TelephonyNetworkFactory[0]: new score 10 for exisiting request NetworkRequest [ TRACK_DEFAULT id=1593, [ Capabilities: INTERNET&NOT_RESTRICTED&TRUSTED Unwanted:  Uid: 5009] ]
05-02 13:28:26.113  4231  8073 D DCT-1/1 : setPolicyDataEnabled: true
05-02 13:28:26.113  4231  4231 D DCT-1/1 : needSkipForNonDDS: ignore set PolicyDataEnabled phoneId = 0
05-02 13:28:26.113  4231  4231 D DCT-1/1 : onSetPolicyDataEnabled: ignore set PolicyDataEnabled because of non dds phone
05-02 13:28:26.118  4231  8073 D DCT-0/1 : setPolicyDataEnabled: true
05-02 13:28:26.145  3927  4457 D TelephonyManager: getCellLocation - caller PID:3927, UID: 1000, TID: 4457
05-02 13:28:26.155  4231  4367 D SST     : [0] SST.getAllCellInfo(): CallingUid = 1000, CallingPid = 3927
05-02 13:28:26.156  4231  4367 D RILJ    : [1191]> RIL_REQUEST_GET_CELL_INFO_LIST [SUB0]
05-02 13:28:26.160  4231  4248 D RILJ    : [1191]< RIL_REQUEST_GET_CELL_INFO_LIST  [SUB0]
05-02 13:28:26.161  4231  4367 D SST     : [1] SST.getAllCellInfo(): CallingUid = 1000, CallingPid = 3927
05-02 13:28:26.162  4231  4367 D RILJ    : [1192]> RIL_REQUEST_GET_CELL_INFO_LIST [SUB1]
05-02 13:28:26.165  3564  3939 E RILD2   : GetIpcMessage: partial IPC received. received 512 expected 619
05-02 13:28:26.165  3564  3939 E RILD2   : ProcessIpcMessageReceived: Incomplete IPC received.
05-02 13:28:26.172  4231  4248 D RILJ    : [1192]< RIL_REQUEST_GET_CELL_INFO_LIST  [SUB1]
05-02 13:28:26.240  4231  4367 D SubscriptionController: [getActiveSubscriptionInfo]+ subId=3 subInfo= XXX
05-02 13:28:26.381  4231  4367 D DCT-0/1 : onMeteredIfacesChanged(ifaces=[rmnet0])
05-02 13:28:26.382  4231  8073 D DCT-1/1 : onMeteredIfacesChanged(ifaces=[rmnet0])
05-02 13:28:26.399  4231 17960 D DCT-1/1 : setPolicyDataEnabled: true
05-02 13:28:26.400  4231  4231 D DCT-1/1 : needSkipForNonDDS: ignore set PolicyDataEnabled phoneId = 0
05-02 13:28:26.400  4231  4231 D DCT-1/1 : onSetPolicyDataEnabled: ignore set PolicyDataEnabled because of non dds phone
05-02 13:28:26.403  4231 17960 D DCT-0/1 : setPolicyDataEnabled: true
05-02 13:28:26.428  4231 17960 D DCT-1/1 : setPolicyDataEnabled: true
05-02 13:28:26.428  4231  4231 D DCT-1/1 : needSkipForNonDDS: ignore set PolicyDataEnabled phoneId = 0
05-02 13:28:26.428  4231  4231 D DCT-1/1 : onSetPolicyDataEnabled: ignore set PolicyDataEnabled because of non dds phone
05-02 13:28:26.430  4231 17960 D DCT-0/1 : setPolicyDataEnabled: true
05-02 13:28:26.455  4231 18384 D SubscriptionController: [getActiveSubscriptionInfo]+ subId=3 subInfo= XXX
05-02 13:28:26.483  4231  8073 D DCT-0/1 : onMeteredIfacesChanged(ifaces=[rmnet0])
05-02 13:28:26.484  4231  4367 D DCT-1/1 : onMeteredIfacesChanged(ifaces=[rmnet0])
05-02 13:28:26.494  4231  4367 D DCT-1/1 : setPolicyDataEnabled: true
05-02 13:28:26.496  4231  4367 D DCT-0/1 : setPolicyDataEnabled: true
05-02 13:28:26.522  4231  4231 D DCT-1/1 : needSkipForNonDDS: ignore set PolicyDataEnabled phoneId = 0
05-02 13:28:26.522  4231  4231 D DCT-1/1 : onSetPolicyDataEnabled: ignore set PolicyDataEnabled because of non dds phone
05-02 13:28:26.715  4231  4231 D TelephonyNetworkFactory[1]: new score 50 for exisiting request NetworkRequest [ REQUEST id=1, [ Capabilities: INTERNET&NOT_RESTRICTED&TRUSTED&NOT_VPN Unwanted: ] ]
05-02 13:28:26.715  4231  4231 D TelephonyNetworkFactory[1]:   my score=50, my filter=[ Transports: CELLULAR Capabilities: MMS&SUPL&DUN&FOTA&IMS&CBS&IA&RCS&XCAP&EIMS&INTERNET&NOT_RESTRICTED&TRUSTED&NOT_VPN&ENT1&FOC&MCX&BIP Unwanted:  Specifier: <2>]
05-02 13:28:26.715  4231  4231 D TelephonyNetworkFactory[1]: evalRequest
05-02 13:28:26.715  4231  4231 D TelephonyNetworkFactory[1]:   done
05-02 13:28:26.716  4231  4231 D TelephonyNetworkFactory[0]: new score 50 for exisiting request NetworkRequest [ REQUEST id=1, [ Capabilities: INTERNET&NOT_RESTRICTED&TRUSTED&NOT_VPN Unwanted: ] ]
05-02 13:28:26.716  4231  4231 D TelephonyNetworkFactory[0]:   my score=50, my filter=[ Transports: CELLULAR Capabilities: MMS&SUPL&DUN&FOTA&IMS&CBS&IA&RCS&XCAP&EIMS&INTERNET&NOT_RESTRICTED&TRUSTED&NOT_VPN&ENT1&FOC&MCX&BIP Unwanted:  Specifier: <3>]
05-02 13:28:26.716  4231  4231 D TelephonyNetworkFactory[0]: evalRequest
05-02 13:28:26.716  4231  4231 D TelephonyNetworkFactory[0]:   done
05-02 13:28:26.721  4231  4231 D TelephonyNetworkFactory[0]: new score 50 for exisiting request NetworkRequest [ TRACK_DEFAULT id=8, [ Capabilities: INTERNET&NOT_RESTRICTED&TRUSTED Unwanted:  Uid: 1000] ]
05-02 13:28:26.721  4231  4231 D TelephonyNetworkFactory[0]:   my score=50, my filter=[ Transports: CELLULAR Capabilities: MMS&SUPL&DUN&FOTA&IMS&CBS&IA&RCS&XCAP&EIMS&INTERNET&NOT_RESTRICTED&TRUSTED&NOT_VPN&ENT1&FOC&MCX&BIP Unwanted:  Specifier: <3>]
05-02 13:28:26.721  4231  4231 D TelephonyNetworkFactory[0]: evalRequest
05-02 13:28:26.721  4231  4231 D TelephonyNetworkFactory[0]:   done
05-02 13:28:26.721  4231  4231 D TelephonyNetworkFactory[1]: new score 50 for exisiting request NetworkRequest [ TRACK_DEFAULT id=8, [ Capabilities: INTERNET&NOT_RESTRICTED&TRUSTED Unwanted:  Uid: 1000] ]
05-02 13:28:26.721  4231  4231 D TelephonyNetworkFactory[1]:   my score=50, my filter=[ Transports: CELLULAR Capabilities: MMS&SUPL&DUN&FOTA&IMS&CBS&IA&RCS&XCAP&EIMS&INTERNET&NOT_RESTRICTED&TRUSTED&NOT_VPN&ENT1&FOC&MCX&BIP Unwanted:  Specifier: <2>]
05-02 13:28:26.721  4231  4231 D TelephonyNetworkFactory[1]: evalRequest
05-02 13:28:26.721  4231  4231 D TelephonyNetworkFactory[1]:   done
05-02 13:28:26.722  4231  4231 D TelephonyNetworkFactory[0]: new score 50 for exisiting request NetworkRequest [ TRACK_DEFAULT id=11, [ Capabilities: INTERNET&NOT_RESTRICTED&TRUSTED Unwanted:  Uid: 10006] ]
05-02 13:28:26.722  4231  4231 D TelephonyNetworkFactory[0]:   my score=50, my filter=[ Transports: CELLULAR Capabilities: MMS&SUPL&DUN&FOTA&IMS&CBS&IA&RCS&XCAP&EIMS&INTERNET&NOT_RESTRICTED&TRUSTED&NOT_VPN&ENT1&FOC&MCX&BIP Unwanted:  Specifier: <3>]
05-02 13:28:26.722  4231  4231 D TelephonyNetworkFactory[0]: evalRequest
05-02 13:28:26.722  4231  4231 D TelephonyNetworkFactory[0]:   done
05-02 13:28:26.722  4231  4231 D TelephonyNetworkFactory[0]: new score 50 for exisiting request NetworkRequest [ TRACK_DEFAULT id=14, [ Capabilities: INTERNET&NOT_RESTRICTED&TRUSTED Unwanted:  Uid: 1000] ]
05-02 13:28:26.722  4231  4231 D TelephonyNetworkFactory[0]:   my score=50, my filter=[ Transports: CELLULAR Capabilities: MMS&SUPL&DUN&FOTA&IMS&CBS&IA&RCS&XCAP&EIMS&INTERNET&NOT_RESTRICTED&TRUSTED&NOT_VPN&ENT1&FOC&MCX&BIP Unwanted:  Specifier: <3>]
05-02 13:28:26.722  4231  4231 D TelephonyNetworkFactory[0]: evalRequest
05-02 13:28:26.722  4231  4231 D TelephonyNetworkFactory[0]:   done
05-02 13:28:26.723  4231  4231 D TelephonyNetworkFactory[0]: new score 50 for exisiting request NetworkRequest [ TRACK_DEFAULT id=18, [ Capabilities: INTERNET&NOT_RESTRICTED&TRUSTED Unwanted:  Uid: 10097] ]
05-02 13:28:26.723  4231  4231 D TelephonyNetworkFactory[0]:   my score=50, my filter=[ Transports: CELLULAR Capabilities: MMS&SUPL&DUN&FOTA&IMS&CBS&IA&RCS&XCAP&EIMS&INTERNET&NOT_RESTRICTED&TRUSTED&NOT_VPN&ENT1&FOC&MCX&BIP Unwanted:  Specifier: <3>]
05-02 13:28:26.723  4231  4231 D TelephonyNetworkFactory[0]: evalRequest
05-02 13:28:26.723  4231  4231 D TelephonyNetworkFactory[0]:   done
05-02 13:28:26.733  4231  4231 D TelephonyNetworkFactory[0]: new score 50 for exisiting request NetworkRequest [ TRACK_DEFAULT id=21, [ Capabilities: INTERNET&NOT_RESTRICTED&TRUSTED Unwanted:  Uid: 10097] ]
05-02 13:28:26.733  4231  4231 D TelephonyNetworkFactory[0]:   my score=50, my filter=[ Transports: CELLULAR Capabilities: MMS&SUPL&DUN&FOTA&IMS&CBS&IA&RCS&XCAP&EIMS&INTERNET&NOT_RESTRICTED&TRUSTED&NOT_VPN&ENT1&FOC&MCX&BIP Unwanted:  Specifier: <3>]
05-02 13:28:26.733  4231  4231 D TelephonyNetworkFactory[0]: evalRequest
05-02 13:28:26.733  4231  4231 D TelephonyNetworkFactory[0]:   done
05-02 13:28:26.733  4231  4231 D TelephonyNetworkFactory[0]: new score 50 for exisiting request NetworkRequest [ TRACK_DEFAULT id=34, [ Capabilities: INTERNET&NOT_RESTRICTED&TRUSTED Unwanted:  Uid: 10097] ]
05-02 13:28:26.733  4231  4231 D TelephonyNetworkFactory[0]:   my score=50, my filter=[ Transports: CELLULAR Capabilities: MMS&SUPL&DUN&FOTA&IMS&CBS&IA&RCS&XCAP&EIMS&INTERNET&NOT_RESTRICTED&TRUSTED&NOT_VPN&ENT1&FOC&MCX&BIP Unwanted:  Specifier: <3>]
05-02 13:28:26.733  4231  4231 D TelephonyNetworkFactory[0]: evalRequest
05-02 13:28:26.733  4231  4231 D TelephonyNetworkFactory[0]:   done
05-02 13:28:26.733  4231  4231 D TelephonyNetworkFactory[0]: new score 50 for exisiting request NetworkRequest [ TRACK_DEFAULT id=120, [ Capabilities: INTERNET&NOT_RESTRICTED&TRUSTED Unwanted:  Uid: 10097] ]
05-02 13:28:26.733  4231  4231 D TelephonyNetworkFactory[0]:   my score=50, my filter=[ Transports: CELLULAR Capabilities: MMS&SUPL&DUN&FOTA&IMS&CBS&IA&RCS&XCAP&EIMS&INTERNET&NOT_RESTRICTED&TRUSTED&NOT_VPN&ENT1&FOC&MCX&BIP Unwanted:  Specifier: <3>]
05-02 13:28:26.733  4231  4231 D TelephonyNetworkFactory[0]: evalRequest
05-02 13:28:26.733  4231  4231 D TelephonyNetworkFactory[0]:   done
05-02 13:28:26.734  4231  4231 D TelephonyNetworkFactory[1]: new score 50 for exisiting request NetworkRequest [ TRACK_DEFAULT id=11, [ Capabilities: INTERNET&NOT_RESTRICTED&TRUSTED Unwanted:  Uid: 10006] ]
05-02 13:28:26.734  4231  4231 D TelephonyNetworkFactory[1]:   my score=50, my filter=[ Transports: CELLULAR Capabilities: MMS&SUPL&DUN&FOTA&IMS&CBS&IA&RCS&XCAP&EIMS&INTERNET&NOT_RESTRICTED&TRUSTED&NOT_VPN&ENT1&FOC&MCX&BIP Unwanted:  Specifier: <2>]
05-02 13:28:26.734  4231  4231 D TelephonyNetworkFactory[1]: evalRequest
05-02 13:28:26.734  4231  4231 D TelephonyNetworkFactory[1]:   done
05-02 13:28:26.734  4231  4231 D TelephonyNetworkFactory[1]: new score 50 for exisiting request NetworkRequest [ TRACK_DEFAULT id=14, [ Capabilities: INTERNET&NOT_RESTRICTED&TRUSTED Unwanted:  Uid: 1000] ]
05-02 13:28:26.734  4231  4231 D TelephonyNetworkFactory[1]:   my score=50, my filter=[ Transports: CELLULAR Capabilities: MMS&SUPL&DUN&FOTA&IMS&CBS&IA&RCS&XCAP&EIMS&INTERNET&NOT_RESTRICTED&TRUSTED&NOT_VPN&ENT1&FOC&MCX&BIP Unwanted:  Specifier: <2>]
05-02 13:28:26.734  4231  4231 D TelephonyNetworkFactory[1]: evalRequest
05-02 13:28:26.734  4231  4231 D TelephonyNetworkFactory[1]:   done
05-02 13:28:26.758  4231  4231 D TelephonyNetworkFactory[1]: new score 50 for exisiting request NetworkRequest [ TRACK_DEFAULT id=18, [ Capabilities: INTERNET&NOT_RESTRICTED&TRUSTED Unwanted:  Uid: 10097] ]
05-02 13:28:26.758  4231  4231 D TelephonyNetworkFactory[1]:   my score=50, my filter=[ Transports: CELLULAR Capabilities: MMS&SUPL&DUN&FOTA&IMS&CBS&IA&RCS&XCAP&EIMS&INTERNET&NOT_RESTRICTED&TRUSTED&NOT_VPN&ENT1&FOC&MCX&BIP Unwanted:  Specifier: <2>]
05-02 13:28:26.758  4231  4231 D TelephonyNetworkFactory[1]: evalRequest
05-02 13:28:26.758  4231  4231 D TelephonyNetworkFactory[1]:   done
05-02 13:28:26.758  4231  4231 D TelephonyNetworkFactory[1]: new score 50 for exisiting request NetworkRequest [ TRACK_DEFAULT id=21, [ Capabilities: INTERNET&NOT_RESTRICTED&TRUSTED Unwanted:  Uid: 10097] ]
05-02 13:28:26.759  4231  4231 D TelephonyNetworkFactory[1]:   my score=50, my filter=[ Transports: CELLULAR Capabilities: MMS&SUPL&DUN&FOTA&IMS&CBS&IA&RCS&XCAP&EIMS&INTERNET&NOT_RESTRICTED&TRUSTED&NOT_VPN&ENT1&FOC&MCX&BIP Unwanted:  Specifier: <2>]
05-02 13:28:26.759  4231  4231 D TelephonyNetworkFactory[1]: evalRequest
05-02 13:28:26.759  4231  4231 D TelephonyNetworkFactory[1]:   done
05-02 13:28:26.759  4231  4231 D TelephonyNetworkFactory[1]: new score 50 for exisiting request NetworkRequest [ TRACK_DEFAULT id=34, [ Capabilities: INTERNET&NOT_RESTRICTED&TRUSTED Unwanted:  Uid: 10097] ]
05-02 13:28:26.759  4231  4231 D TelephonyNetworkFactory[1]:   my score=50, my filter=[ Transports: CELLULAR Capabilities: MMS&SUPL&DUN&FOTA&IMS&CBS&IA&RCS&XCAP&EIMS&INTERNET&NOT_RESTRICTED&TRUSTED&NOT_VPN&ENT1&FOC&MCX&BIP Unwanted:  Specifier: <2>]
05-02 13:28:26.759  4231  4231 D TelephonyNetworkFactory[1]: evalRequest
05-02 13:28:26.759  4231  4231 D TelephonyNetworkFactory[1]:   done
05-02 13:28:26.759  4231  4231 D TelephonyNetworkFactory[1]: new score 50 for exisiting request NetworkRequest [ TRACK_DEFAULT id=120, [ Capabilities: INTERNET&NOT_RESTRICTED&TRUSTED Unwanted:  Uid: 10097] ]
05-02 13:28:26.759  4231  4231 D TelephonyNetworkFactory[1]:   my score=50, my filter=[ Transports: CELLULAR Capabilities: MMS&SUPL&DUN&FOTA&IMS&CBS&IA&RCS&XCAP&EIMS&INTERNET&NOT_RESTRICTED&TRUSTED&NOT_VPN&ENT1&FOC&MCX&BIP Unwanted:  Specifier: <2>]
05-02 13:28:26.759  4231  4231 D TelephonyNetworkFactory[1]: evalRequest
05-02 13:28:26.759  4231  4231 D TelephonyNetworkFactory[1]:   done
05-02 13:28:26.759  4231  4231 D TelephonyNetworkFactory[0]: new score 50 for exisiting request NetworkRequest [ REQUEST id=1032, [ Capabilities: INTERNET&NOT_RESTRICTED&TRUSTED Unwanted:  Uid: 10029] ]
05-02 13:28:26.759  4231  4231 D TelephonyNetworkFactory[0]:   my score=50, my filter=[ Transports: CELLULAR Capabilities: MMS&SUPL&DUN&FOTA&IMS&CBS&IA&RCS&XCAP&EIMS&INTERNET&NOT_RESTRICTED&TRUSTED&NOT_VPN&ENT1&FOC&MCX&BIP Unwanted:  Specifier: <3>]
05-02 13:28:26.759  4231  4231 D TelephonyNetworkFactory[0]: evalRequest
05-02 13:28:26.759  4231  4231 D TelephonyNetworkFactory[0]:   done
05-02 13:28:26.759  4231  4231 D TelephonyNetworkFactory[1]: new score 50 for exisiting request NetworkRequest [ REQUEST id=1032, [ Capabilities: INTERNET&NOT_RESTRICTED&TRUSTED Unwanted:  Uid: 10029] ]
05-02 13:28:26.759  4231  4231 D TelephonyNetworkFactory[1]:   my score=50, my filter=[ Transports: CELLULAR Capabilities: MMS&SUPL&DUN&FOTA&IMS&CBS&IA&RCS&XCAP&EIMS&INTERNET&NOT_RESTRICTED&TRUSTED&NOT_VPN&ENT1&FOC&MCX&BIP Unwanted:  Specifier: <2>]
05-02 13:28:26.759  4231  4231 D TelephonyNetworkFactory[1]: evalRequest
05-02 13:28:26.759  4231  4231 D TelephonyNetworkFactory[1]:   done
05-02 13:28:26.760  4231  4231 D TelephonyNetworkFactory[0]: new score 50 for exisiting request NetworkRequest [ TRACK_DEFAULT id=1038, [ Capabilities: INTERNET&NOT_RESTRICTED&TRUSTED Unwanted:  Uid: 10029] ]
05-02 13:28:26.760  4231  4231 D TelephonyNetworkFactory[0]:   my score=50, my filter=[ Transports: CELLULAR Capabilities: MMS&SUPL&DUN&FOTA&IMS&CBS&IA&RCS&XCAP&EIMS&INTERNET&NOT_RESTRICTED&TRUSTED&NOT_VPN&ENT1&FOC&MCX&BIP Unwanted:  Specifier: <3>]
05-02 13:28:26.760  4231  4231 D TelephonyNetworkFactory[0]: evalRequest
05-02 13:28:26.760  4231  4231 D TelephonyNetworkFactory[0]:   done
05-02 13:28:26.760  4231  4231 D TelephonyNetworkFactory[1]: new score 50 for exisiting request NetworkRequest [ TRACK_DEFAULT id=1038, [ Capabilities: INTERNET&NOT_RESTRICTED&TRUSTED Unwanted:  Uid: 10029] ]
05-02 13:28:26.760  4231  4231 D TelephonyNetworkFactory[1]:   my score=50, my filter=[ Transports: CELLULAR Capabilities: MMS&SUPL&DUN&FOTA&IMS&CBS&IA&RCS&XCAP&EIMS&INTERNET&NOT_RESTRICTED&TRUSTED&NOT_VPN&ENT1&FOC&MCX&BIP Unwanted:  Specifier: <2>]
05-02 13:28:26.760  4231  4231 D TelephonyNetworkFactory[1]: evalRequest
05-02 13:28:26.760  4231  4231 D TelephonyNetworkFactory[1]:   done
05-02 13:28:26.761  4231  4231 D TelephonyNetworkFactory[0]: new score 50 for exisiting request NetworkRequest [ TRACK_DEFAULT id=1417, [ Capabilities: INTERNET&NOT_RESTRICTED&TRUSTED Unwanted:  Uid: 10197] ]
05-02 13:28:26.761  4231  4231 D TelephonyNetworkFactory[0]:   my score=50, my filter=[ Transports: CELLULAR Capabilities: MMS&SUPL&DUN&FOTA&IMS&CBS&IA&RCS&XCAP&EIMS&INTERNET&NOT_RESTRICTED&TRUSTED&NOT_VPN&ENT1&FOC&MCX&BIP Unwanted:  Specifier: <3>]
05-02 13:28:26.761  4231  4231 D TelephonyNetworkFactory[0]: evalRequest
05-02 13:28:26.761  4231  4231 D TelephonyNetworkFactory[0]:   done
05-02 13:28:26.761  4231  4231 D TelephonyNetworkFactory[0]: new score 50 for exisiting request NetworkRequest [ TRACK_DEFAULT id=1463, [ Capabilities: INTERNET&NOT_RESTRICTED&TRUSTED Unwanted:  Uid: 10209] ]
05-02 13:28:26.761  4231  4231 D TelephonyNetworkFactory[0]:   my score=50, my filter=[ Transports: CELLULAR Capabilities: MMS&SUPL&DUN&FOTA&IMS&CBS&IA&RCS&XCAP&EIMS&INTERNET&NOT_RESTRICTED&TRUSTED&NOT_VPN&ENT1&FOC&MCX&BIP Unwanted:  Specifier: <3>]
05-02 13:28:26.761  4231  4231 D TelephonyNetworkFactory[0]: evalRequest
05-02 13:28:26.761  4231  4231 D TelephonyNetworkFactory[0]:   done
05-02 13:28:26.761  4231  4231 D TelephonyNetworkFactory[0]: new score 50 for exisiting request NetworkRequest [ TRACK_DEFAULT id=1529, [ Capabilities: INTERNET&NOT_RESTRICTED&TRUSTED Unwanted:  Uid: 10057] ]
05-02 13:28:26.761  4231  4231 D TelephonyNetworkFactory[0]:   my score=50, my filter=[ Transports: CELLULAR Capabilities: MMS&SUPL&DUN&FOTA&IMS&CBS&IA&RCS&XCAP&EIMS&INTERNET&NOT_RESTRICTED&TRUSTED&NOT_VPN&ENT1&FOC&MCX&BIP Unwanted:  Specifier: <3>]
05-02 13:28:26.761  4231  4231 D TelephonyNetworkFactory[0]: evalRequest
05-02 13:28:26.761  4231  4231 D TelephonyNetworkFactory[0]:   done
05-02 13:28:26.761  4231  4231 D TelephonyNetworkFactory[0]: new score 50 for exisiting request NetworkRequest [ TRACK_DEFAULT id=1532, [ Capabilities: INTERNET&NOT_RESTRICTED&TRUSTED Unwanted:  Uid: 10057] ]
05-02 13:28:26.761  4231  4231 D TelephonyNetworkFactory[0]:   my score=50, my filter=[ Transports: CELLULAR Capabilities: MMS&SUPL&DUN&FOTA&IMS&CBS&IA&RCS&XCAP&EIMS&INTERNET&NOT_RESTRICTED&TRUSTED&NOT_VPN&ENT1&FOC&MCX&BIP Unwanted:  Specifier: <3>]
05-02 13:28:26.761  4231  4231 D TelephonyNetworkFactory[0]: evalRequest
05-02 13:28:26.761  4231  4231 D TelephonyNetworkFactory[0]:   done
05-02 13:28:26.762  4231  4231 D TelephonyNetworkFactory[1]: new score 50 for exisiting request NetworkRequest [ TRACK_DEFAULT id=1417, [ Capabilities: INTERNET&NOT_RESTRICTED&TRUSTED Unwanted:  Uid: 10197] ]
05-02 13:28:26.762  4231  4231 D TelephonyNetworkFactory[1]:   my score=50, my filter=[ Transports: CELLULAR Capabilities: MMS&SUPL&DUN&FOTA&IMS&CBS&IA&RCS&XCAP&EIMS&INTERNET&NOT_RESTRICTED&TRUSTED&NOT_VPN&ENT1&FOC&MCX&BIP Unwanted:  Specifier: <2>]
05-02 13:28:26.762  4231  4231 D TelephonyNetworkFactory[1]: evalRequest
05-02 13:28:26.762  4231  4231 D TelephonyNetworkFactory[1]:   done
05-02 13:28:26.762  4231  4231 D TelephonyNetworkFactory[1]: new score 50 for exisiting request NetworkRequest [ TRACK_DEFAULT id=1463, [ Capabilities: INTERNET&NOT_RESTRICTED&TRUSTED Unwanted:  Uid: 10209] ]
05-02 13:28:26.762  4231  4231 D TelephonyNetworkFactory[1]:   my score=50, my filter=[ Transports: CELLULAR Capabilities: MMS&SUPL&DUN&FOTA&IMS&CBS&IA&RCS&XCAP&EIMS&INTERNET&NOT_RESTRICTED&TRUSTED&NOT_VPN&ENT1&FOC&MCX&BIP Unwanted:  Specifier: <2>]
05-02 13:28:26.763  4231  4231 D TelephonyNetworkFactory[1]: evalRequest
05-02 13:28:26.763  4231  4231 D TelephonyNetworkFactory[1]:   done
05-02 13:28:26.763  4231  4231 D TelephonyNetworkFactory[1]: new score 50 for exisiting request NetworkRequest [ TRACK_DEFAULT id=1529, [ Capabilities: INTERNET&NOT_RESTRICTED&TRUSTED Unwanted:  Uid: 10057] ]
05-02 13:28:26.763  4231  4231 D TelephonyNetworkFactory[1]:   my score=50, my filter=[ Transports: CELLULAR Capabilities: MMS&SUPL&DUN&FOTA&IMS&CBS&IA&RCS&XCAP&EIMS&INTERNET&NOT_RESTRICTED&TRUSTED&NOT_VPN&ENT1&FOC&MCX&BIP Unwanted:  Specifier: <2>]
05-02 13:28:26.763  4231  4231 D TelephonyNetworkFactory[1]: evalRequest
05-02 13:28:26.763  4231  4231 D TelephonyNetworkFactory[1]:   done
05-02 13:28:26.764  4231  4231 D TelephonyNetworkFactory[0]: new score 50 for exisiting request NetworkRequest [ TRACK_DEFAULT id=1533, [ Capabilities: INTERNET&NOT_RESTRICTED&TRUSTED Unwanted:  Uid: 10212] ]
05-02 13:28:26.764  4231  4231 D TelephonyNetworkFactory[0]:   my score=50, my filter=[ Transports: CELLULAR Capabilities: MMS&SUPL&DUN&FOTA&IMS&CBS&IA&RCS&XCAP&EIMS&INTERNET&NOT_RESTRICTED&TRUSTED&NOT_VPN&ENT1&FOC&MCX&BIP Unwanted:  Specifier: <3>]
05-02 13:28:26.764  4231  4231 D TelephonyNetworkFactory[0]: evalRequest
05-02 13:28:26.764  4231  4231 D TelephonyNetworkFactory[0]:   done
05-02 13:28:26.764  4231  4231 D TelephonyNetworkFactory[0]: new score 50 for exisiting request NetworkRequest [ REQUEST id=1535, [ Transports: CELLULAR Capabilities: INTERNET&NOT_RESTRICTED&TRUSTED&NOT_VPN Unwanted:  Uid: 10212] ]
05-02 13:28:26.764  4231  4231 D TelephonyNetworkFactory[0]:   my score=50, my filter=[ Transports: CELLULAR Capabilities: MMS&SUPL&DUN&FOTA&IMS&CBS&IA&RCS&XCAP&EIMS&INTERNET&NOT_RESTRICTED&TRUSTED&NOT_VPN&ENT1&FOC&MCX&BIP Unwanted:  Specifier: <3>]
05-02 13:28:26.764  4231  4231 D TelephonyNetworkFactory[0]: evalRequest
05-02 13:28:26.764  4231  4231 D TelephonyNetworkFactory[0]:   done
05-02 13:28:26.764  4231  4231 D TelephonyNetworkFactory[0]: new score 50 for exisiting request NetworkRequest [ TRACK_DEFAULT id=1536, [ Capabilities: INTERNET&NOT_RESTRICTED&TRUSTED Unwanted:  Uid: 10212] ]
05-02 13:28:26.764  4231  4231 D TelephonyNetworkFactory[0]:   my score=50, my filter=[ Transports: CELLULAR Capabilities: MMS&SUPL&DUN&FOTA&IMS&CBS&IA&RCS&XCAP&EIMS&INTERNET&NOT_RESTRICTED&TRUSTED&NOT_VPN&ENT1&FOC&MCX&BIP Unwanted:  Specifier: <3>]
05-02 13:28:26.764  4231  4231 D TelephonyNetworkFactory[0]: evalRequest
05-02 13:28:26.764  4231  4231 D TelephonyNetworkFactory[0]:   done
05-02 13:28:26.765  4231  4231 D TelephonyNetworkFactory[1]: new score 50 for exisiting request NetworkRequest [ TRACK_DEFAULT id=1532, [ Capabilities: INTERNET&NOT_RESTRICTED&TRUSTED Unwanted:  Uid: 10057] ]
05-02 13:28:26.765  4231  4231 D TelephonyNetworkFactory[1]:   my score=50, my filter=[ Transports: CELLULAR Capabilities: MMS&SUPL&DUN&FOTA&IMS&CBS&IA&RCS&XCAP&EIMS&INTERNET&NOT_RESTRICTED&TRUSTED&NOT_VPN&ENT1&FOC&MCX&BIP Unwanted:  Specifier: <2>]
05-02 13:28:26.765  4231  4231 D TelephonyNetworkFactory[1]: evalRequest
05-02 13:28:26.765  4231  4231 D TelephonyNetworkFactory[1]:   done
05-02 13:28:26.765  4231  4231 D TelephonyNetworkFactory[0]: new score 50 for exisiting request NetworkRequest [ TRACK_DEFAULT id=1538, [ Capabilities: INTERNET&NOT_RESTRICTED&TRUSTED Unwanted:  Uid: 10212] ]
05-02 13:28:26.765  4231  4231 D TelephonyNetworkFactory[0]:   my score=50, my filter=[ Transports: CELLULAR Capabilities: MMS&SUPL&DUN&FOTA&IMS&CBS&IA&RCS&XCAP&EIMS&INTERNET&NOT_RESTRICTED&TRUSTED&NOT_VPN&ENT1&FOC&MCX&BIP Unwanted:  Specifier: <3>]
05-02 13:28:26.765  4231  4231 D TelephonyNetworkFactory[0]: evalRequest
05-02 13:28:26.765  4231  4231 D TelephonyNetworkFactory[0]:   done
